Archive member included to satisfy reference by file (symbol)

app/libapp.a(main.c.obj)      (--whole-archive)
app/libapp.a(app_boot.c.obj)  (--whole-archive)
app/libapp.a(api_ymodem.c.obj)
                              (--whole-archive)
app/libapp.a(api_uart.c.obj)  (--whole-archive)
zephyr/libzephyr.a(validate_libc.c.obj)
                              (--whole-archive)
zephyr/libzephyr.a(heap.c.obj)
                              (--whole-archive)
zephyr/libzephyr.a(boot_banner.c.obj)
                              (--whole-archive)
zephyr/libzephyr.a(cbprintf_packaged.c.obj)
                              (--whole-archive)
zephyr/libzephyr.a(clock.c.obj)
                              (--whole-archive)
zephyr/libzephyr.a(printk.c.obj)
                              (--whole-archive)
zephyr/libzephyr.a(cbprintf_complete.c.obj)
                              (--whole-archive)
zephyr/libzephyr.a(assert.c.obj)
                              (--whole-archive)
zephyr/libzephyr.a(dec.c.obj)
                              (--whole-archive)
zephyr/libzephyr.a(hex.c.obj)
                              (--whole-archive)
zephyr/libzephyr.a(rb.c.obj)  (--whole-archive)
zephyr/libzephyr.a(set.c.obj)
                              (--whole-archive)
zephyr/libzephyr.a(timeutil.c.obj)
                              (--whole-archive)
zephyr/libzephyr.a(bitarray.c.obj)
                              (--whole-archive)
zephyr/libzephyr.a(bitmask.c.obj)
                              (--whole-archive)
zephyr/libzephyr.a(getopt.c.obj)
                              (--whole-archive)
zephyr/libzephyr.a(getopt_common.c.obj)
                              (--whole-archive)
zephyr/libzephyr.a(ring_buffer.c.obj)
                              (--whole-archive)
zephyr/libzephyr.a(last_section_id.c.obj)
                              (--whole-archive)
zephyr/libzephyr.a(configs.c.obj)
                              (--whole-archive)
zephyr/libzephyr.a(stm32cube_hal.c.obj)
                              (--whole-archive)
zephyr/libzephyr.a(soc_config.c.obj)
                              (--whole-archive)
zephyr/libzephyr.a(gpioport_mgr.c.obj)
                              (--whole-archive)
zephyr/libzephyr.a(stm32_backup_domain.c.obj)
                              (--whole-archive)
zephyr/libzephyr.a(soc_m7.c.obj)
                              (--whole-archive)
zephyr/libzephyr.a(mpu_regions.c.obj)
                              (--whole-archive)
zephyr/libzephyr.a(thread_info.c.obj)
                              (--whole-archive)
zephyr/libzephyr.a(mem_attr.c.obj)
                              (--whole-archive)
zephyr/libzephyr.a(tracing_none.c.obj)
                              (--whole-archive)
zephyr/libzephyr.a(flash_util.c.obj)
                              (--whole-archive)
zephyr/libzephyr.a(sem.c.obj)
                              (--whole-archive)
zephyr/libzephyr.a(thread_entry.c.obj)
                              (--whole-archive)
zephyr/arch/common/libarch__common.a(sw_isr_common.c.obj)
                              (--whole-archive)
zephyr/arch/common/libarch__common.a(init.c.obj)
                              (--whole-archive)
zephyr/arch/common/libarch__common.a(xip.c.obj)
                              (--whole-archive)
zephyr/arch/common/libarch__common.a(instr_mem.c.obj)
                              (--whole-archive)
zephyr/arch/arch/arm/core/libarch__arm__core.a(fatal.c.obj)
                              (--whole-archive)
zephyr/arch/arch/arm/core/libarch__arm__core.a(nmi.c.obj)
                              (--whole-archive)
zephyr/arch/arch/arm/core/libarch__arm__core.a(nmi_on_reset.S.obj)
                              (--whole-archive)
zephyr/arch/arch/arm/core/libarch__arm__core.a(tls.c.obj)
                              (--whole-archive)
zephyr/arch/arch/arm/core/cortex_m/libarch__arm__core__cortex_m.a(fault.c.obj)
                              (--whole-archive)
zephyr/arch/arch/arm/core/cortex_m/libarch__arm__core__cortex_m.a(fault_s.S.obj)
                              (--whole-archive)
zephyr/arch/arch/arm/core/cortex_m/libarch__arm__core__cortex_m.a(fpu.c.obj)
                              (--whole-archive)
zephyr/arch/arch/arm/core/cortex_m/libarch__arm__core__cortex_m.a(reset.S.obj)
                              (--whole-archive)
zephyr/arch/arch/arm/core/cortex_m/libarch__arm__core__cortex_m.a(scb.c.obj)
                              (--whole-archive)
zephyr/arch/arch/arm/core/cortex_m/libarch__arm__core__cortex_m.a(vector_table.S.obj)
                              (--whole-archive)
zephyr/arch/arch/arm/core/cortex_m/libarch__arm__core__cortex_m.a(svc.S.obj)
                              (--whole-archive)
zephyr/arch/arch/arm/core/cortex_m/libarch__arm__core__cortex_m.a(irq_manage.c.obj)
                              (--whole-archive)
zephyr/arch/arch/arm/core/cortex_m/libarch__arm__core__cortex_m.a(prep_c.c.obj)
                              (--whole-archive)
[...]
Memory Configuration

Name             Origin             Length             Attributes
FLASH            0x08000000         0x00040000         xr
RAM              0x24000000         0x00080000         xw
ITCM             0x00000000         0x00010000         rw
DTCM             0x20000000         0x00020000         rw
EXTMEM           0x90000000         0x10000000         rw
SRAM0            0x24000000         0x00080000         rw
SRAM1            0x30000000         0x00020000         rw
SRAM2            0x30020000         0x00020000         rw
SRAM4            0x38000000         0x00010000         rw
SRAM3            0x30040000         0x00008000         rw
IDT_LIST         0xffff7fff         0x00008000         xw
*default*        0x00000000         0xffffffff

Linker script and memory map

                0x0800a4a0                        vfprintf = __l_vfprintf
                0x0800ae54                        vfscanf = __l_vfscanf
LOAD zephyr/CMakeFiles/zephyr_final.dir/misc/empty_file.c.obj
LOAD zephyr/CMakeFiles/zephyr_final.dir/isr_tables.c.obj
LOAD zephyr/CMakeFiles/offsets.dir/./arch/arm/core/offsets/offsets.c.obj
LOAD app/libapp.a
LOAD zephyr/libzephyr.a
LOAD zephyr/arch/common/libarch__common.a
LOAD zephyr/arch/arch/arm/core/libarch__arm__core.a
LOAD zephyr/arch/arch/arm/core/cortex_m/libarch__arm__core__cortex_m.a
LOAD zephyr/arch/arch/arm/core/mpu/libarch__arm__core__mpu.a
LOAD zephyr/lib/libc/picolibc/liblib__libc__picolibc.a
LOAD zephyr/lib/libc/common/liblib__libc__common.a
LOAD zephyr/subsys/portability/posix/c_lib_ext/libsubsys__portability__posix__c_lib_ext.a
LOAD zephyr/drivers/interrupt_controller/libdrivers__interrupt_controller.a
LOAD zephyr/drivers/clock_control/libdrivers__clock_control.a
LOAD zephyr/drivers/console/libdrivers__console.a
LOAD zephyr/drivers/dma/libdrivers__dma.a
LOAD zephyr/drivers/flash/libdrivers__flash.a
LOAD zephyr/drivers/pinctrl/libdrivers__pinctrl.a
LOAD zephyr/drivers/reset/libdrivers__reset.a
LOAD zephyr/drivers/serial/libdrivers__serial.a
LOAD zephyr/drivers/timer/libdrivers__timer.a
LOAD modules/hal_stm32/stm32cube/lib..__modules__hal__stm32__stm32cube.a
LOAD zephyr/kernel/libkernel.a
LOAD zephyr/arch/common/libisr_tables.a
LOAD C:/Users/Administrator/zephyr-sdk-1.0.1/gnu/arm-zephyr-eabi/bin/../lib/gcc/arm-zephyr-eabi/14.3.0/../../../../arm-zephyr-eabi/lib/thumb/v7e-m/nofp\libc.a
LOAD C:/Users/Administrator/zephyr-sdk-1.0.1/gnu/arm-zephyr-eabi/bin/../lib/gcc/arm-zephyr-eabi/14.3.0/thumb/v7e-m/nofp\libgcc.a
                0x00000020                        _region_min_align = 0x20

.rel.plt        0x08000000        0x0
 *(SORT_BY_ALIGNMENT(.rel.plt))
                [!provide]                        PROVIDE (__rel_iplt_start = .)
 *(SORT_BY_ALIGNMENT(.rel.iplt))
 .rel.iplt      0x08000000        0x0 zephyr/CMakeFiles/zephyr_final.dir/isr_tables.c.obj
                [!provide]                        PROVIDE (__rel_iplt_end = .)

.rela.plt       0x00000000        0x0
 *(SORT_BY_ALIGNMENT(.rela.plt))
                [!provide]                        PROVIDE (__rela_iplt_start = .)
 *(SORT_BY_ALIGNMENT(.rela.iplt))
                [!provide]                        PROVIDE (__rela_iplt_end = .)

.rel.dyn
 *(SORT_BY_ALIGNMENT(.rel.*))

.rela.dyn
 *(SORT_BY_ALIGNMENT(.rela.*))

/DISCARD/
 *(SORT_BY_ALIGNMENT(.plt))

/DISCARD/
 *(SORT_BY_ALIGNMENT(.iplt))
                0x08000000                        __rom_region_start = 0x8000000

rom_start       0x08000000      0x1dc
                0x08000000                        __rom_start_address = .
 FILL mask 0x00
                0x08000000                        . = (. + (0x0 - (. - __rom_start_address)))
                0x08000000                        . = ALIGN (0x4)
                0x08000000                        . = ALIGN (0x80)
                0x08000000                        . = ALIGN (0x200)
                0x08000000                        _vector_start = .
 *(SORT_BY_ALIGNMENT(.exc_vector_table))
 *(SORT_BY_ALIGNMENT(.exc_vector_table.*))
 .exc_vector_table._vector_table_section
                0x08000000       0x40 zephyr/arch/arch/arm/core/cortex_m/libarch__arm__core__cortex_m.a(vector_table.S.obj)
                0x08000000                _vector_table
 *(SORT_BY_ALIGNMENT(.vectors))
                0x080001dc                        _vector_end = .
                0x08000040                        . = ALIGN (0x4)
 *(SORT_BY_ALIGNMENT(.gnu.linkonce.irq_vector_table*))
 .gnu.linkonce.irq_vector_table
                0x08000040      0x19c zephyr/CMakeFiles/zephyr_final.dir/isr_tables.c.obj
                0x08000040                _irq_vector_table
                0x080001dc                        _vector_end = .

text            0x08000200    0x14808
                0x08000200                        __text_region_start = .
 *(SORT_BY_ALIGNMENT(.text))
 .text          0x08000200       0xd8 C:/Users/Administrator/zephyr-sdk-1.0.1/gnu/arm-zephyr-eabi/bin/../lib/gcc/arm-zephyr-eabi/14.3.0/../../../../arm-zephyr-eabi/lib/thumb/v7e-m/nofp\libc.a(strlen.S.o)
                0x08000200                strlen
 .text          0x080002d8      0x134 C:/Users/Administrator/zephyr-sdk-1.0.1/gnu/arm-zephyr-eabi/bin/../lib/gcc/arm-zephyr-eabi/14.3.0/../../../../arm-zephyr-eabi/lib/thumb/v7e-m/nofp\libc.a(memcpy.S.o)
                0x080002d8                __aeabi_memcpy
                0x080002d8                __aeabi_memcpy4
                0x080002d8                __aeabi_memcpy8
                0x080002d8                memcpy
 .text          0x0800040c       0x30 C:/Users/Administrator/zephyr-sdk-1.0.1/gnu/arm-zephyr-eabi/bin/../lib/gcc/arm-zephyr-eabi/14.3.0/thumb/v7e-m/nofp\libgcc.a(_aeabi_uldivmod.o)
                0x0800040c                __aeabi_uldivmod
 .text          0x0800043c        0x4 C:/Users/Administrator/zephyr-sdk-1.0.1/gnu/arm-zephyr-eabi/bin/../lib/gcc/arm-zephyr-eabi/14.3.0/thumb/v7e-m/nofp\libgcc.a(_dvmd_tls.o)
                0x0800043c                __aeabi_idiv0
                0x0800043c                __aeabi_ldiv0
 .text          0x08000440      0x2bc C:/Users/Administrator/zephyr-sdk-1.0.1/gnu/arm-zephyr-eabi/bin/../lib/gcc/arm-zephyr-eabi/14.3.0/thumb/v7e-m/nofp\libgcc.a(_udivmoddi4.o)
                0x08000440                __udivmoddi4
 *(SORT_BY_ALIGNMENT(.text.*))
 .text.z_sleep_ticks_to_int32_ms
                0x080006fc       0x28 app/libapp.a(app_boot.c.obj)
 .text.boot_flash_info_get
                0x08000724       0x8c app/libapp.a(app_boot.c.obj)
 .text.ymodem_receive_file
                0x080007b0       0xf0 app/libapp.a(app_boot.c.obj)
 .text.boot_ymodem_uart_update
                0x080008a0       0x94 app/libapp.a(app_boot.c.obj)
 .text.boot_jump_app
                0x08000934       0xc8 app/libapp.a(app_boot.c.obj)
 .text.boot_print_info
                0x080009fc       0x8c app/libapp.a(app_boot.c.obj)
 .text.boot_print_menu
                0x08000a88       0x30 app/libapp.a(app_boot.c.obj)
 .text.boot_selection
                0x08000ab8       0x5c app/libapp.a(app_boot.c.obj)
 .text.boot_auto
                0x08000b14       0x6c app/libapp.a(app_boot.c.obj)
 .text.boot_menu
                0x08000b80       0x68 app/libapp.a(app_boot.c.obj)
 .text.boot_thread
                0x08000be8       0x34 app/libapp.a(app_boot.c.obj)
 .text.boot_init
                0x08000c1c       0x64 app/libapp.a(app_boot.c.obj)
                0x08000c1c                boot_init
 .text.boot_start_thread
                0x08000c80       0x14 app/libapp.a(app_boot.c.obj)
                0x08000c80                boot_start_thread
 .text.z_sleep_ticks_to_int32_ms
                0x08000c94       0x28 app/libapp.a(api_ymodem.c.obj)
 .text.ymodem_recv_file_info
                0x08000cbc       0x60 app/libapp.a(api_ymodem.c.obj)
 .text.ymodem_recv_parser
                0x08000d1c       0xc4 app/libapp.a(api_ymodem.c.obj)
 .text.uart_dma_cb
                0x08000de0       0x9c app/libapp.a(api_uart.c.obj)
 .text.uart_dma_init
                0x08000e7c       0x70 app/libapp.a(api_uart.c.obj)
 .text.uart_interrupt_init
                0x08000eec       0x58 app/libapp.a(api_uart.c.obj)
 .text.__printk_hook_install
                0x08000f44       0x1c zephyr/libzephyr.a(printk.c.obj)
                0x08000f44                __printk_hook_install
 .text.char_out
                0x08000f60       0x20 zephyr/libzephyr.a(printk.c.obj)
 .text.vprintk_core
                0x08000f80       0x3c zephyr/libzephyr.a(printk.c.obj)
 .text.vprintk_user
                0x08000fbc       0x4c zephyr/libzephyr.a(printk.c.obj)
 .text.str_out_chars
                0x08001008       0x3c zephyr/libzephyr.a(printk.c.obj)
 .text.LL_DBGMCU_EnableD1DebugInSleepMode
                0x08001044       0x1c zephyr/libzephyr.a(soc_config.c.obj)
 .text.LL_DBGMCU_EnableD1DebugInStopMode
                0x08001060       0x1c zephyr/libzephyr.a(soc_config.c.obj)
 .text.stm32_gpioport_get
                0x0800107c       0x3c zephyr/libzephyr.a(gpioport_mgr.c.obj)
                0x0800107c                stm32_gpioport_get
 .text.stm32_gpioport_pm_action
                0x080010b8       0x5c zephyr/libzephyr.a(gpioport_mgr.c.obj)
 .text.stm32_gpioport_init
                0x08001114       0x20 zephyr/libzephyr.a(gpioport_mgr.c.obj)
 .text.LL_PWR_ConfigSupply
                0x08001134       0x28 zephyr/libzephyr.a(soc_m7.c.obj)
 .text.LL_DBGMCU_GetRevisionID
                0x0800115c       0x18 zephyr/libzephyr.a(soc_m7.c.obj)
 .text.soc_reset_hook
                0x08001174       0x3c zephyr/libzephyr.a(soc_m7.c.obj)
                0x08001174                soc_reset_hook
 .text.soc_early_init_hook
                0x080011b0       0x60 zephyr/libzephyr.a(soc_m7.c.obj)
                0x080011b0                soc_early_init_hook
 .text.mem_attr_get_regions
                0x08001210       0x20 zephyr/libzephyr.a(mem_attr.c.obj)
                0x08001210                mem_attr_get_regions
 .text.k_current_get
                0x08001230       0x18 zephyr/libzephyr.a(thread_entry.c.obj)
 .text.z_thread_entry
                0x08001248       0x38 zephyr/libzephyr.a(thread_entry.c.obj)
                0x08001248                z_thread_entry
 .text.arch_bss_zero
                0x08001280       0x38 zephyr/arch/common/libarch__common.a(init.c.obj)
                0x08001280                arch_bss_zero
 .text.arch_data_copy
                0x080012b8       0x5c zephyr/arch/common/libarch__common.a(xip.c.obj)
                0x080012b8                arch_data_copy
 .text.esf_dump
                0x08001314       0x6c zephyr/arch/arch/arm/core/libarch__arm__core.a(fatal.c.obj)
 .text.z_arm_fatal_error
                0x08001380       0x48 zephyr/arch/arch/arm/core/libarch__arm__core.a(fatal.c.obj)
                0x08001380                z_arm_fatal_error
 .text.z_SysNmiOnReset
                0x080013c8        0x8 zephyr/arch/arch/arm/core/libarch__arm__core.a(nmi_on_reset.S.obj)
                0x080013c8                z_SysNmiOnReset
 .text.z_tls_data_size
                0x080013d0       0x24 zephyr/arch/arch/arm/core/libarch__arm__core.a(tls.c.obj)
 .text.z_tls_copy
                0x080013f4       0x3c zephyr/arch/arch/arm/core/libarch__arm__core.a(tls.c.obj)
 .text.mem_manage_fault
                0x08001430      0x174 zephyr/arch/arch/arm/core/cortex_m/libarch__arm__core__cortex_m.a(fault.c.obj)
 .text.bus_fault
                0x080015a4      0x130 zephyr/arch/arch/arm/core/cortex_m/libarch__arm__core__cortex_m.a(fault.c.obj)
 .text.usage_fault
                0x080016d4       0xec zephyr/arch/arch/arm/core/cortex_m/libarch__arm__core__cortex_m.a(fault.c.obj)
 .text.debug_monitor
                0x080017c0       0x28 zephyr/arch/arch/arm/core/cortex_m/libarch__arm__core__cortex_m.a(fault.c.obj)
 .text.z_arm_is_synchronous_svc
                0x080017e8       0x80 zephyr/arch/arch/arm/core/cortex_m/libarch__arm__core__cortex_m.a(fault.c.obj)
 .text.hard_fault
                0x08001868       0xf0 zephyr/arch/arch/arm/core/cortex_m/libarch__arm__core__cortex_m.a(fault.c.obj)
 .text.reserved_exception
                0x08001958       0x3c zephyr/arch/arch/arm/core/cortex_m/libarch__arm__core__cortex_m.a(fault.c.obj)
 .text.fault_handle
                0x08001994       0xbc zephyr/arch/arch/arm/core/cortex_m/libarch__arm__core__cortex_m.a(fault.c.obj)
 .text.get_esf  0x08001a50       0x88 zephyr/arch/arch/arm/core/cortex_m/libarch__arm__core__cortex_m.a(fault.c.obj)
 .text.z_arm_fault
                0x08001ad8       0xe0 zephyr/arch/arch/arm/core/cortex_m/libarch__arm__core__cortex_m.a(fault.c.obj)
                0x08001ad8                z_arm_fault
 .text.z_arm_fault_init
                0x08001bb8       0x28 zephyr/arch/arch/arm/core/cortex_m/libarch__arm__core__cortex_m.a(fault.c.obj)
                0x08001bb8                z_arm_fault_init
 .text.__fault  0x08001be0       0x14 zephyr/arch/arch/arm/core/cortex_m/libarch__arm__core__cortex_m.a(fault_s.S.obj)
                0x08001be0                z_arm_usage_fault
                0x08001be0                z_arm_mpu_fault
                0x08001be0                z_arm_exc_spurious
                0x08001be0                z_arm_debug_monitor
                0x08001be0                z_arm_hard_fault
                0x08001be0                z_arm_bus_fault
 .text._reset_section
                0x08001bf4       0x44 zephyr/arch/arch/arm/core/cortex_m/libarch__arm__core__cortex_m.a(reset.S.obj)
                0x08001bf4                __start
                0x08001bf4                z_arm_reset
 .text.z_arm_svc
                0x08001c38       0x24 zephyr/arch/arch/arm/core/cortex_m/libarch__arm__core__cortex_m.a(svc.S.obj)
                0x08001c38                z_arm_svc
 .text.__NVIC_EnableIRQ
                0x08001c5c       0x38 zephyr/arch/arch/arm/core/cortex_m/libarch__arm__core__cortex_m.a(irq_manage.c.obj)
 .text.__NVIC_SetPriority
                0x08001c94       0x54 zephyr/arch/arch/arm/core/cortex_m/libarch__arm__core__cortex_m.a(irq_manage.c.obj)
 .text.relocate_vector_table
                0x08001ce8       0x34 zephyr/arch/arch/arm/core/cortex_m/libarch__arm__core__cortex_m.a(prep_c.c.obj)
                0x08001ce8                relocate_vector_table
 .text.z_arm_floating_point_init
                0x08001d1c       0x40 zephyr/arch/arch/arm/core/cortex_m/libarch__arm__core__cortex_m.a(prep_c.c.obj)
 .text.arch_new_thread
                0x08001d5c       0x68 zephyr/arch/arch/arm/core/cortex_m/libarch__arm__core__cortex_m.a(thread.c.obj)
                0x08001d5c                arch_new_thread
 .text.min_stack
                0x08001dc4       0x8c zephyr/arch/arch/arm/core/cortex_m/libarch__arm__core__cortex_m.a(thread.c.obj)
 .text.arch_switch_to_main_thread
                0x08001e50       0x54 zephyr/arch/arch/arm/core/cortex_m/libarch__arm__core__cortex_m.a(thread.c.obj)
                0x08001e50                arch_switch_to_main_thread
 .text.z_arm_cpu_idle_init
                0x08001ea4       0x18 zephyr/arch/arch/arm/core/cortex_m/libarch__arm__core__cortex_m.a(cpu_idle.c.obj)
                0x08001ea4                z_arm_cpu_idle_init
 .text._HandlerModeExit
                0x08001ebc       0x2c zephyr/arch/arch/arm/core/cortex_m/libarch__arm__core__cortex_m.a(exc_exit.c.obj)
                0x08001ebc                z_arm_int_exit
                0x08001ebc                z_arm_exc_exit
 .text.z_impl_k_thread_abort
                0x08001ee8       0x58 zephyr/arch/arch/arm/core/cortex_m/libarch__arm__core__cortex_m.a(thread_abort.c.obj)
                0x08001ee8                z_impl_k_thread_abort
 .text.z_arm_pendsv
                0x08001f40       0x64 zephyr/arch/arch/arm/core/cortex_m/libarch__arm__core__cortex_m.a(swap_helper.S.obj)
                0x08001f40                z_arm_pendsv
 .text.__NVIC_SetPriority
                0x08001fa4       0x54 zephyr/arch/arch/arm/core/cortex_m/libarch__arm__core__cortex_m.a(irq_init.c.obj)
 .text._isr_wrapper
                0x08001ff8       0x3c zephyr/arch/arch/arm/core/cortex_m/libarch__arm__core__cortex_m.a(isr_wrapper.c.obj)
                0x08001ff8                _isr_wrapper
 .text.__aeabi_read_tp
                0x08002034        0xc zephyr/arch/arch/arm/core/cortex_m/libarch__arm__core__cortex_m.a(__aeabi_read_tp.S.obj)
                0x08002034                __aeabi_read_tp
 .text.arch_icache_enable
                0x08002040       0x58 zephyr/arch/arch/arm/core/cortex_m/libarch__arm__core__cortex_m.a(cache.c.obj)
                0x08002040                arch_icache_enable
 .text.z_arm_configure_static_mpu_regions
                0x08002098       0x20 zephyr/arch/arch/arm/core/mpu/libarch__arm__core__mpu.a(arm_core_mpu.c.obj)
                0x08002098                z_arm_configure_static_mpu_regions
 .text.z_arm_configure_dynamic_mpu_regions
                0x080020b8       0x78 zephyr/arch/arch/arm/core/mpu/libarch__arm__core__mpu.a(arm_core_mpu.c.obj)
                0x080020b8                z_arm_configure_dynamic_mpu_regions
 .text.ARM_MPU_ClrRegion
                0x08002130       0x24 zephyr/arch/arch/arm/core/mpu/libarch__arm__core__mpu.a(arm_mpu.c.obj)
 .text.get_num_regions
                0x08002154       0x28 zephyr/arch/arch/arm/core/mpu/libarch__arm__core__mpu.a(arm_mpu.c.obj)
 .text.set_region_number
                0x0800217c       0x1c zephyr/arch/arch/arm/core/mpu/libarch__arm__core__mpu.a(arm_mpu.c.obj)
 .text.region_init
                0x08002198       0x40 zephyr/arch/arch/arm/core/mpu/libarch__arm__core__mpu.a(arm_mpu.c.obj)
 .text.mpu_configure_static_mpu_regions
                0x080021d8       0x3c zephyr/arch/arch/arm/core/mpu/libarch__arm__core__mpu.a(arm_mpu.c.obj)
 .text.mpu_configure_dynamic_mpu_regions
                0x08002214       0x5c zephyr/arch/arch/arm/core/mpu/libarch__arm__core__mpu.a(arm_mpu.c.obj)
 .text.mpu_configure_regions_from_dt
                0x08002270      0x240 zephyr/arch/arch/arm/core/mpu/libarch__arm__core__mpu.a(arm_mpu.c.obj)
 .text.arm_core_mpu_enable
                0x080024b0       0x2c zephyr/arch/arch/arm/core/mpu/libarch__arm__core__mpu.a(arm_mpu.c.obj)
                0x080024b0                arm_core_mpu_enable
 .text.arm_core_mpu_disable
                0x080024dc       0x20 zephyr/arch/arch/arm/core/mpu/libarch__arm__core__mpu.a(arm_mpu.c.obj)
                0x080024dc                arm_core_mpu_disable
 .text.z_arm_mpu_init
                0x080024fc       0xac zephyr/arch/arch/arm/core/mpu/libarch__arm__core__mpu.a(arm_mpu.c.obj)
                0x080024fc                z_arm_mpu_init
 .text.z_impl_zephyr_fputc
                0x080025a8       0x20 zephyr/lib/libc/picolibc/liblib__libc__picolibc.a(stdio.c.obj)
                0x080025a8                z_impl_zephyr_fputc
 .text.__stdout_hook_install
                0x080025c8       0x30 zephyr/lib/libc/picolibc/liblib__libc__picolibc.a(stdio.c.obj)
                0x080025c8                __stdout_hook_install
 .text.malloc_prepare
                0x080025f8       0x44 zephyr/lib/libc/common/liblib__libc__common.a(malloc.c.obj)
 .text.stm32_exti_enable_clocks
                0x0800263c       0x38 zephyr/drivers/interrupt_controller/libdrivers__interrupt_controller.a(intc_exti_stm32.c.obj)
 .text.stm32_intc_gpio_isr
                0x08002674       0x84 zephyr/drivers/interrupt_controller/libdrivers__interrupt_controller.a(intc_gpio_stm32.c.obj)
 .text.stm32_fill_irq_table
                0x080026f8       0x48 zephyr/drivers/interrupt_controller/libdrivers__interrupt_controller.a(intc_gpio_stm32.c.obj)
 .text.stm32_exti_gpio_intc_init
                0x08002740       0xf8 zephyr/drivers/interrupt_controller/libdrivers__interrupt_controller.a(intc_gpio_stm32.c.obj)
 .text.LL_AHB4_GRP1_EnableClock
                0x08002838       0x34 zephyr/drivers/clock_control/libdrivers__clock_control.a(clock_stm32_ll_h7.c.obj)
 .text.LL_APB4_GRP1_EnableClock
                0x0800286c       0x34 zephyr/drivers/clock_control/libdrivers__clock_control.a(clock_stm32_ll_h7.c.obj)
 .text.LL_PWR_SetRegulVoltageScaling
                0x080028a0       0x28 zephyr/drivers/clock_control/libdrivers__clock_control.a(clock_stm32_ll_h7.c.obj)
 .text.LL_PWR_IsActiveFlag_VOS
                0x080028c8       0x24 zephyr/drivers/clock_control/libdrivers__clock_control.a(clock_stm32_ll_h7.c.obj)
 .text.LL_RCC_HSE_DisableBypass
                0x080028ec       0x1c zephyr/drivers/clock_control/libdrivers__clock_control.a(clock_stm32_ll_h7.c.obj)
 .text.LL_RCC_HSE_Enable
                0x08002908       0x1c zephyr/drivers/clock_control/libdrivers__clock_control.a(clock_stm32_ll_h7.c.obj)
 .text.LL_RCC_HSE_IsReady
                0x08002924       0x24 zephyr/drivers/clock_control/libdrivers__clock_control.a(clock_stm32_ll_h7.c.obj)
 .text.LL_RCC_HSI_Enable
                0x08002948       0x1c zephyr/drivers/clock_control/libdrivers__clock_control.a(clock_stm32_ll_h7.c.obj)
 .text.LL_RCC_HSI_IsReady
                0x08002964       0x24 zephyr/drivers/clock_control/libdrivers__clock_control.a(clock_stm32_ll_h7.c.obj)
 .text.LL_RCC_HSI48_Enable
                0x08002988       0x1c zephyr/drivers/clock_control/libdrivers__clock_control.a(clock_stm32_ll_h7.c.obj)
 .text.LL_RCC_HSI48_IsReady
                0x080029a4       0x24 zephyr/drivers/clock_control/libdrivers__clock_control.a(clock_stm32_ll_h7.c.obj)
 .text.LL_RCC_LSI_Enable
                0x080029c8       0x1c zephyr/drivers/clock_control/libdrivers__clock_control.a(clock_stm32_ll_h7.c.obj)
 .text.LL_RCC_LSI_IsReady
                0x080029e4       0x24 zephyr/drivers/clock_control/libdrivers__clock_control.a(clock_stm32_ll_h7.c.obj)
 .text.LL_RCC_SetSysClkSource
                0x08002a08       0x28 zephyr/drivers/clock_control/libdrivers__clock_control.a(clock_stm32_ll_h7.c.obj)
 .text.LL_RCC_GetSysClkSource
                0x08002a30       0x18 zephyr/drivers/clock_control/libdrivers__clock_control.a(clock_stm32_ll_h7.c.obj)
 .text.LL_RCC_SetSysPrescaler
                0x08002a48       0x28 zephyr/drivers/clock_control/libdrivers__clock_control.a(clock_stm32_ll_h7.c.obj)
 .text.LL_RCC_SetAHBPrescaler
                0x08002a70       0x28 zephyr/drivers/clock_control/libdrivers__clock_control.a(clock_stm32_ll_h7.c.obj)
 .text.LL_RCC_SetAPB1Prescaler
                0x08002a98       0x28 zephyr/drivers/clock_control/libdrivers__clock_control.a(clock_stm32_ll_h7.c.obj)
 .text.LL_RCC_SetAPB2Prescaler
                0x08002ac0       0x28 zephyr/drivers/clock_control/libdrivers__clock_control.a(clock_stm32_ll_h7.c.obj)
 .text.LL_RCC_SetAPB3Prescaler
                0x08002ae8       0x28 zephyr/drivers/clock_control/libdrivers__clock_control.a(clock_stm32_ll_h7.c.obj)
 .text.LL_RCC_SetAPB4Prescaler
                0x08002b10       0x28 zephyr/drivers/clock_control/libdrivers__clock_control.a(clock_stm32_ll_h7.c.obj)
 .text.LL_RCC_SetTIMPrescaler
                0x08002b38       0x28 zephyr/drivers/clock_control/libdrivers__clock_control.a(clock_stm32_ll_h7.c.obj)
 .text.LL_RCC_PLL_SetSource
                0x08002b60       0x28 zephyr/drivers/clock_control/libdrivers__clock_control.a(clock_stm32_ll_h7.c.obj)
 .text.LL_RCC_PLL1_Enable
                0x08002b88       0x1c zephyr/drivers/clock_control/libdrivers__clock_control.a(clock_stm32_ll_h7.c.obj)
 .text.LL_RCC_PLL1_Disable
                0x08002ba4       0x1c zephyr/drivers/clock_control/libdrivers__clock_control.a(clock_stm32_ll_h7.c.obj)
 .text.LL_RCC_PLL1_IsReady
                0x08002bc0       0x24 zephyr/drivers/clock_control/libdrivers__clock_control.a(clock_stm32_ll_h7.c.obj)
 .text.LL_RCC_PLL1P_Enable
                0x08002be4       0x1c zephyr/drivers/clock_control/libdrivers__clock_control.a(clock_stm32_ll_h7.c.obj)
 .text.LL_RCC_PLL1Q_Enable
                0x08002c00       0x1c zephyr/drivers/clock_control/libdrivers__clock_control.a(clock_stm32_ll_h7.c.obj)
 .text.LL_RCC_PLL1R_Enable
                0x08002c1c       0x1c zephyr/drivers/clock_control/libdrivers__clock_control.a(clock_stm32_ll_h7.c.obj)
 .text.LL_RCC_PLL1FRACN_Disable
                0x08002c38       0x1c zephyr/drivers/clock_control/libdrivers__clock_control.a(clock_stm32_ll_h7.c.obj)
 .text.LL_RCC_PLL1_SetVCOOutputRange
                0x08002c54       0x28 zephyr/drivers/clock_control/libdrivers__clock_control.a(clock_stm32_ll_h7.c.obj)
 .text.LL_RCC_PLL1_SetVCOInputRange
                0x08002c7c       0x28 zephyr/drivers/clock_control/libdrivers__clock_control.a(clock_stm32_ll_h7.c.obj)
 .text.LL_RCC_PLL1_SetN
                0x08002ca4       0x2c zephyr/drivers/clock_control/libdrivers__clock_control.a(clock_stm32_ll_h7.c.obj)
 .text.LL_RCC_PLL1_SetM
                0x08002cd0       0x28 zephyr/drivers/clock_control/libdrivers__clock_control.a(clock_stm32_ll_h7.c.obj)
 .text.LL_RCC_PLL1_SetP
                0x08002cf8       0x2c zephyr/drivers/clock_control/libdrivers__clock_control.a(clock_stm32_ll_h7.c.obj)
 .text.LL_RCC_PLL1_SetQ
                0x08002d24       0x2c zephyr/drivers/clock_control/libdrivers__clock_control.a(clock_stm32_ll_h7.c.obj)
 .text.LL_RCC_PLL1_SetR
                0x08002d50       0x2c zephyr/drivers/clock_control/libdrivers__clock_control.a(clock_stm32_ll_h7.c.obj)
 .text.LL_RCC_PLL2_Enable
                0x08002d7c       0x1c zephyr/drivers/clock_control/libdrivers__clock_control.a(clock_stm32_ll_h7.c.obj)
 .text.LL_RCC_PLL2_Disable
                0x08002d98       0x1c zephyr/drivers/clock_control/libdrivers__clock_control.a(clock_stm32_ll_h7.c.obj)
 .text.LL_RCC_PLL2_IsReady
                0x08002db4       0x24 zephyr/drivers/clock_control/libdrivers__clock_control.a(clock_stm32_ll_h7.c.obj)
 .text.LL_RCC_PLL2P_Enable
                0x08002dd8       0x1c zephyr/drivers/clock_control/libdrivers__clock_control.a(clock_stm32_ll_h7.c.obj)
 .text.LL_RCC_PLL2Q_Enable
                0x08002df4       0x1c zephyr/drivers/clock_control/libdrivers__clock_control.a(clock_stm32_ll_h7.c.obj)
 .text.LL_RCC_PLL2R_Enable
                0x08002e10       0x1c zephyr/drivers/clock_control/libdrivers__clock_control.a(clock_stm32_ll_h7.c.obj)
 .text.LL_RCC_PLL2FRACN_Disable
                0x08002e2c       0x1c zephyr/drivers/clock_control/libdrivers__clock_control.a(clock_stm32_ll_h7.c.obj)
 .text.LL_RCC_PLL2_SetVCOOutputRange
                0x08002e48       0x28 zephyr/drivers/clock_control/libdrivers__clock_control.a(clock_stm32_ll_h7.c.obj)
 .text.LL_RCC_PLL2_SetVCOInputRange
                0x08002e70       0x28 zephyr/drivers/clock_control/libdrivers__clock_control.a(clock_stm32_ll_h7.c.obj)
 .text.LL_RCC_PLL2_SetN
                0x08002e98       0x2c zephyr/drivers/clock_control/libdrivers__clock_control.a(clock_stm32_ll_h7.c.obj)
 .text.LL_RCC_PLL2_SetM
                0x08002ec4       0x28 zephyr/drivers/clock_control/libdrivers__clock_control.a(clock_stm32_ll_h7.c.obj)
 .text.LL_RCC_PLL2_SetP
                0x08002eec       0x2c zephyr/drivers/clock_control/libdrivers__clock_control.a(clock_stm32_ll_h7.c.obj)
 .text.LL_RCC_PLL2_SetQ
                0x08002f18       0x2c zephyr/drivers/clock_control/libdrivers__clock_control.a(clock_stm32_ll_h7.c.obj)
 .text.LL_RCC_PLL2_SetR
                0x08002f44       0x2c zephyr/drivers/clock_control/libdrivers__clock_control.a(clock_stm32_ll_h7.c.obj)
 .text.LL_RCC_PLL3_Enable
                0x08002f70       0x1c zephyr/drivers/clock_control/libdrivers__clock_control.a(clock_stm32_ll_h7.c.obj)
 .text.LL_RCC_PLL3_Disable
                0x08002f8c       0x1c zephyr/drivers/clock_control/libdrivers__clock_control.a(clock_stm32_ll_h7.c.obj)
 .text.LL_RCC_PLL3_IsReady
                0x08002fa8       0x24 zephyr/drivers/clock_control/libdrivers__clock_control.a(clock_stm32_ll_h7.c.obj)
 .text.LL_RCC_PLL3P_Enable
                0x08002fcc       0x1c zephyr/drivers/clock_control/libdrivers__clock_control.a(clock_stm32_ll_h7.c.obj)
 .text.LL_RCC_PLL3Q_Enable
                0x08002fe8       0x1c zephyr/drivers/clock_control/libdrivers__clock_control.a(clock_stm32_ll_h7.c.obj)
 .text.LL_RCC_PLL3R_Enable
                0x08003004       0x1c zephyr/drivers/clock_control/libdrivers__clock_control.a(clock_stm32_ll_h7.c.obj)
 .text.LL_RCC_PLL3FRACN_Disable
                0x08003020       0x1c zephyr/drivers/clock_control/libdrivers__clock_control.a(clock_stm32_ll_h7.c.obj)
 .text.LL_RCC_PLL3_SetVCOOutputRange
                0x0800303c       0x28 zephyr/drivers/clock_control/libdrivers__clock_control.a(clock_stm32_ll_h7.c.obj)
 .text.LL_RCC_PLL3_SetVCOInputRange
                0x08003064       0x28 zephyr/drivers/clock_control/libdrivers__clock_control.a(clock_stm32_ll_h7.c.obj)
 .text.LL_RCC_PLL3_SetN
                0x0800308c       0x2c zephyr/drivers/clock_control/libdrivers__clock_control.a(clock_stm32_ll_h7.c.obj)
 .text.LL_RCC_PLL3_SetM
                0x080030b8       0x28 zephyr/drivers/clock_control/libdrivers__clock_control.a(clock_stm32_ll_h7.c.obj)
 .text.LL_RCC_PLL3_SetP
                0x080030e0       0x2c zephyr/drivers/clock_control/libdrivers__clock_control.a(clock_stm32_ll_h7.c.obj)
 .text.LL_RCC_PLL3_SetQ
                0x0800310c       0x2c zephyr/drivers/clock_control/libdrivers__clock_control.a(clock_stm32_ll_h7.c.obj)
 .text.LL_RCC_PLL3_SetR
                0x08003138       0x2c zephyr/drivers/clock_control/libdrivers__clock_control.a(clock_stm32_ll_h7.c.obj)
 .text.get_pllsrc_frequency
                0x08003164       0x14 zephyr/drivers/clock_control/libdrivers__clock_control.a(clock_stm32_ll_h7.c.obj)
 .text.get_startup_hclk_frequency
                0x08003178       0xb4 zephyr/drivers/clock_control/libdrivers__clock_control.a(clock_stm32_ll_h7.c.obj)
 .text.prepare_regulator_voltage_scale
                0x0800322c       0x5c zephyr/drivers/clock_control/libdrivers__clock_control.a(clock_stm32_ll_h7.c.obj)
 .text.get_vco_input_range
                0x08003288       0xa0 zephyr/drivers/clock_control/libdrivers__clock_control.a(clock_stm32_ll_h7.c.obj)
 .text.stm32_clock_control_on
                0x08003328       0x94 zephyr/drivers/clock_control/libdrivers__clock_control.a(clock_stm32_ll_h7.c.obj)
 .text.stm32_clock_control_off
                0x080033bc       0x7c zephyr/drivers/clock_control/libdrivers__clock_control.a(clock_stm32_ll_h7.c.obj)
 .text.stm32_clock_control_configure
                0x08003438       0xcc zephyr/drivers/clock_control/libdrivers__clock_control.a(clock_stm32_ll_h7.c.obj)
 .text.stm32_clock_control_get_subsys_rate
                0x08003504      0x2c8 zephyr/drivers/clock_control/libdrivers__clock_control.a(clock_stm32_ll_h7.c.obj)
 .text.stm32_clock_control_get_status
                0x080037cc       0x88 zephyr/drivers/clock_control/libdrivers__clock_control.a(clock_stm32_ll_h7.c.obj)
 .text.stm32_clock_control_init
                0x08003854       0xc4 zephyr/drivers/clock_control/libdrivers__clock_control.a(clock_stm32_ll_h7.c.obj)
                0x08003854                stm32_clock_control_init
 .text.console_out
                0x08003918       0x58 zephyr/drivers/console/libdrivers__console.a(uart_console.c.obj)
 .text.uart_console_hook_install
                0x08003970       0x18 zephyr/drivers/console/libdrivers__console.a(uart_console.c.obj)
 .text.uart_console_init
                0x08003988       0x2c zephyr/drivers/console/libdrivers__console.a(uart_console.c.obj)
 .text.dmamux_stm32_init
                0x080039b4       0x64 zephyr/drivers/dma/libdrivers__dma.a(dmamux_stm32.c.obj)
 .text.LL_DMA_SetDataLength
                0x08003a18       0x4c zephyr/drivers/dma/libdrivers__dma.a(dma_stm32.c.obj)
 .text.LL_DMA_GetDataLength
                0x08003a64       0x30 zephyr/drivers/dma/libdrivers__dma.a(dma_stm32.c.obj)
 .text.LL_DMA_DisableFifoMode
                0x08003a94       0x40 zephyr/drivers/dma/libdrivers__dma.a(dma_stm32.c.obj)
 .text.LL_DMA_EnableFifoMode
                0x08003ad4       0x40 zephyr/drivers/dma/libdrivers__dma.a(dma_stm32.c.obj)
 .text.LL_DMA_SetMemoryAddress
                0x08003b14       0x34 zephyr/drivers/dma/libdrivers__dma.a(dma_stm32.c.obj)
 .text.LL_DMA_SetPeriphAddress
                0x08003b48       0x34 zephyr/drivers/dma/libdrivers__dma.a(dma_stm32.c.obj)
 .text.LL_DMA_EnableIT_HT
                0x08003b7c       0x40 zephyr/drivers/dma/libdrivers__dma.a(dma_stm32.c.obj)
 .text.LL_DMA_EnableIT_TE
                0x08003bbc       0x40 zephyr/drivers/dma/libdrivers__dma.a(dma_stm32.c.obj)
 .text.LL_DMA_EnableIT_TC
                0x08003bfc       0x40 zephyr/drivers/dma/libdrivers__dma.a(dma_stm32.c.obj)
 .text.LL_DMA_DisableIT_TC
                0x08003c3c       0x40 zephyr/drivers/dma/libdrivers__dma.a(dma_stm32.c.obj)
 .text.LL_DMA_DisableIT_FE
                0x08003c7c       0x40 zephyr/drivers/dma/libdrivers__dma.a(dma_stm32.c.obj)
 .text.z_sleep_ticks_to_int32_ms
                0x08003cbc       0x28 zephyr/drivers/dma/libdrivers__dma.a(dma_stm32.c.obj)
 .text.dma_stm32_get_priority
                0x08003ce4       0x64 zephyr/drivers/dma/libdrivers__dma.a(dma_stm32.c.obj)
 .text.dma_stm32_configure
                0x08003d48      0x4c4 zephyr/drivers/dma/libdrivers__dma.a(dma_stm32.c.obj)
 .text.dma_stm32_init
                0x0800420c       0x94 zephyr/drivers/dma/libdrivers__dma.a(dma_stm32.c.obj)
 .text.LL_DMA_EnableStream
                0x080042a0       0x40 zephyr/drivers/dma/libdrivers__dma.a(dma_stm32_v1.c.obj)
 .text.LL_DMA_DisableStream
                0x080042e0       0x40 zephyr/drivers/dma/libdrivers__dma.a(dma_stm32_v1.c.obj)
 .text.LL_DMA_IsEnabledStream
                0x08004320       0x3c zephyr/drivers/dma/libdrivers__dma.a(dma_stm32_v1.c.obj)
 .text.LL_DMA_DisableIT_FE
                0x0800435c       0x40 zephyr/drivers/dma/libdrivers__dma.a(dma_stm32_v1.c.obj)
 .text.LL_DMA_IsEnabledIT_HT
                0x0800439c       0x3c zephyr/drivers/dma/libdrivers__dma.a(dma_stm32_v1.c.obj)
 .text.LL_DMA_IsEnabledIT_TC
                0x080043d8       0x3c zephyr/drivers/dma/libdrivers__dma.a(dma_stm32_v1.c.obj)
 .text.LL_DMA_IsEnabledIT_FE
                0x08004414       0x3c zephyr/drivers/dma/libdrivers__dma.a(dma_stm32_v1.c.obj)
 .text.dma_stm32_id_to_stream
                0x08004450       0x20 zephyr/drivers/dma/libdrivers__dma.a(dma_stm32_v1.c.obj)
                0x08004450                dma_stm32_id_to_stream
 .text.dma_stm32_clear_ht
                0x08004470       0x24 zephyr/drivers/dma/libdrivers__dma.a(dma_stm32_v1.c.obj)
                0x08004470                dma_stm32_clear_ht
 .text.dma_stm32_clear_tc
                0x08004494       0x24 zephyr/drivers/dma/libdrivers__dma.a(dma_stm32_v1.c.obj)
                0x08004494                dma_stm32_clear_tc
 .text.dma_stm32_is_ht_active
                0x080044b8       0x30 zephyr/drivers/dma/libdrivers__dma.a(dma_stm32_v1.c.obj)
                0x080044b8                dma_stm32_is_ht_active
 .text.dma_stm32_is_tc_active
                0x080044e8       0x30 zephyr/drivers/dma/libdrivers__dma.a(dma_stm32_v1.c.obj)
                0x080044e8                dma_stm32_is_tc_active
 .text.dma_stm32_clear_te
                0x08004518       0x24 zephyr/drivers/dma/libdrivers__dma.a(dma_stm32_v1.c.obj)
                0x08004518                dma_stm32_clear_te
 .text.dma_stm32_clear_dme
                0x0800453c       0x24 zephyr/drivers/dma/libdrivers__dma.a(dma_stm32_v1.c.obj)
                0x0800453c                dma_stm32_clear_dme
 .text.dma_stm32_clear_fe
                0x08004560       0x24 zephyr/drivers/dma/libdrivers__dma.a(dma_stm32_v1.c.obj)
                0x08004560                dma_stm32_clear_fe
 .text.dma_stm32_is_fe_active
                0x08004584       0x30 zephyr/drivers/dma/libdrivers__dma.a(dma_stm32_v1.c.obj)
                0x08004584                dma_stm32_is_fe_active
 .text.stm32_dma_get_mburst
                0x080045b4       0xa8 zephyr/drivers/dma/libdrivers__dma.a(dma_stm32_v1.c.obj)
                0x080045b4                stm32_dma_get_mburst
 .text.stm32_dma_get_pburst
                0x0800465c       0xa8 zephyr/drivers/dma/libdrivers__dma.a(dma_stm32_v1.c.obj)
                0x0800465c                stm32_dma_get_pburst
 .text.stm32_dma_get_fifo_threshold
                0x08004704       0x48 zephyr/drivers/dma/libdrivers__dma.a(dma_stm32_v1.c.obj)
                0x08004704                stm32_dma_get_fifo_threshold
 .text.LL_GetFlashSize
                0x0800474c       0x18 zephyr/drivers/flash/libdrivers__flash.a(flash_stm32h7x.c.obj)
 .text.flash_stm32_check_status
                0x08004764       0xc0 zephyr/drivers/flash/libdrivers__flash.a(flash_stm32h7x.c.obj)
 .text.flash_stm32_wait_flash_idle
                0x08004824       0x7c zephyr/drivers/flash/libdrivers__flash.a(flash_stm32h7x.c.obj)
                0x08004824                flash_stm32_wait_flash_idle
 .text.get_sector
                0x080048a0      0x118 zephyr/drivers/flash/libdrivers__flash.a(flash_stm32h7x.c.obj)
 .text.erase_sector
                0x080049b8       0xa4 zephyr/drivers/flash/libdrivers__flash.a(flash_stm32h7x.c.obj)
 .text.flash_stm32h7_cr_lock
                0x08004a5c       0xac zephyr/drivers/flash/libdrivers__flash.a(flash_stm32h7x.c.obj)
 .text.flash_stm32h7_flush_caches
                0x08004b08       0x7c zephyr/drivers/flash/libdrivers__flash.a(flash_stm32h7x.c.obj)
 .text.flash_stm32h7_erase
                0x08004b84       0xb4 zephyr/drivers/flash/libdrivers__flash.a(flash_stm32h7x.c.obj)
 .text.flash_stm32h7_read
                0x08004c38       0xf0 zephyr/drivers/flash/libdrivers__flash.a(flash_stm32h7x.c.obj)
 .text.flash_stm32h7_get_parameters
                0x08004d28       0x18 zephyr/drivers/flash/libdrivers__flash.a(flash_stm32h7x.c.obj)
 .text.flash_stm32_page_layout
                0x08004d40       0x3c zephyr/drivers/flash/libdrivers__flash.a(flash_stm32h7x.c.obj)
                0x08004d40                flash_stm32_page_layout
 .text.LL_USART_ConfigCharacter
                0x08004d7c       0x40 zephyr/drivers/serial/libdrivers__serial.a(uart_stm32.c.obj)
 .text.LL_USART_SetBaudRate
                0x08004dbc       0x9c zephyr/drivers/serial/libdrivers__serial.a(uart_stm32.c.obj)
 .text.uart_stm32_configure
                0x08004e58      0x1b4 zephyr/drivers/serial/libdrivers__serial.a(uart_stm32.c.obj)
 .text.uart_stm32_poll_in
                0x0800500c       0x24 zephyr/drivers/serial/libdrivers__serial.a(uart_stm32.c.obj)
 .text.uart_stm32_poll_out
                0x08005030       0x28 zephyr/drivers/serial/libdrivers__serial.a(uart_stm32.c.obj)
 .text.uart_stm32_fifo_fill
                0x08005058       0x4c zephyr/drivers/serial/libdrivers__serial.a(uart_stm32.c.obj)
 .text.uart_stm32_fifo_read
                0x080050a4       0x4c zephyr/drivers/serial/libdrivers__serial.a(uart_stm32.c.obj)
 .text.uart_stm32_irq_err_enable
                0x080050f0       0x90 zephyr/drivers/serial/libdrivers__serial.a(uart_stm32.c.obj)
 .text.uart_stm32_irq_err_disable
                0x08005180       0x90 zephyr/drivers/serial/libdrivers__serial.a(uart_stm32.c.obj)
 .text.set_timeout_itr
                0x08005210       0xd0 zephyr/drivers/serial/libdrivers__serial.a(uart_stm32.c.obj)
 .text.uart_stm32_async_init
                0x080052e0      0x264 zephyr/drivers/serial/libdrivers__serial.a(uart_stm32.c.obj)
 .text.uart_stm32_registers_configure
                0x08005544      0x198 zephyr/drivers/serial/libdrivers__serial.a(uart_stm32.c.obj)
 .text.__NVIC_SetPriority
                0x080056dc       0x54 zephyr/drivers/timer/libdrivers__timer.a(cortex_m_systick.c.obj)
 .text.elapsed  0x08005730       0x88 zephyr/drivers/timer/libdrivers__timer.a(cortex_m_systick.c.obj)
 .text.timer_driver_cycle_get
                0x080057b8       0x1c zephyr/drivers/timer/libdrivers__timer.a(cortex_m_systick.c.obj)
 .text.timer_driver_set_reload
                0x080057d4       0x98 zephyr/drivers/timer/libdrivers__timer.a(cortex_m_systick.c.obj)
 .text.timer_core_delta_ticks
                0x0800586c       0x30 zephyr/drivers/timer/libdrivers__timer.a(cortex_m_systick.c.obj)
 .text.timer_core_arm
                0x0800589c       0xf4 zephyr/drivers/timer/libdrivers__timer.a(cortex_m_systick.c.obj)
 .text.sys_clock_elapsed
                0x08005990       0x24 zephyr/drivers/timer/libdrivers__timer.a(cortex_m_systick.c.obj)
                0x08005990                sys_clock_elapsed
 .text.timer_core_announce_from
                0x080059b4       0xa0 zephyr/drivers/timer/libdrivers__timer.a(cortex_m_systick.c.obj)
 .text.timer_core_init
                0x08005a54       0x60 zephyr/drivers/timer/libdrivers__timer.a(cortex_m_systick.c.obj)
 .text.sys_clock_isr
                0x08005ab4       0x50 zephyr/drivers/timer/libdrivers__timer.a(cortex_m_systick.c.obj)
                0x08005ab4                sys_clock_isr
 .text.sys_clock_driver_init
                0x08005b04       0x60 zephyr/drivers/timer/libdrivers__timer.a(cortex_m_systick.c.obj)
 .text.HAL_DeInit
                0x08005b64       0xbc modules/hal_stm32/stm32cube/lib..__modules__hal__stm32__stm32cube.a(stm32h7xx_hal.c.obj)
                0x08005b64                HAL_DeInit
 .text.HAL_InitTick
                0x08005c20       0x6c modules/hal_stm32/stm32cube/lib..__modules__hal__stm32__stm32cube.a(stm32h7xx_hal.c.obj)
                0x08005c20                HAL_InitTick
 .text.HAL_RCC_DeInit
                0x08005c8c      0x254 modules/hal_stm32/stm32cube/lib..__modules__hal__stm32__stm32cube.a(stm32h7xx_hal_rcc.c.obj)
                0x08005c8c                HAL_RCC_DeInit
 .text.__NVIC_GetPriorityGrouping
                0x08005ee0       0x1c modules/hal_stm32/stm32cube/lib..__modules__hal__stm32__stm32cube.a(stm32h7xx_hal_cortex.c.obj)
 .text.__NVIC_SetPriority
                0x08005efc       0x54 modules/hal_stm32/stm32cube/lib..__modules__hal__stm32__stm32cube.a(stm32h7xx_hal_cortex.c.obj)
 .text.SysTick_Config
                0x08005f50       0x44 modules/hal_stm32/stm32cube/lib..__modules__hal__stm32__stm32cube.a(stm32h7xx_hal_cortex.c.obj)
 .text.LL_DMA_ConfigTransfer
                0x08005f94       0x4c modules/hal_stm32/stm32cube/lib..__modules__hal__stm32__stm32cube.a(stm32h7xx_ll_dma.c.obj)
 .text.LL_DMA_SetDataLength
                0x08005fe0       0x4c modules/hal_stm32/stm32cube/lib..__modules__hal__stm32__stm32cube.a(stm32h7xx_ll_dma.c.obj)
 .text.LL_DMA_SetPeriphRequest
                0x0800602c       0x5c modules/hal_stm32/stm32cube/lib..__modules__hal__stm32__stm32cube.a(stm32h7xx_ll_dma.c.obj)
 .text.LL_DMA_SetMemoryBurstxfer
                0x08006088       0x48 modules/hal_stm32/stm32cube/lib..__modules__hal__stm32__stm32cube.a(stm32h7xx_ll_dma.c.obj)
 .text.LL_DMA_SetPeriphBurstxfer
                0x080060d0       0x48 modules/hal_stm32/stm32cube/lib..__modules__hal__stm32__stm32cube.a(stm32h7xx_ll_dma.c.obj)
 .text.LL_DMA_ConfigFifo
                0x08006118       0x4c modules/hal_stm32/stm32cube/lib..__modules__hal__stm32__stm32cube.a(stm32h7xx_ll_dma.c.obj)
 .text.LL_DMA_SetMemoryAddress
                0x08006164       0x34 modules/hal_stm32/stm32cube/lib..__modules__hal__stm32__stm32cube.a(stm32h7xx_ll_dma.c.obj)
 .text.LL_DMA_SetPeriphAddress
                0x08006198       0x34 modules/hal_stm32/stm32cube/lib..__modules__hal__stm32__stm32cube.a(stm32h7xx_ll_dma.c.obj)
 .text.LL_FLASH_SetLatency
                0x080061cc       0x28 modules/hal_stm32/stm32cube/lib..__modules__hal__stm32__stm32cube.a(stm32h7xx_ll_utils.c.obj)
 .text.LL_FLASH_GetLatency
                0x080061f4       0x18 modules/hal_stm32/stm32cube/lib..__modules__hal__stm32__stm32cube.a(stm32h7xx_ll_utils.c.obj)
 .text.LL_PWR_GetRegulVoltageScaling
                0x0800620c       0x18 modules/hal_stm32/stm32cube/lib..__modules__hal__stm32__stm32cube.a(stm32h7xx_ll_utils.c.obj)
 .text.LL_SetFlashLatency
                0x08006224      0x194 modules/hal_stm32/stm32cube/lib..__modules__hal__stm32__stm32cube.a(stm32h7xx_ll_utils.c.obj)
                0x08006224                LL_SetFlashLatency
 .text.k_sys_fatal_error_handler
                0x080063b8       0x20 zephyr/kernel/libkernel.a(fatal.c.obj)
                0x080063b8                k_sys_fatal_error_handler
 .text.thread_name_get
                0x080063d8       0x3c zephyr/kernel/libkernel.a(fatal.c.obj)
 .text.reason_to_str
                0x08006414       0x60 zephyr/kernel/libkernel.a(fatal.c.obj)
 .text.z_fatal_error
                0x08006474       0xe8 zephyr/kernel/libkernel.a(fatal.c.obj)
                0x08006474                z_fatal_error
 .text.__NVIC_SetPriority
                0x0800655c       0x50 zephyr/kernel/libkernel.a(init.c.obj)
 .text.z_add_thread_timeout
                0x080065ac       0x2c zephyr/kernel/libkernel.a(init.c.obj)
 .text.z_init_static_threads
                0x080065d8       0xbc zephyr/kernel/libkernel.a(init.c.obj)
 .text.z_device_state_init
                0x08006694       0x3c zephyr/kernel/libkernel.a(init.c.obj)
 .text.z_sys_init_run_level
                0x080066d0       0x6c zephyr/kernel/libkernel.a(init.c.obj)
 .text.bg_thread_main
                0x0800673c       0x68 zephyr/kernel/libkernel.a(init.c.obj)
 .text.init_idle_thread
                0x080067a4       0x84 zephyr/kernel/libkernel.a(init.c.obj)
 .text.z_init_cpu
                0x08006828       0x84 zephyr/kernel/libkernel.a(init.c.obj)
                0x08006828                z_init_cpu
 .text.prepare_multithreading
                0x080068ac       0x68 zephyr/kernel/libkernel.a(init.c.obj)
 .text.switch_to_main_thread
                0x08006914       0x18 zephyr/kernel/libkernel.a(init.c.obj)
 .text.z_cstart
                0x0800692c       0xf8 zephyr/kernel/libkernel.a(init.c.obj)
                0x0800692c                z_cstart
 .text.z_impl_k_mutex_lock
                0x08006a24      0x334 zephyr/kernel/libkernel.a(mutex.c.obj)
                0x08006a24                z_impl_k_mutex_lock
 .text.z_impl_k_mutex_unlock
                0x08006d58      0x1bc zephyr/kernel/libkernel.a(mutex.c.obj)
                0x08006d58                z_impl_k_mutex_unlock
 .text.z_impl_k_sem_give
                0x08006f14      0x140 zephyr/kernel/libkernel.a(sem.c.obj)
                0x08006f14                z_impl_k_sem_give
 .text.z_impl_k_sem_take
                0x08007054       0xe8 zephyr/kernel/libkernel.a(sem.c.obj)
                0x08007054                z_impl_k_sem_take
 .text.finalize_cancel_locked
                0x0800713c       0xc4 zephyr/kernel/libkernel.a(work.c.obj)
 .text.queue_submit_locked
                0x08007200       0xe0 zephyr/kernel/libkernel.a(work.c.obj)
 .text.work_queue_main
                0x080072e0      0x27c zephyr/kernel/libkernel.a(work.c.obj)
 .text.k_work_queue_start
                0x0800755c       0xd4 zephyr/kernel/libkernel.a(work.c.obj)
                0x0800755c                k_work_queue_start
 .text.work_timeout
                0x08007630       0x9c zephyr/kernel/libkernel.a(work.c.obj)
 .text.schedule_for_queue_locked
                0x080076cc       0x68 zephyr/kernel/libkernel.a(work.c.obj)
 .text.unschedule_locked
                0x08007734       0xac zephyr/kernel/libkernel.a(work.c.obj)
 .text.k_work_reschedule_for_queue
                0x080077e0       0x90 zephyr/kernel/libkernel.a(work.c.obj)
                0x080077e0                k_work_reschedule_for_queue
 .text.k_work_reschedule
                0x08007870       0x28 zephyr/kernel/libkernel.a(work.c.obj)
                0x08007870                k_work_reschedule
 .text.k_work_cancel_delayable
                0x08007898       0x7c zephyr/kernel/libkernel.a(work.c.obj)
                0x08007898                k_work_cancel_delayable
 .text.z_add_thread_timeout
                0x08007914       0x2c zephyr/kernel/libkernel.a(thread.c.obj)
 .text.z_impl_k_thread_name_set
                0x08007940       0x2c zephyr/kernel/libkernel.a(thread.c.obj)
                0x08007940                z_impl_k_thread_name_set
 .text.add_thread_to_monitor
                0x0800796c       0x94 zephyr/kernel/libkernel.a(thread.c.obj)
 .text.z_setup_new_thread
                0x08007a00      0x104 zephyr/kernel/libkernel.a(thread.c.obj)
                0x08007a00                z_setup_new_thread
 .text.z_dummy_thread_init
                0x08007b04       0x5c zephyr/kernel/libkernel.a(thread.c.obj)
                0x08007b04                z_dummy_thread_init
 .text.z_impl_k_wakeup
                0x08007b60       0x98 zephyr/kernel/libkernel.a(thread.c.obj)
                0x08007b60                z_impl_k_wakeup
 .text.z_thread_abort
                0x08007bf8       0xb8 zephyr/kernel/libkernel.a(thread.c.obj)
                0x08007bf8                z_thread_abort
 .text.z_add_thread_timeout
                0x08007cb0       0x2c zephyr/kernel/libkernel.a(sched.c.obj)
 .text.z_swap_irqlock
                0x08007cdc       0x5c zephyr/kernel/libkernel.a(sched.c.obj)
 .text.z_swap_locked
                0x08007d38       0x2c zephyr/kernel/libkernel.a(sched.c.obj)
 .text.move_current_to_end_of_prio_q
                0x08007d64      0x154 zephyr/kernel/libkernel.a(sched.c.obj)
                0x08007d64                move_current_to_end_of_prio_q
 .text.ready_thread
                0x08007eb8      0x1b8 zephyr/kernel/libkernel.a(sched.c.obj)
                0x08007eb8                z_sched_ready_locked
 .text.z_ready_thread
                0x08008070       0x8c zephyr/kernel/libkernel.a(sched.c.obj)
                0x08008070                z_ready_thread
 .text.unready_thread
                0x080080fc      0x124 zephyr/kernel/libkernel.a(sched.c.obj)
                0x080080fc                z_sched_unready_locked
 .text.thread_halt_spin
                0x08008220      0x2e0 zephyr/kernel/libkernel.a(sched.c.obj)
 .text.z_thread_halt
                0x08008500      0x3bc zephyr/kernel/libkernel.a(sched.c.obj)
                0x08008500                z_thread_halt
 .text.need_swap
                0x080088bc       0x24 zephyr/kernel/libkernel.a(sched.c.obj)
 .text.reschedule_locked
                0x080088e0       0x18 zephyr/kernel/libkernel.a(sched.c.obj)
                0x080088e0                z_reschedule_locked
 .text.z_sched_lock_reschedule
                0x080088f8       0xdc zephyr/kernel/libkernel.a(sched.c.obj)
                0x080088f8                z_sched_lock_reschedule
 .text.z_sched_yield
                0x080089d4      0x194 zephyr/kernel/libkernel.a(sched.c.obj)
                0x080089d4                z_sched_yield
 .text.z_thread_timeout
                0x08008b68       0x98 zephyr/kernel/libkernel.a(sched.c.obj)
                0x08008b68                z_thread_timeout
 .text.z_pend_curr
                0x08008c00       0xa8 zephyr/kernel/libkernel.a(sched.c.obj)
                0x08008c00                z_pend_curr
 .text.z_thread_prio_set
                0x08008ca8      0x340 zephyr/kernel/libkernel.a(sched.c.obj)
                0x08008ca8                z_thread_prio_set
 .text.z_add_thread_timeout
                0x08008fe8       0x2c zephyr/kernel/libkernel.a(sleep.c.obj)
 .text.z_swap_irqlock
                0x08009014       0x5c zephyr/kernel/libkernel.a(sleep.c.obj)
 .text.z_swap_locked
                0x08009070       0x2c zephyr/kernel/libkernel.a(sleep.c.obj)
 .text.z_impl_k_sleep_ticks
                0x0800909c       0xf0 zephyr/kernel/libkernel.a(sleep.c.obj)
                0x0800909c                z_impl_k_sleep_ticks
 .text.z_sched_init
                0x0800918c       0x20 zephyr/kernel/libkernel.a(scheduler.c.obj)
                0x0800918c                z_sched_init
 .text.k_sched_lock
                0x080091ac       0x8c zephyr/kernel/libkernel.a(scheduler.c.obj)
                0x080091ac                k_sched_lock
 .text.k_sched_unlock
                0x08009238       0x60 zephyr/kernel/libkernel.a(scheduler.c.obj)
                0x08009238                k_sched_unlock
 .text.z_impl_k_sched_current_thread_query
                0x08009298       0x14 zephyr/kernel/libkernel.a(scheduler.c.obj)
                0x08009298                z_impl_k_sched_current_thread_query
 .text.z_sched_wait
                0x080092ac       0x40 zephyr/kernel/libkernel.a(scheduler.c.obj)
                0x080092ac                z_sched_wait
 .text.z_is_idle_thread_object
                0x080092ec       0x24 zephyr/kernel/libkernel.a(timeslicing.c.obj)
 .text.slice_time
                0x08009310       0x20 zephyr/kernel/libkernel.a(timeslicing.c.obj)
 .text.z_time_slice_size
                0x08009330       0x74 zephyr/kernel/libkernel.a(timeslicing.c.obj)
 .text.slice_timeout
                0x080093a4       0x38 zephyr/kernel/libkernel.a(timeslicing.c.obj)
 .text.slice_reset
                0x080093dc       0x7c zephyr/kernel/libkernel.a(timeslicing.c.obj)
 .text.z_time_slice
                0x08009458      0x104 zephyr/kernel/libkernel.a(timeslicing.c.obj)
                0x08009458                z_time_slice
 .text.z_thread_monitor_exit
                0x0800955c       0xb4 zephyr/kernel/libkernel.a(thread_monitor.c.obj)
                0x0800955c                z_thread_monitor_exit
 .text.this_cpu_announcing
                0x08009610       0x20 zephyr/kernel/libkernel.a(timeout.c.obj)
 .text.any_cpu_announcing
                0x08009630       0x20 zephyr/kernel/libkernel.a(timeout.c.obj)
 .text.inflight_ptr
                0x08009650       0x18 zephyr/kernel/libkernel.a(timeout.c.obj)
 .text.inflight_mark_superseded
                0x08009668       0x20 zephyr/kernel/libkernel.a(timeout.c.obj)
 .text.z_timeout_q_first
                0x08009688       0x1c zephyr/kernel/libkernel.a(timeout.c.obj)
 .text.z_timeout_q_next
                0x080096a4       0x24 zephyr/kernel/libkernel.a(timeout.c.obj)
 .text.z_timeout_q_insert
                0x080096c8       0xc0 zephyr/kernel/libkernel.a(timeout.c.obj)
 .text.z_add_timeout
                0x08009788      0x200 zephyr/kernel/libkernel.a(timeout.c.obj)
                0x08009788                z_add_timeout
 .text.z_try_abort_timeout
                0x08009988       0xc8 zephyr/kernel/libkernel.a(timeout.c.obj)
                0x08009988                z_try_abort_timeout
 .text.z_timeout_inflight_superseded
                0x08009a50       0xa4 zephyr/kernel/libkernel.a(timeout.c.obj)
                0x08009a50                z_timeout_inflight_superseded
 .text.sys_clock_announce_locked
                0x08009af4      0x134 zephyr/kernel/libkernel.a(timeout.c.obj)
                0x08009af4                sys_clock_announce_locked
 .text.sys_clock_tick_get
                0x08009c28       0xb0 zephyr/kernel/libkernel.a(timeout.c.obj)
                0x08009c28                sys_clock_tick_get
 .text.sys_work_q_init
                0x08009cd8       0x2c zephyr/kernel/libkernel.a(system_work_q.c.obj)
 .text.memset   0x08009d04       0xb0 C:/Users/Administrator/zephyr-sdk-1.0.1/gnu/arm-zephyr-eabi/bin/../lib/gcc/arm-zephyr-eabi/14.3.0/../../../../arm-zephyr-eabi/lib/thumb/v7e-m/nofp\libc.a(memset.c.o)
                0x08009d04                memset
 .text.strchr   0x08009db4       0xd0 C:/Users/Administrator/zephyr-sdk-1.0.1/gnu/arm-zephyr-eabi/bin/../lib/gcc/arm-zephyr-eabi/14.3.0/../../../../arm-zephyr-eabi/lib/thumb/v7e-m/nofp\libc.a(libc_string_strchr.c.o)
                0x08009db4                strchr
 .text._strerror_r
                0x08009e84      0x45c C:/Users/Administrator/zephyr-sdk-1.0.1/gnu/arm-zephyr-eabi/bin/../lib/gcc/arm-zephyr-eabi/14.3.0/../../../../arm-zephyr-eabi/lib/thumb/v7e-m/nofp\libc.a(libc_string_strerror.c.o)
                0x08009e84                _strerror_r
 .text.strerror
                0x0800a2e0        0x8 C:/Users/Administrator/zephyr-sdk-1.0.1/gnu/arm-zephyr-eabi/bin/../lib/gcc/arm-zephyr-eabi/14.3.0/../../../../arm-zephyr-eabi/lib/thumb/v7e-m/nofp\libc.a(libc_string_strerror.c.o)
                0x0800a2e0                strerror
 .text.strncpy  0x0800a2e8       0x58 C:/Users/Administrator/zephyr-sdk-1.0.1/gnu/arm-zephyr-eabi/bin/../lib/gcc/arm-zephyr-eabi/14.3.0/../../../../arm-zephyr-eabi/lib/thumb/v7e-m/nofp\libc.a(libc_string_strncpy.c.o)
                0x0800a2e8                strncpy
 .text.strnlen  0x0800a340       0x24 C:/Users/Administrator/zephyr-sdk-1.0.1/gnu/arm-zephyr-eabi/bin/../lib/gcc/arm-zephyr-eabi/14.3.0/../../../../arm-zephyr-eabi/lib/thumb/v7e-m/nofp\libc.a(libc_string_strnlen.c.o)
                0x0800a340                strnlen
 .text.sscanf   0x0800a364       0x40 C:/Users/Administrator/zephyr-sdk-1.0.1/gnu/arm-zephyr-eabi/bin/../lib/gcc/arm-zephyr-eabi/14.3.0/../../../../arm-zephyr-eabi/lib/thumb/v7e-m/nofp\libc.a(libc_tinystdio_sscanf.c.o)
                0x0800a364                sscanf
 .text.__ultoa_invert
                0x0800a3a4       0xfc C:/Users/Administrator/zephyr-sdk-1.0.1/gnu/arm-zephyr-eabi/bin/../lib/gcc/arm-zephyr-eabi/14.3.0/../../../../arm-zephyr-eabi/lib/thumb/v7e-m/nofp\libc.a(libc_tinystdio_vflprintf.c.o)
 .text.__l_vfprintf
                0x0800a4a0      0x9b4 C:/Users/Administrator/zephyr-sdk-1.0.1/gnu/arm-zephyr-eabi/bin/../lib/gcc/arm-zephyr-eabi/14.3.0/../../../../arm-zephyr-eabi/lib/thumb/v7e-m/nofp\libc.a(libc_tinystdio_vflprintf.c.o)
                0x0800a4a0                __l_vfprintf
 .text.__l_vfscanf
                0x0800ae54      0x6d4 C:/Users/Administrator/zephyr-sdk-1.0.1/gnu/arm-zephyr-eabi/bin/../lib/gcc/arm-zephyr-eabi/14.3.0/../../../../arm-zephyr-eabi/lib/thumb/v7e-m/nofp\libc.a(libc_tinystdio_vflscanf.c.o)
                0x0800ae54                __l_vfscanf
 .text.getc     0x0800b528       0x50 C:/Users/Administrator/zephyr-sdk-1.0.1/gnu/arm-zephyr-eabi/bin/../lib/gcc/arm-zephyr-eabi/14.3.0/../../../../arm-zephyr-eabi/lib/thumb/v7e-m/nofp\libc.a(libc_tinystdio_fgetc.c.o)
                0x0800b528                getc
                0x0800b528                fgetc
                0x0800b528                getc_unlocked
 .text.__file_str_get
                0x0800b578       0x14 C:/Users/Administrator/zephyr-sdk-1.0.1/gnu/arm-zephyr-eabi/bin/../lib/gcc/arm-zephyr-eabi/14.3.0/../../../../arm-zephyr-eabi/lib/thumb/v7e-m/nofp\libc.a(libc_tinystdio_filestrget.c.o)
                0x0800b578                __file_str_get
 .text.ungetc   0x0800b58c       0x3c C:/Users/Administrator/zephyr-sdk-1.0.1/gnu/arm-zephyr-eabi/bin/../lib/gcc/arm-zephyr-eabi/14.3.0/../../../../arm-zephyr-eabi/lib/thumb/v7e-m/nofp\libc.a(libc_tinystdio_ungetc.c.o)
                0x0800b58c                ungetc
 .text._OffsetAbsSyms
                0x0800b5c8        0xc zephyr/CMakeFiles/offsets.dir/./arch/arm/core/offsets/offsets.c.obj
                0x0800b5c8                _OffsetAbsSyms
 .text.main_init
                0x0800b5d4        0xc app/libapp.a(main.c.obj)
 .text.main_thread
                0x0800b5e0        0xc app/libapp.a(main.c.obj)
 .text.main     0x0800b5ec       0x12 app/libapp.a(main.c.obj)
                0x0800b5ec                main
 .text.device_is_ready
                0x0800b5fe       0x18 app/libapp.a(app_boot.c.obj)
 .text.k_sleep  0x0800b616       0x42 app/libapp.a(app_boot.c.obj)
 .text.k_msleep
                0x0800b658       0x58 app/libapp.a(app_boot.c.obj)
 .text.k_sleep_ticks
                0x0800b6b0       0x20 app/libapp.a(app_boot.c.obj)
 .text.k_thread_start
                0x0800b6d0       0x16 app/libapp.a(app_boot.c.obj)
 .text.k_uptime_get
                0x0800b6e6       0x26 app/libapp.a(app_boot.c.obj)
 .text.k_wakeup
                0x0800b70c       0x16 app/libapp.a(app_boot.c.obj)
 .text.k_uptime_ticks
                0x0800b722       0x12 app/libapp.a(app_boot.c.obj)
 .text.z_impl_flash_write
                0x0800b734       0x28 app/libapp.a(app_boot.c.obj)
 .text.z_impl_flash_erase
                0x0800b75c       0x38 app/libapp.a(app_boot.c.obj)
 .text.z_impl_flash_get_write_block_size
                0x0800b794       0x1e app/libapp.a(app_boot.c.obj)
 .text.flash_write
                0x0800b7b2       0x24 app/libapp.a(app_boot.c.obj)
 .text.flash_erase
                0x0800b7d6       0x20 app/libapp.a(app_boot.c.obj)
 .text.flash_get_page_info_by_idx
                0x0800b7f6       0x20 app/libapp.a(app_boot.c.obj)
 .text.flash_get_write_block_size
                0x0800b816       0x18 app/libapp.a(app_boot.c.obj)
 .text.ymodem_uart_rx
                0x0800b82e       0x3e app/libapp.a(app_boot.c.obj)
 .text.ymodem_uart_tx
                0x0800b86c       0x3e app/libapp.a(app_boot.c.obj)
 .text.k_sleep  0x0800b8aa       0x42 app/libapp.a(api_ymodem.c.obj)
 .text.k_msleep
                0x0800b8ec       0x58 app/libapp.a(api_ymodem.c.obj)
 .text.k_sleep_ticks
                0x0800b944       0x20 app/libapp.a(api_ymodem.c.obj)
 .text.k_uptime_get
                0x0800b964       0x26 app/libapp.a(api_ymodem.c.obj)
 .text.k_uptime_ticks
                0x0800b98a       0x12 app/libapp.a(api_ymodem.c.obj)
 .text.ymodem_crc16
                0x0800b99c       0x64 app/libapp.a(api_ymodem.c.obj)
 .text.ymodem_crc16_buf
                0x0800ba00       0x62 app/libapp.a(api_ymodem.c.obj)
 .text.ymodem_send_byte
                0x0800ba62       0x3c app/libapp.a(api_ymodem.c.obj)
 .text.ymodem_recv_clear
                0x0800ba9e       0x3a app/libapp.a(api_ymodem.c.obj)
 .text.ymodem_recv_cancel
                0x0800bad8       0x26 app/libapp.a(api_ymodem.c.obj)
 .text.ymodem_recv_nack
                0x0800bafe       0x40 app/libapp.a(api_ymodem.c.obj)
 .text.ymodem_recv_process
                0x0800bb3e      0x128 app/libapp.a(api_ymodem.c.obj)
 .text.ymodem_recv_header
                0x0800bc66       0x76 app/libapp.a(api_ymodem.c.obj)
 .text.ymodem_recv_data
                0x0800bcdc       0x60 app/libapp.a(api_ymodem.c.obj)
 .text.ymodem_recv_seq
                0x0800bd3c       0x50 app/libapp.a(api_ymodem.c.obj)
 .text.ymodem_recv_nseq
                0x0800bd8c       0x32 app/libapp.a(api_ymodem.c.obj)
 .text.ymodem_recv_crc_high
                0x0800bdbe       0x2c app/libapp.a(api_ymodem.c.obj)
 .text.ymodem_recv_crc_low
                0x0800bdea       0x82 app/libapp.a(api_ymodem.c.obj)
 .text.ymodem_recv_start
                0x0800be6c      0x314 app/libapp.a(api_ymodem.c.obj)
                0x0800be6c                ymodem_recv_start
 .text.ymodem_get_file_name
                0x0800c180       0x14 app/libapp.a(api_ymodem.c.obj)
                0x0800c180                ymodem_get_file_name
 .text.ymodem_get_file_size
                0x0800c194       0x18 app/libapp.a(api_ymodem.c.obj)
                0x0800c194                ymodem_get_file_size
 .text.uart_fifo_fill
                0x0800c1ac       0x36 app/libapp.a(api_uart.c.obj)
 .text.uart_fifo_read
                0x0800c1e2       0x36 app/libapp.a(api_uart.c.obj)
 .text.z_impl_uart_irq_tx_enable
                0x0800c218       0x26 app/libapp.a(api_uart.c.obj)
 .text.z_impl_uart_irq_tx_disable
                0x0800c23e       0x26 app/libapp.a(api_uart.c.obj)
 .text.uart_irq_tx_ready
                0x0800c264       0x2e app/libapp.a(api_uart.c.obj)
 .text.z_impl_uart_irq_rx_enable
                0x0800c292       0x26 app/libapp.a(api_uart.c.obj)
 .text.uart_irq_rx_ready
                0x0800c2b8       0x2e app/libapp.a(api_uart.c.obj)
 .text.uart_irq_is_pending
                0x0800c2e6       0x2e app/libapp.a(api_uart.c.obj)
 .text.uart_irq_update
                0x0800c314       0x26 app/libapp.a(api_uart.c.obj)
 .text.uart_irq_callback_user_data_set
                0x0800c33a       0x3c app/libapp.a(api_uart.c.obj)
 .text.uart_callback_set
                0x0800c376       0x36 app/libapp.a(api_uart.c.obj)
 .text.z_impl_uart_tx
                0x0800c3ac       0x28 app/libapp.a(api_uart.c.obj)
 .text.z_impl_uart_rx_enable
                0x0800c3d4       0x28 app/libapp.a(api_uart.c.obj)
 .text.uart_irq_tx_enable
                0x0800c3fc       0x16 app/libapp.a(api_uart.c.obj)
 .text.uart_irq_tx_disable
                0x0800c412       0x16 app/libapp.a(api_uart.c.obj)
 .text.uart_irq_rx_enable
                0x0800c428       0x16 app/libapp.a(api_uart.c.obj)
 .text.uart_tx  0x0800c43e       0x24 app/libapp.a(api_uart.c.obj)
 .text.uart_rx_enable
                0x0800c462       0x24 app/libapp.a(api_uart.c.obj)
 .text.ring_buf_internal_reset
                0x0800c486       0x3a app/libapp.a(api_uart.c.obj)
 .text.ring_buf_init
                0x0800c4c0       0x28 app/libapp.a(api_uart.c.obj)
 .text.k_mutex_init
                0x0800c4e8       0x18 app/libapp.a(api_uart.c.obj)
 .text.k_mutex_lock
                0x0800c500       0x20 app/libapp.a(api_uart.c.obj)
 .text.k_mutex_unlock
                0x0800c520       0x18 app/libapp.a(api_uart.c.obj)
 .text.k_sem_init
                0x0800c538       0x20 app/libapp.a(api_uart.c.obj)
 .text.k_sem_take
                0x0800c558       0x20 app/libapp.a(api_uart.c.obj)
 .text.k_sem_give
                0x0800c578       0x16 app/libapp.a(api_uart.c.obj)
 .text.uart_int_tx_ready
                0x0800c58e       0x84 app/libapp.a(api_uart.c.obj)
 .text.uart_int_rx_ready
                0x0800c612       0x7c app/libapp.a(api_uart.c.obj)
 .text.uart_int_cb
                0x0800c68e       0x3c app/libapp.a(api_uart.c.obj)
 .text.uart_send_it
                0x0800c6ca       0x6c app/libapp.a(api_uart.c.obj)
 .text.uart_receive_it
                0x0800c736       0x76 app/libapp.a(api_uart.c.obj)
 .text.uart_send_dma
                0x0800c7ac       0x5a app/libapp.a(api_uart.c.obj)
 .text.uart_receive_dma
                0x0800c806       0x76 app/libapp.a(api_uart.c.obj)
 .text.uart_init
                0x0800c87c       0xf4 app/libapp.a(api_uart.c.obj)
                0x0800c87c                uart_init
 .text.uart_send
                0x0800c970       0x7e app/libapp.a(api_uart.c.obj)
                0x0800c970                uart_send
 .text.uart_receive
                0x0800c9ee       0x7e app/libapp.a(api_uart.c.obj)
                0x0800c9ee                uart_receive
 .text.big_heap_chunks
                0x0800ca6c       0x22 zephyr/libzephyr.a(heap.c.obj)
 .text.big_heap_bytes
                0x0800ca8e       0x1c zephyr/libzephyr.a(heap.c.obj)
 .text.big_heap
                0x0800caaa       0x1c zephyr/libzephyr.a(heap.c.obj)
 .text.chunk_buf
                0x0800cac6       0x14 zephyr/libzephyr.a(heap.c.obj)
 .text.chunk_field
                0x0800cada       0x4a zephyr/libzephyr.a(heap.c.obj)
 .text.chunk_set
                0x0800cb24       0x52 zephyr/libzephyr.a(heap.c.obj)
 .text.chunk_size
                0x0800cb76       0x20 zephyr/libzephyr.a(heap.c.obj)
 .text.set_chunk_used
                0x0800cb96       0x8a zephyr/libzephyr.a(heap.c.obj)
 .text.set_chunk_size
                0x0800cc20       0x22 zephyr/libzephyr.a(heap.c.obj)
 .text.prev_free_chunk
                0x0800cc42       0x1e zephyr/libzephyr.a(heap.c.obj)
 .text.set_prev_free_chunk
                0x0800cc60       0x20 zephyr/libzephyr.a(heap.c.obj)
 .text.set_next_free_chunk
                0x0800cc80       0x20 zephyr/libzephyr.a(heap.c.obj)
 .text.set_left_chunk_size
                0x0800cca0       0x20 zephyr/libzephyr.a(heap.c.obj)
 .text.chunk_header_bytes
                0x0800ccc0       0x22 zephyr/libzephyr.a(heap.c.obj)
 .text.heap_footer_bytes
                0x0800cce2       0x22 zephyr/libzephyr.a(heap.c.obj)
 .text.chunksz  0x0800cd04       0x18 zephyr/libzephyr.a(heap.c.obj)
 .text.min_chunk_size
                0x0800cd1c       0x22 zephyr/libzephyr.a(heap.c.obj)
 .text.undersized_chunk
                0x0800cd3e       0x40 zephyr/libzephyr.a(heap.c.obj)
 .text.bucket_idx
                0x0800cd7e       0x2c zephyr/libzephyr.a(heap.c.obj)
 .text.free_list_add_bidx
                0x0800cdaa       0x8e zephyr/libzephyr.a(heap.c.obj)
 .text.free_list_add
                0x0800ce38       0x44 zephyr/libzephyr.a(heap.c.obj)
 .text.sys_heap_init
                0x0800ce7c       0xf8 zephyr/libzephyr.a(heap.c.obj)
                0x0800ce7c                sys_heap_init
 .text.boot_banner
                0x0800cf74        0xe zephyr/libzephyr.a(boot_banner.c.obj)
 .text.k_is_user_context
                0x0800cf82        0xe zephyr/libzephyr.a(printk.c.obj)
 .text.k_str_out
                0x0800cf90       0x1a zephyr/libzephyr.a(printk.c.obj)
 .text.arch_printk_char_out
                0x0800cfaa       0x14 zephyr/libzephyr.a(printk.c.obj)
                0x0800cfaa                arch_printk_char_out
 .text.printk_panic
                0x0800cfbe        0xc zephyr/libzephyr.a(printk.c.obj)
                0x0800cfbe                printk_panic
 .text.buf_flush
                0x0800cfca       0x28 zephyr/libzephyr.a(printk.c.obj)
 .text.buf_char_out
                0x0800cff2       0x40 zephyr/libzephyr.a(printk.c.obj)
 .text.vprintk  0x0800d032       0x2c zephyr/libzephyr.a(printk.c.obj)
                0x0800d032                vprintk
 .text.z_impl_k_str_out
                0x0800d05e       0x1a zephyr/libzephyr.a(printk.c.obj)
                0x0800d05e                z_impl_k_str_out
 .text.printk   0x0800d078       0x24 zephyr/libzephyr.a(printk.c.obj)
                0x0800d078                printk
 .text.ring_buf_space_get
                0x0800d09c       0x26 zephyr/libzephyr.a(ring_buffer.c.obj)
 .text.ring_buf_size_get
                0x0800d0c2       0x20 zephyr/libzephyr.a(ring_buffer.c.obj)
 .text.ring_buf_put_claim
                0x0800d0e2       0x34 zephyr/libzephyr.a(ring_buffer.c.obj)
 .text.ring_buf_put_finish
                0x0800d116       0x22 zephyr/libzephyr.a(ring_buffer.c.obj)
 .text.ring_buf_get_claim
                0x0800d138       0x36 zephyr/libzephyr.a(ring_buffer.c.obj)
 .text.ring_buf_get_finish
                0x0800d16e       0x22 zephyr/libzephyr.a(ring_buffer.c.obj)
 .text.ring_buf_area_claim
                0x0800d190       0x82 zephyr/libzephyr.a(ring_buffer.c.obj)
                0x0800d190                ring_buf_area_claim
 .text.ring_buf_area_finish
                0x0800d212       0x86 zephyr/libzephyr.a(ring_buffer.c.obj)
                0x0800d212                ring_buf_area_finish
 .text.ring_buf_put
                0x0800d298       0x68 zephyr/libzephyr.a(ring_buffer.c.obj)
                0x0800d298                ring_buf_put
 .text.ring_buf_get
                0x0800d300       0x6e zephyr/libzephyr.a(ring_buffer.c.obj)
                0x0800d300                ring_buf_get
 .text._ConfigAbsSyms
                0x0800d36e        0xc zephyr/libzephyr.a(configs.c.obj)
                0x0800d36e                _ConfigAbsSyms
 .text.k_uptime_get
                0x0800d37a       0x26 zephyr/libzephyr.a(stm32cube_hal.c.obj)
 .text.k_uptime_get_32
                0x0800d3a0       0x12 zephyr/libzephyr.a(stm32cube_hal.c.obj)
 .text.k_uptime_ticks
                0x0800d3b2       0x12 zephyr/libzephyr.a(stm32cube_hal.c.obj)
 .text.HAL_GetTick
                0x0800d3c4        0xe zephyr/libzephyr.a(stm32cube_hal.c.obj)
                0x0800d3c4                HAL_GetTick
 .text.st_stm32_common_config
                0x0800d3d2       0x12 zephyr/libzephyr.a(soc_config.c.obj)
 .text.LL_GPIO_SetPinMode
                0x0800d3e4       0x3e zephyr/libzephyr.a(gpioport_mgr.c.obj)
 .text.LL_GPIO_SetPinOutputType
                0x0800d422       0x2e zephyr/libzephyr.a(gpioport_mgr.c.obj)
 .text.LL_GPIO_SetPinSpeed
                0x0800d450       0x3e zephyr/libzephyr.a(gpioport_mgr.c.obj)
 .text.LL_GPIO_SetPinPull
                0x0800d48e       0x3e zephyr/libzephyr.a(gpioport_mgr.c.obj)
 .text.LL_GPIO_SetAFPin_0_7
                0x0800d4cc       0x56 zephyr/libzephyr.a(gpioport_mgr.c.obj)
 .text.LL_GPIO_SetAFPin_8_15
                0x0800d522       0x6a zephyr/libzephyr.a(gpioport_mgr.c.obj)
 .text.LL_GPIO_SetOutputPin
                0x0800d58c       0x1a zephyr/libzephyr.a(gpioport_mgr.c.obj)
 .text.LL_GPIO_ResetOutputPin
                0x0800d5a6       0x1c zephyr/libzephyr.a(gpioport_mgr.c.obj)
 .text.device_is_ready
                0x0800d5c2       0x18 zephyr/libzephyr.a(gpioport_mgr.c.obj)
 .text.z_stm32_hsem_lock
                0x0800d5da       0x14 zephyr/libzephyr.a(gpioport_mgr.c.obj)
 .text.z_stm32_hsem_unlock
                0x0800d5ee       0x12 zephyr/libzephyr.a(gpioport_mgr.c.obj)
 .text.clock_control_on
                0x0800d600       0x32 zephyr/libzephyr.a(gpioport_mgr.c.obj)
 .text.clock_control_off
                0x0800d632       0x32 zephyr/libzephyr.a(gpioport_mgr.c.obj)
 .text.stm32_gpiomgr_pinnum_to_ll_val
                0x0800d664       0x20 zephyr/libzephyr.a(gpioport_mgr.c.obj)
 .text.pm_device_driver_init
                0x0800d684       0x44 zephyr/libzephyr.a(gpioport_mgr.c.obj)
 .text.ll_gpio_set_pin_pull
                0x0800d6c8       0x1e zephyr/libzephyr.a(gpioport_mgr.c.obj)
 .text.stm32_gpioport_configure_pin
                0x0800d6e6      0x106 zephyr/libzephyr.a(gpioport_mgr.c.obj)
                0x0800d6e6                stm32_gpioport_configure_pin
 .text.k_sched_current_thread_query
                0x0800d7ec        0xe zephyr/libzephyr.a(thread_entry.c.obj)
 .text.k_thread_abort
                0x0800d7fa       0x16 zephyr/libzephyr.a(thread_entry.c.obj)
 .text.arch_early_memset
                0x0800d810       0x1e zephyr/arch/common/libarch__common.a(init.c.obj)
                0x0800d810                arch_early_memset
 .text.arch_early_memcpy
                0x0800d82e       0x1e zephyr/arch/common/libarch__common.a(init.c.obj)
                0x0800d82e                arch_early_memcpy
 .text.z_do_kernel_oops
                0x0800d84c       0x2c zephyr/arch/arch/arm/core/libarch__arm__core.a(fatal.c.obj)
                0x0800d84c                z_do_kernel_oops
 .text.z_arm_nmi
                0x0800d878       0x10 zephyr/arch/arch/arm/core/libarch__arm__core.a(nmi.c.obj)
                0x0800d878                z_arm_nmi
 .text.arch_tls_stack_setup
                0x0800d888       0x4a zephyr/arch/arch/arm/core/libarch__arm__core.a(tls.c.obj)
                0x0800d888                arch_tls_stack_setup
 .text.fault_show
                0x0800d8d2       0x14 zephyr/arch/arch/arm/core/cortex_m/libarch__arm__core__cortex_m.a(fault.c.obj)
 .text.memory_fault_recoverable
                0x0800d8e6       0x18 zephyr/arch/arch/arm/core/cortex_m/libarch__arm__core__cortex_m.a(fault.c.obj)
 .text.arm_irq_enable
                0x0800d8fe       0x1a zephyr/arch/arch/arm/core/cortex_m/libarch__arm__core__cortex_m.a(irq_manage.c.obj)
                0x0800d8fe                arm_irq_enable
 .text.arm_irq_priority_set
                0x0800d918       0x26 zephyr/arch/arch/arm/core/cortex_m/libarch__arm__core__cortex_m.a(irq_manage.c.obj)
                0x0800d918                arm_irq_priority_set
 .text.z_irq_spurious
                0x0800d93e       0x18 zephyr/arch/arch/arm/core/cortex_m/libarch__arm__core__cortex_m.a(irq_manage.c.obj)
                0x0800d93e                z_irq_spurious
 .text.z_prep_c
                0x0800d956       0x20 zephyr/arch/arch/arm/core/cortex_m/libarch__arm__core__cortex_m.a(prep_c.c.obj)
                0x0800d956                z_prep_c
 .text.z_check_thread_stack_fail
                0x0800d976       0x1e zephyr/arch/arch/arm/core/cortex_m/libarch__arm__core__cortex_m.a(thread.c.obj)
                0x0800d976                z_check_thread_stack_fail
 .text.arch_coprocessors_disable
                0x0800d994       0x16 zephyr/arch/arch/arm/core/cortex_m/libarch__arm__core__cortex_m.a(thread.c.obj)
                0x0800d994                arch_coprocessors_disable
 .text.z_arm_prepare_switch_to_main
                0x0800d9aa        0xc zephyr/arch/arch/arm/core/cortex_m/libarch__arm__core__cortex_m.a(thread.c.obj)
 .text.arch_irq_unlock_outlined
                0x0800d9b6       0x32 zephyr/arch/arch/arm/core/cortex_m/libarch__arm__core__cortex_m.a(thread.c.obj)
                0x0800d9b6                arch_irq_unlock_outlined
 .text.arch_cpu_idle
                0x0800d9e8       0x38 zephyr/arch/arch/arm/core/cortex_m/libarch__arm__core__cortex_m.a(cpu_idle.c.obj)
                0x0800d9e8                arch_cpu_idle
 .text.z_arm_interrupt_init
                0x0800da20       0x2e zephyr/arch/arch/arm/core/cortex_m/libarch__arm__core__cortex_m.a(irq_init.c.obj)
                0x0800da20                z_arm_interrupt_init
 .text.arch_cache_init
                0x0800da4e        0xc zephyr/arch/arch/arm/core/cortex_m/libarch__arm__core__cortex_m.a(cache.c.obj)
                0x0800da4e                arch_cache_init
 .text.mpu_init
                0x0800da5a        0xc zephyr/arch/arch/arm/core/mpu/libarch__arm__core__mpu.a(arm_mpu.c.obj)
 .text.mpu_partition_is_valid
                0x0800da66       0x44 zephyr/arch/arch/arm/core/mpu/libarch__arm__core__mpu.a(arm_mpu.c.obj)
 .text.size_to_mpu_rasr_size
                0x0800daaa       0x3a zephyr/arch/arch/arm/core/mpu/libarch__arm__core__mpu.a(arm_mpu.c.obj)
 .text.get_region_attr_from_mpu_partition_info
                0x0800dae4       0x2a zephyr/arch/arch/arm/core/mpu/libarch__arm__core__mpu.a(arm_mpu.c.obj)
 .text.mpu_clear_region
                0x0800db0e       0x16 zephyr/arch/arch/arm/core/mpu/libarch__arm__core__mpu.a(arm_mpu.c.obj)
 .text.region_allocate_and_init
                0x0800db24       0x38 zephyr/arch/arch/arm/core/mpu/libarch__arm__core__mpu.a(arm_mpu.c.obj)
 .text.mpu_configure_region
                0x0800db5c       0x48 zephyr/arch/arch/arm/core/mpu/libarch__arm__core__mpu.a(arm_mpu.c.obj)
 .text.mpu_configure_regions
                0x0800dba4       0xae zephyr/arch/arch/arm/core/mpu/libarch__arm__core__mpu.a(arm_mpu.c.obj)
 .text.arm_core_mpu_configure_static_mpu_regions
                0x0800dc52       0x24 zephyr/arch/arch/arm/core/mpu/libarch__arm__core__mpu.a(arm_mpu.c.obj)
                0x0800dc52                arm_core_mpu_configure_static_mpu_regions
 .text.arm_core_mpu_configure_dynamic_mpu_regions
                0x0800dc76       0x1e zephyr/arch/arch/arm/core/mpu/libarch__arm__core__mpu.a(arm_mpu.c.obj)
                0x0800dc76                arm_core_mpu_configure_dynamic_mpu_regions
 .text.zephyr_fputc
                0x0800dc94       0x1c zephyr/lib/libc/picolibc/liblib__libc__picolibc.a(stdio.c.obj)
 .text.picolibc_put
                0x0800dcb0       0x20 zephyr/lib/libc/picolibc/liblib__libc__picolibc.a(stdio.c.obj)
 .text.clock_control_on
                0x0800dcd0       0x32 zephyr/drivers/interrupt_controller/libdrivers__interrupt_controller.a(intc_exti_stm32.c.obj)
 .text.z_stm32_hsem_lock
                0x0800dd02       0x14 zephyr/drivers/interrupt_controller/libdrivers__interrupt_controller.a(intc_exti_stm32.c.obj)
 .text.z_stm32_hsem_unlock
                0x0800dd16       0x12 zephyr/drivers/interrupt_controller/libdrivers__interrupt_controller.a(intc_exti_stm32.c.obj)
 .text.LL_EXTI_IsActiveFlag_0_31
                0x0800dd28       0x2a zephyr/drivers/interrupt_controller/libdrivers__interrupt_controller.a(intc_exti_stm32.c.obj)
 .text.LL_EXTI_IsActiveFlag_32_63
                0x0800dd52       0x2a zephyr/drivers/interrupt_controller/libdrivers__interrupt_controller.a(intc_exti_stm32.c.obj)
 .text.LL_EXTI_IsActiveFlag_64_95
                0x0800dd7c       0x2a zephyr/drivers/interrupt_controller/libdrivers__interrupt_controller.a(intc_exti_stm32.c.obj)
 .text.LL_EXTI_ClearFlag_0_31
                0x0800dda6       0x1c zephyr/drivers/interrupt_controller/libdrivers__interrupt_controller.a(intc_exti_stm32.c.obj)
 .text.LL_EXTI_ClearFlag_32_63
                0x0800ddc2       0x1c zephyr/drivers/interrupt_controller/libdrivers__interrupt_controller.a(intc_exti_stm32.c.obj)
 .text.LL_EXTI_ClearFlag_64_95
                0x0800ddde       0x1c zephyr/drivers/interrupt_controller/libdrivers__interrupt_controller.a(intc_exti_stm32.c.obj)
 .text.exti_linenum_to_ll_exti_line
                0x0800ddfa       0x1e zephyr/drivers/interrupt_controller/libdrivers__interrupt_controller.a(intc_exti_stm32.c.obj)
 .text.stm32_exti_is_pending
                0x0800de18       0x90 zephyr/drivers/interrupt_controller/libdrivers__interrupt_controller.a(intc_exti_stm32.c.obj)
                0x0800de18                stm32_exti_is_pending
 .text.stm32_exti_clear_pending
                0x0800dea8       0x64 zephyr/drivers/interrupt_controller/libdrivers__interrupt_controller.a(intc_exti_stm32.c.obj)
                0x0800dea8                stm32_exti_clear_pending
 .text.stm32_exti_init
                0x0800df0c       0x16 zephyr/drivers/interrupt_controller/libdrivers__interrupt_controller.a(intc_exti_stm32.c.obj)
 .text.exti_linenum_to_ll_exti_line
                0x0800df22       0x1e zephyr/drivers/interrupt_controller/libdrivers__interrupt_controller.a(intc_gpio_stm32.c.obj)
 .text.z_stm32_hsem_lock
                0x0800df40       0x14 zephyr/drivers/clock_control/libdrivers__clock_control.a(clock_stm32_ll_h7.c.obj)
 .text.z_stm32_hsem_unlock
                0x0800df54       0x12 zephyr/drivers/clock_control/libdrivers__clock_control.a(clock_stm32_ll_h7.c.obj)
 .text.get_bus_clock
                0x0800df66       0x1c zephyr/drivers/clock_control/libdrivers__clock_control.a(clock_stm32_ll_h7.c.obj)
 .text.get_pllout_frequency
                0x0800df82       0x9a zephyr/drivers/clock_control/libdrivers__clock_control.a(clock_stm32_ll_h7.c.obj)
 .text.get_sysclk_frequency
                0x0800e01c       0x20 zephyr/drivers/clock_control/libdrivers__clock_control.a(clock_stm32_ll_h7.c.obj)
 .text.optimize_regulator_voltage_scale
                0x0800e03c       0x26 zephyr/drivers/clock_control/libdrivers__clock_control.a(clock_stm32_ll_h7.c.obj)
 .text.get_vco_output_range
                0x0800e062       0x1e zephyr/drivers/clock_control/libdrivers__clock_control.a(clock_stm32_ll_h7.c.obj)
 .text.enabled_clock
                0x0800e080       0x74 zephyr/drivers/clock_control/libdrivers__clock_control.a(clock_stm32_ll_h7.c.obj)
                0x0800e080                enabled_clock
 .text.set_up_fixed_clock_sources
                0x0800e0f4       0x3e zephyr/drivers/clock_control/libdrivers__clock_control.a(clock_stm32_ll_h7.c.obj)
 .text.stm32_clock_switch_to_hsi
                0x0800e132       0x36 zephyr/drivers/clock_control/libdrivers__clock_control.a(clock_stm32_ll_h7.c.obj)
 .text.set_up_plls
                0x0800e168      0x17a zephyr/drivers/clock_control/libdrivers__clock_control.a(clock_stm32_ll_h7.c.obj)
 .text.device_is_ready
                0x0800e2e2       0x18 zephyr/drivers/console/libdrivers__console.a(uart_console.c.obj)
 .text.z_impl_uart_poll_out
                0x0800e2fa       0x22 zephyr/drivers/console/libdrivers__console.a(uart_console.c.obj)
 .text.uart_poll_out
                0x0800e31c       0x1e zephyr/drivers/console/libdrivers__console.a(uart_console.c.obj)
 .text.pm_device_runtime_get
                0x0800e33a       0x14 zephyr/drivers/console/libdrivers__console.a(uart_console.c.obj)
 .text.pm_device_runtime_put_async
                0x0800e34e       0x18 zephyr/drivers/console/libdrivers__console.a(uart_console.c.obj)
 .text.LL_DMAMUX_SetRequestID
                0x0800e366       0x38 zephyr/drivers/dma/libdrivers__dma.a(dmamux_stm32.c.obj)
 .text.device_is_ready
                0x0800e39e       0x18 zephyr/drivers/dma/libdrivers__dma.a(dmamux_stm32.c.obj)
 .text.dma_config
                0x0800e3b6       0x24 zephyr/drivers/dma/libdrivers__dma.a(dmamux_stm32.c.obj)
 .text.dma_reload
                0x0800e3da       0x3e zephyr/drivers/dma/libdrivers__dma.a(dmamux_stm32.c.obj)
 .text.dma_start
                0x0800e418       0x20 zephyr/drivers/dma/libdrivers__dma.a(dmamux_stm32.c.obj)
 .text.dma_stop
                0x0800e438       0x32 zephyr/drivers/dma/libdrivers__dma.a(dmamux_stm32.c.obj)
 .text.dma_get_status
                0x0800e46a       0x36 zephyr/drivers/dma/libdrivers__dma.a(dmamux_stm32.c.obj)
 .text.clock_control_on
                0x0800e4a0       0x32 zephyr/drivers/dma/libdrivers__dma.a(dmamux_stm32.c.obj)
 .text.dmamux_stm32_configure
                0x0800e4d2       0x96 zephyr/drivers/dma/libdrivers__dma.a(dmamux_stm32.c.obj)
                0x0800e4d2                dmamux_stm32_configure
 .text.dmamux_stm32_start
                0x0800e568       0x60 zephyr/drivers/dma/libdrivers__dma.a(dmamux_stm32.c.obj)
                0x0800e568                dmamux_stm32_start
 .text.dmamux_stm32_stop
                0x0800e5c8       0x60 zephyr/drivers/dma/libdrivers__dma.a(dmamux_stm32.c.obj)
                0x0800e5c8                dmamux_stm32_stop
 .text.dmamux_stm32_reload
                0x0800e628       0x6c zephyr/drivers/dma/libdrivers__dma.a(dmamux_stm32.c.obj)
                0x0800e628                dmamux_stm32_reload
 .text.dmamux_stm32_get_status
                0x0800e694       0x64 zephyr/drivers/dma/libdrivers__dma.a(dmamux_stm32.c.obj)
                0x0800e694                dmamux_stm32_get_status
 .text.k_sleep  0x0800e6f8       0x42 zephyr/drivers/dma/libdrivers__dma.a(dma_stm32.c.obj)
 .text.k_sleep_ticks
                0x0800e73a       0x20 zephyr/drivers/dma/libdrivers__dma.a(dma_stm32.c.obj)
 .text.clock_control_on
                0x0800e75a       0x32 zephyr/drivers/dma/libdrivers__dma.a(dma_stm32.c.obj)
 .text.dma_stm32_dump_stream_irq
                0x0800e78c       0x26 zephyr/drivers/dma/libdrivers__dma.a(dma_stm32.c.obj)
 .text.dma_stm32_clear_stream_irq
                0x0800e7b2       0x36 zephyr/drivers/dma/libdrivers__dma.a(dma_stm32.c.obj)
 .text.dma_stm32_irq_handler
                0x0800e7e8      0x138 zephyr/drivers/dma/libdrivers__dma.a(dma_stm32.c.obj)
 .text.dma_stm32_get_direction
                0x0800e920       0x4c zephyr/drivers/dma/libdrivers__dma.a(dma_stm32.c.obj)
 .text.dma_stm32_get_memory_increment
                0x0800e96c       0x4c zephyr/drivers/dma/libdrivers__dma.a(dma_stm32.c.obj)
 .text.dma_stm32_get_periph_increment
                0x0800e9b8       0x4c zephyr/drivers/dma/libdrivers__dma.a(dma_stm32.c.obj)
 .text.dma_stm32_disable_stream
                0x0800ea04       0x50 zephyr/drivers/dma/libdrivers__dma.a(dma_stm32.c.obj)
 .text.dma_stm32_reload
                0x0800ea54      0x10c zephyr/drivers/dma/libdrivers__dma.a(dma_stm32.c.obj)
 .text.dma_stm32_start
                0x0800eb60       0x6a zephyr/drivers/dma/libdrivers__dma.a(dma_stm32.c.obj)
 .text.dma_stm32_stop
                0x0800ebca       0x9a zephyr/drivers/dma/libdrivers__dma.a(dma_stm32.c.obj)
 .text.dma_stm32_get_status
                0x0800ec64       0x6e zephyr/drivers/dma/libdrivers__dma.a(dma_stm32.c.obj)
 .text.dma_stm32_irq_0_0
                0x0800ecd2       0x16 zephyr/drivers/dma/libdrivers__dma.a(dma_stm32.c.obj)
 .text.dma_stm32_irq_0_1
                0x0800ece8       0x16 zephyr/drivers/dma/libdrivers__dma.a(dma_stm32.c.obj)
 .text.dma_stm32_irq_0_2
                0x0800ecfe       0x16 zephyr/drivers/dma/libdrivers__dma.a(dma_stm32.c.obj)
 .text.dma_stm32_irq_0_3
                0x0800ed14       0x16 zephyr/drivers/dma/libdrivers__dma.a(dma_stm32.c.obj)
 .text.dma_stm32_irq_0_4
                0x0800ed2a       0x16 zephyr/drivers/dma/libdrivers__dma.a(dma_stm32.c.obj)
 .text.dma_stm32_irq_0_5
                0x0800ed40       0x16 zephyr/drivers/dma/libdrivers__dma.a(dma_stm32.c.obj)
 .text.dma_stm32_irq_0_6
                0x0800ed56       0x16 zephyr/drivers/dma/libdrivers__dma.a(dma_stm32.c.obj)
 .text.dma_stm32_irq_0_7
                0x0800ed6c       0x16 zephyr/drivers/dma/libdrivers__dma.a(dma_stm32.c.obj)
 .text.dma_stm32_config_irq_0
                0x0800ed82       0x90 zephyr/drivers/dma/libdrivers__dma.a(dma_stm32.c.obj)
 .text.LL_DMA_IsActiveFlag_HT0
                0x0800ee12       0x24 zephyr/drivers/dma/libdrivers__dma.a(dma_stm32_v1.c.obj)
 .text.LL_DMA_IsActiveFlag_HT1
                0x0800ee36       0x26 zephyr/drivers/dma/libdrivers__dma.a(dma_stm32_v1.c.obj)
 .text.LL_DMA_IsActiveFlag_HT2
                0x0800ee5c       0x26 zephyr/drivers/dma/libdrivers__dma.a(dma_stm32_v1.c.obj)
 .text.LL_DMA_IsActiveFlag_HT3
                0x0800ee82       0x26 zephyr/drivers/dma/libdrivers__dma.a(dma_stm32_v1.c.obj)
 .text.LL_DMA_IsActiveFlag_HT4
                0x0800eea8       0x24 zephyr/drivers/dma/libdrivers__dma.a(dma_stm32_v1.c.obj)
 .text.LL_DMA_IsActiveFlag_HT5
                0x0800eecc       0x26 zephyr/drivers/dma/libdrivers__dma.a(dma_stm32_v1.c.obj)
 .text.LL_DMA_IsActiveFlag_HT6
                0x0800eef2       0x26 zephyr/drivers/dma/libdrivers__dma.a(dma_stm32_v1.c.obj)
 .text.LL_DMA_IsActiveFlag_HT7
                0x0800ef18       0x26 zephyr/drivers/dma/libdrivers__dma.a(dma_stm32_v1.c.obj)
 .text.LL_DMA_IsActiveFlag_TC0
                0x0800ef3e       0x24 zephyr/drivers/dma/libdrivers__dma.a(dma_stm32_v1.c.obj)
 .text.LL_DMA_IsActiveFlag_TC1
                0x0800ef62       0x26 zephyr/drivers/dma/libdrivers__dma.a(dma_stm32_v1.c.obj)
 .text.LL_DMA_IsActiveFlag_TC2
                0x0800ef88       0x26 zephyr/drivers/dma/libdrivers__dma.a(dma_stm32_v1.c.obj)
 .text.LL_DMA_IsActiveFlag_TC3
                0x0800efae       0x26 zephyr/drivers/dma/libdrivers__dma.a(dma_stm32_v1.c.obj)
 .text.LL_DMA_IsActiveFlag_TC4
                0x0800efd4       0x24 zephyr/drivers/dma/libdrivers__dma.a(dma_stm32_v1.c.obj)
 .text.LL_DMA_IsActiveFlag_TC5
                0x0800eff8       0x26 zephyr/drivers/dma/libdrivers__dma.a(dma_stm32_v1.c.obj)
 .text.LL_DMA_IsActiveFlag_TC6
                0x0800f01e       0x26 zephyr/drivers/dma/libdrivers__dma.a(dma_stm32_v1.c.obj)
 .text.LL_DMA_IsActiveFlag_TC7
                0x0800f044       0x26 zephyr/drivers/dma/libdrivers__dma.a(dma_stm32_v1.c.obj)
 .text.LL_DMA_IsActiveFlag_FE0
                0x0800f06a       0x24 zephyr/drivers/dma/libdrivers__dma.a(dma_stm32_v1.c.obj)
 .text.LL_DMA_IsActiveFlag_FE1
                0x0800f08e       0x24 zephyr/drivers/dma/libdrivers__dma.a(dma_stm32_v1.c.obj)
 .text.LL_DMA_IsActiveFlag_FE2
                0x0800f0b2       0x26 zephyr/drivers/dma/libdrivers__dma.a(dma_stm32_v1.c.obj)
 .text.LL_DMA_IsActiveFlag_FE3
                0x0800f0d8       0x26 zephyr/drivers/dma/libdrivers__dma.a(dma_stm32_v1.c.obj)
 .text.LL_DMA_IsActiveFlag_FE4
                0x0800f0fe       0x24 zephyr/drivers/dma/libdrivers__dma.a(dma_stm32_v1.c.obj)
 .text.LL_DMA_IsActiveFlag_FE5
                0x0800f122       0x24 zephyr/drivers/dma/libdrivers__dma.a(dma_stm32_v1.c.obj)
 .text.LL_DMA_IsActiveFlag_FE6
                0x0800f146       0x26 zephyr/drivers/dma/libdrivers__dma.a(dma_stm32_v1.c.obj)
 .text.LL_DMA_IsActiveFlag_FE7
                0x0800f16c       0x26 zephyr/drivers/dma/libdrivers__dma.a(dma_stm32_v1.c.obj)
 .text.LL_DMA_ClearFlag_HT0
                0x0800f192       0x18 zephyr/drivers/dma/libdrivers__dma.a(dma_stm32_v1.c.obj)
 .text.LL_DMA_ClearFlag_HT1
                0x0800f1aa       0x1a zephyr/drivers/dma/libdrivers__dma.a(dma_stm32_v1.c.obj)
 .text.LL_DMA_ClearFlag_HT2
                0x0800f1c4       0x1a zephyr/drivers/dma/libdrivers__dma.a(dma_stm32_v1.c.obj)
 .text.LL_DMA_ClearFlag_HT3
                0x0800f1de       0x1a zephyr/drivers/dma/libdrivers__dma.a(dma_stm32_v1.c.obj)
 .text.LL_DMA_ClearFlag_HT4
                0x0800f1f8       0x18 zephyr/drivers/dma/libdrivers__dma.a(dma_stm32_v1.c.obj)
 .text.LL_DMA_ClearFlag_HT5
                0x0800f210       0x1a zephyr/drivers/dma/libdrivers__dma.a(dma_stm32_v1.c.obj)
 .text.LL_DMA_ClearFlag_HT6
                0x0800f22a       0x1a zephyr/drivers/dma/libdrivers__dma.a(dma_stm32_v1.c.obj)
 .text.LL_DMA_ClearFlag_HT7
                0x0800f244       0x1a zephyr/drivers/dma/libdrivers__dma.a(dma_stm32_v1.c.obj)
 .text.LL_DMA_ClearFlag_TC0
                0x0800f25e       0x18 zephyr/drivers/dma/libdrivers__dma.a(dma_stm32_v1.c.obj)
 .text.LL_DMA_ClearFlag_TC1
                0x0800f276       0x1a zephyr/drivers/dma/libdrivers__dma.a(dma_stm32_v1.c.obj)
 .text.LL_DMA_ClearFlag_TC2
                0x0800f290       0x1a zephyr/drivers/dma/libdrivers__dma.a(dma_stm32_v1.c.obj)
 .text.LL_DMA_ClearFlag_TC3
                0x0800f2aa       0x1a zephyr/drivers/dma/libdrivers__dma.a(dma_stm32_v1.c.obj)
 .text.LL_DMA_ClearFlag_TC4
                0x0800f2c4       0x18 zephyr/drivers/dma/libdrivers__dma.a(dma_stm32_v1.c.obj)
 .text.LL_DMA_ClearFlag_TC5
                0x0800f2dc       0x1a zephyr/drivers/dma/libdrivers__dma.a(dma_stm32_v1.c.obj)
 .text.LL_DMA_ClearFlag_TC6
                0x0800f2f6       0x1a zephyr/drivers/dma/libdrivers__dma.a(dma_stm32_v1.c.obj)
 .text.LL_DMA_ClearFlag_TC7
                0x0800f310       0x1a zephyr/drivers/dma/libdrivers__dma.a(dma_stm32_v1.c.obj)
 .text.LL_DMA_ClearFlag_TE0
                0x0800f32a       0x18 zephyr/drivers/dma/libdrivers__dma.a(dma_stm32_v1.c.obj)
 .text.LL_DMA_ClearFlag_TE1
                0x0800f342       0x1a zephyr/drivers/dma/libdrivers__dma.a(dma_stm32_v1.c.obj)
 .text.LL_DMA_ClearFlag_TE2
                0x0800f35c       0x1a zephyr/drivers/dma/libdrivers__dma.a(dma_stm32_v1.c.obj)
 .text.LL_DMA_ClearFlag_TE3
                0x0800f376       0x1a zephyr/drivers/dma/libdrivers__dma.a(dma_stm32_v1.c.obj)
 .text.LL_DMA_ClearFlag_TE4
                0x0800f390       0x18 zephyr/drivers/dma/libdrivers__dma.a(dma_stm32_v1.c.obj)
 .text.LL_DMA_ClearFlag_TE5
                0x0800f3a8       0x1a zephyr/drivers/dma/libdrivers__dma.a(dma_stm32_v1.c.obj)
 .text.LL_DMA_ClearFlag_TE6
                0x0800f3c2       0x1a zephyr/drivers/dma/libdrivers__dma.a(dma_stm32_v1.c.obj)
 .text.LL_DMA_ClearFlag_TE7
                0x0800f3dc       0x1a zephyr/drivers/dma/libdrivers__dma.a(dma_stm32_v1.c.obj)
 .text.LL_DMA_ClearFlag_DME0
                0x0800f3f6       0x18 zephyr/drivers/dma/libdrivers__dma.a(dma_stm32_v1.c.obj)
 .text.LL_DMA_ClearFlag_DME1
                0x0800f40e       0x1a zephyr/drivers/dma/libdrivers__dma.a(dma_stm32_v1.c.obj)
 .text.LL_DMA_ClearFlag_DME2
                0x0800f428       0x1a zephyr/drivers/dma/libdrivers__dma.a(dma_stm32_v1.c.obj)
 .text.LL_DMA_ClearFlag_DME3
                0x0800f442       0x1a zephyr/drivers/dma/libdrivers__dma.a(dma_stm32_v1.c.obj)
 .text.LL_DMA_ClearFlag_DME4
                0x0800f45c       0x18 zephyr/drivers/dma/libdrivers__dma.a(dma_stm32_v1.c.obj)
 .text.LL_DMA_ClearFlag_DME5
                0x0800f474       0x1a zephyr/drivers/dma/libdrivers__dma.a(dma_stm32_v1.c.obj)
 .text.LL_DMA_ClearFlag_DME6
                0x0800f48e       0x1a zephyr/drivers/dma/libdrivers__dma.a(dma_stm32_v1.c.obj)
 .text.LL_DMA_ClearFlag_DME7
                0x0800f4a8       0x1a zephyr/drivers/dma/libdrivers__dma.a(dma_stm32_v1.c.obj)
 .text.LL_DMA_ClearFlag_FE0