Archive member included to satisfy reference by file (symbol)

app/libapp.a(main.c.obj)      (--whole-archive)
app/libapp.a(app_shell.c.obj)
                              (--whole-archive)
app/libapp.a(api_i2c.c.obj)   (--whole-archive)
app/libapp.a(api_uart.c.obj)  (--whole-archive)
app/libapp.a(api_ymodem.c.obj)
                              (--whole-archive)
zephyr/libzephyr.a(validate_libc.c.obj)
                              (--whole-archive)
zephyr/libzephyr.a(heap.c.obj)
                              (--whole-archive)
zephyr/libzephyr.a(boot_banner.c.obj)
                              (--whole-archive)
zephyr/libzephyr.a(cbprintf_packaged.c.obj)
                              (--whole-archive)
zephyr/libzephyr.a(clock.c.obj)
                              (--whole-archive)
zephyr/libzephyr.a(printk.c.obj)
                              (--whole-archive)
zephyr/libzephyr.a(cbprintf_complete.c.obj)
                              (--whole-archive)
zephyr/libzephyr.a(assert.c.obj)
                              (--whole-archive)
zephyr/libzephyr.a(reboot.c.obj)
                              (--whole-archive)
zephyr/libzephyr.a(dec.c.obj)
                              (--whole-archive)
zephyr/libzephyr.a(hex.c.obj)
                              (--whole-archive)
zephyr/libzephyr.a(rb.c.obj)  (--whole-archive)
zephyr/libzephyr.a(set.c.obj)
                              (--whole-archive)
zephyr/libzephyr.a(timeutil.c.obj)
                              (--whole-archive)
zephyr/libzephyr.a(bitarray.c.obj)
                              (--whole-archive)
zephyr/libzephyr.a(bitmask.c.obj)
                              (--whole-archive)
zephyr/libzephyr.a(getopt.c.obj)
                              (--whole-archive)
zephyr/libzephyr.a(getopt_common.c.obj)
                              (--whole-archive)
zephyr/libzephyr.a(ring_buffer.c.obj)
                              (--whole-archive)
zephyr/libzephyr.a(last_section_id.c.obj)
                              (--whole-archive)
zephyr/libzephyr.a(configs.c.obj)
                              (--whole-archive)
zephyr/libzephyr.a(stm32cube_hal.c.obj)
                              (--whole-archive)
zephyr/libzephyr.a(soc_config.c.obj)
                              (--whole-archive)
zephyr/libzephyr.a(gpioport_mgr.c.obj)
                              (--whole-archive)
zephyr/libzephyr.a(stm32_backup_domain.c.obj)
                              (--whole-archive)
zephyr/libzephyr.a(soc_m7.c.obj)
                              (--whole-archive)
zephyr/libzephyr.a(mpu_regions.c.obj)
                              (--whole-archive)
zephyr/libzephyr.a(mem_attr.c.obj)
                              (--whole-archive)
zephyr/libzephyr.a(tracing_none.c.obj)
                              (--whole-archive)
zephyr/libzephyr.a(kernel_shell.c.obj)
                              (--whole-archive)
zephyr/libzephyr.a(cycles.c.obj)
                              (--whole-archive)
zephyr/libzephyr.a(sleep.c.obj)
                              (--whole-archive)
zephyr/libzephyr.a(uptime.c.obj)
                              (--whole-archive)
zephyr/libzephyr.a(version.c.obj)
                              (--whole-archive)
zephyr/libzephyr.a(reboot.c.obj)
                              (--whole-archive)
zephyr/libzephyr.a(thread.c.obj)
                              (--whole-archive)
zephyr/libzephyr.a(list.c.obj)
                              (--whole-archive)
zephyr/libzephyr.a(stacks.c.obj)
                              (--whole-archive)
zephyr/libzephyr.a(suspend.c.obj)
                              (--whole-archive)
zephyr/libzephyr.a(resume.c.obj)
                              (--whole-archive)
zephyr/libzephyr.a(kill.c.obj)
                              (--whole-archive)
zephyr/libzephyr.a(device_service.c.obj)
                              (--whole-archive)
zephyr/libzephyr.a(devmem_service.c.obj)
                              (--whole-archive)
zephyr/libzephyr.a(shell_uart.c.obj)
                              (--whole-archive)
zephyr/libzephyr.a(shell.c.obj)
                              (--whole-archive)
zephyr/libzephyr.a(shell_fprintf.c.obj)
                              (--whole-archive)
zephyr/libzephyr.a(shell_utils.c.obj)
                              (--whole-archive)
zephyr/libzephyr.a(shell_ops.c.obj)
                              (--whole-archive)
zephyr/libzephyr.a(shell_help.c.obj)
                              (--whole-archive)
zephyr/libzephyr.a(shell_cmds.c.obj)
                              (--whole-archive)
zephyr/libzephyr.a(shell_history.c.obj)
                              (--whole-archive)
zephyr/libzephyr.a(shell_wildcard.c.obj)
                              (--whole-archive)
zephyr/libzephyr.a(sem.c.obj)
                              (--whole-archive)
zephyr/libzephyr.a(thread_entry.c.obj)
                              (--whole-archive)
zephyr/arch/common/libarch__common.a(sw_isr_common.c.obj)
                              (--whole-archive)
[...]
Memory Configuration

Name             Origin             Length             Attributes
FLASH            0x08040000         0x001c0000         xr
RAM              0x24000000         0x00080000         xw
ITCM             0x00000000         0x00010000         rw
DTCM             0x20000000         0x00020000         rw
EXTMEM           0x90000000         0x10000000         rw
SRAM0            0x24000000         0x00080000         rw
SRAM1            0x30000000         0x00020000         rw
SRAM2            0x30020000         0x00020000         rw
SRAM4            0x38000000         0x00010000         rw
SRAM3            0x30040000         0x00008000         rw
IDT_LIST         0xffff7fff         0x00008000         xw
*default*        0x00000000         0xffffffff

Linker script and memory map

                0x0804fa0c                        vfprintf = __l_vfprintf
                0x080503c0                        vfscanf = __l_vfscanf
LOAD zephyr/CMakeFiles/zephyr_pre0.dir/misc/empty_file.c.obj
LOAD zephyr/CMakeFiles/offsets.dir/./arch/arm/core/offsets/offsets.c.obj
LOAD app/libapp.a
LOAD zephyr/libzephyr.a
LOAD zephyr/arch/common/libarch__common.a
LOAD zephyr/arch/arch/arm/core/libarch__arm__core.a
LOAD zephyr/arch/arch/arm/core/cortex_m/libarch__arm__core__cortex_m.a
LOAD zephyr/arch/arch/arm/core/mpu/libarch__arm__core__mpu.a
LOAD zephyr/lib/libc/picolibc/liblib__libc__picolibc.a
LOAD zephyr/lib/libc/common/liblib__libc__common.a
LOAD zephyr/subsys/portability/posix/c_lib_ext/libsubsys__portability__posix__c_lib_ext.a
LOAD zephyr/drivers/interrupt_controller/libdrivers__interrupt_controller.a
LOAD zephyr/drivers/clock_control/libdrivers__clock_control.a
LOAD zephyr/drivers/console/libdrivers__console.a
LOAD zephyr/drivers/dma/libdrivers__dma.a
LOAD zephyr/drivers/pinctrl/libdrivers__pinctrl.a
LOAD zephyr/drivers/reset/libdrivers__reset.a
LOAD zephyr/drivers/rtc/libdrivers__rtc.a
LOAD zephyr/drivers/serial/libdrivers__serial.a
LOAD zephyr/drivers/timer/libdrivers__timer.a
LOAD modules/hal_stm32/stm32cube/lib..__modules__hal__stm32__stm32cube.a
LOAD zephyr/kernel/libkernel.a
LOAD zephyr/arch/common/libisr_tables.a
LOAD C:/Users/Administrator/zephyr-sdk-1.0.1/gnu/arm-zephyr-eabi/bin/../lib/gcc/arm-zephyr-eabi/14.3.0/../../../../arm-zephyr-eabi/lib/thumb/v7e-m/nofp\libc.a
LOAD C:/Users/Administrator/zephyr-sdk-1.0.1/gnu/arm-zephyr-eabi/bin/../lib/gcc/arm-zephyr-eabi/14.3.0/thumb/v7e-m/nofp\libgcc.a
                0x00000020                        _region_min_align = 0x20

.rel.plt        0x08040000        0x0
 *(SORT_BY_ALIGNMENT(.rel.plt))
                [!provide]                        PROVIDE (__rel_iplt_start = .)
 *(SORT_BY_ALIGNMENT(.rel.iplt))
 .rel.iplt      0x08040000        0x0 app/libapp.a(main.c.obj)
                [!provide]                        PROVIDE (__rel_iplt_end = .)

.rela.plt       0x00000000        0x0
 *(SORT_BY_ALIGNMENT(.rela.plt))
                [!provide]                        PROVIDE (__rela_iplt_start = .)
 *(SORT_BY_ALIGNMENT(.rela.iplt))
                [!provide]                        PROVIDE (__rela_iplt_end = .)

.rel.dyn
 *(SORT_BY_ALIGNMENT(.rel.*))

.rela.dyn
 *(SORT_BY_ALIGNMENT(.rela.*))

/DISCARD/
 *(SORT_BY_ALIGNMENT(.plt))

/DISCARD/
 *(SORT_BY_ALIGNMENT(.iplt))
                0x08040000                        __rom_region_start = 0x8040000

rom_start       0x08040000      0x1dc
                0x08040000                        __rom_start_address = .
 FILL mask 0x00
                0x08040000                        . = (. + (0x0 - (. - __rom_start_address)))
                0x08040000                        . = ALIGN (0x4)
                0x08040000                        . = ALIGN (0x80)
                0x08040000                        . = ALIGN (0x200)
                0x08040000                        _vector_start = .
 *(SORT_BY_ALIGNMENT(.exc_vector_table))
 *(SORT_BY_ALIGNMENT(.exc_vector_table.*))
 .exc_vector_table._vector_table_section
                0x08040000       0x40 zephyr/arch/arch/arm/core/cortex_m/libarch__arm__core__cortex_m.a(vector_table.S.obj)
                0x08040000                _vector_table
 *(SORT_BY_ALIGNMENT(.vectors))
                0x080401dc                        _vector_end = .
                0x08040040                        . = ALIGN (0x4)
 *(SORT_BY_ALIGNMENT(.gnu.linkonce.irq_vector_table*))
 .gnu.linkonce.irq_vector_table
                0x08040040      0x19c zephyr/arch/common/libisr_tables.a(isr_tables.c.obj)
                0x08040040                _irq_vector_table
                0x080401dc                        _vector_end = .

text            0x08040200    0x1cec0
                0x08040200                        __text_region_start = .
 *(SORT_BY_ALIGNMENT(.text))
 .text          0x08040200       0xd8 C:/Users/Administrator/zephyr-sdk-1.0.1/gnu/arm-zephyr-eabi/bin/../lib/gcc/arm-zephyr-eabi/14.3.0/../../../../arm-zephyr-eabi/lib/thumb/v7e-m/nofp\libc.a(strlen.S.o)
                0x08040200                strlen
 *fill*         0x080402d8        0x8 
 .text          0x080402e0      0x2e0 C:/Users/Administrator/zephyr-sdk-1.0.1/gnu/arm-zephyr-eabi/bin/../lib/gcc/arm-zephyr-eabi/14.3.0/../../../../arm-zephyr-eabi/lib/thumb/v7e-m/nofp\libc.a(strcmp.S.o)
                0x080402e0                strcmp
 .text          0x080405c0       0xbc C:/Users/Administrator/zephyr-sdk-1.0.1/gnu/arm-zephyr-eabi/bin/../lib/gcc/arm-zephyr-eabi/14.3.0/../../../../arm-zephyr-eabi/lib/thumb/v7e-m/nofp\libc.a(strcpy.S.o)
                0x080405c0                strcpy
 .text          0x0804067c      0x134 C:/Users/Administrator/zephyr-sdk-1.0.1/gnu/arm-zephyr-eabi/bin/../lib/gcc/arm-zephyr-eabi/14.3.0/../../../../arm-zephyr-eabi/lib/thumb/v7e-m/nofp\libc.a(memcpy.S.o)
                0x0804067c                __aeabi_memcpy
                0x0804067c                __aeabi_memcpy4
                0x0804067c                __aeabi_memcpy8
                0x0804067c                memcpy
 .text          0x080407b0       0xa0 C:/Users/Administrator/zephyr-sdk-1.0.1/gnu/arm-zephyr-eabi/bin/../lib/gcc/arm-zephyr-eabi/14.3.0/thumb/v7e-m/nofp\libgcc.a(_aeabi_ldivmod.o)
                0x080407b0                __aeabi_ldivmod
 .text          0x08040850       0x30 C:/Users/Administrator/zephyr-sdk-1.0.1/gnu/arm-zephyr-eabi/bin/../lib/gcc/arm-zephyr-eabi/14.3.0/thumb/v7e-m/nofp\libgcc.a(_aeabi_uldivmod.o)
                0x08040850                __aeabi_uldivmod
 .text          0x08040880        0x4 C:/Users/Administrator/zephyr-sdk-1.0.1/gnu/arm-zephyr-eabi/bin/../lib/gcc/arm-zephyr-eabi/14.3.0/thumb/v7e-m/nofp\libgcc.a(_dvmd_tls.o)
                0x08040880                __aeabi_idiv0
                0x08040880                __aeabi_ldiv0
 .text          0x08040884      0x2bc C:/Users/Administrator/zephyr-sdk-1.0.1/gnu/arm-zephyr-eabi/bin/../lib/gcc/arm-zephyr-eabi/14.3.0/thumb/v7e-m/nofp\libgcc.a(_udivmoddi4.o)
                0x08040884                __udivmoddi4
 *(SORT_BY_ALIGNMENT(.text.*))
 .text.cmd_kernel_uptime
                0x08040b40      0x178 zephyr/libzephyr.a(uptime.c.obj)
 .text.main     0x08040cb8       0x1c app/libapp.a(main.c.obj)
                0x08040cb8                main
 .text.shell_reboot
                0x08040cd4       0x48 app/libapp.a(app_shell.c.obj)
 .text.shell_date_set
                0x08040d1c      0x1dc app/libapp.a(app_shell.c.obj)
 .text.shell_date_get
                0x08040ef8       0x70 app/libapp.a(app_shell.c.obj)
 .text.shell_date
                0x08040f68       0xcc app/libapp.a(app_shell.c.obj)
 .text.__printk_hook_install
                0x08041034       0x1c zephyr/libzephyr.a(printk.c.obj)
                0x08041034                __printk_hook_install
 .text.char_out
                0x08041050       0x20 zephyr/libzephyr.a(printk.c.obj)
 .text.vprintk_core
                0x08041070       0x3c zephyr/libzephyr.a(printk.c.obj)
 .text.vprintk_user
                0x080410ac       0x4c zephyr/libzephyr.a(printk.c.obj)
 .text.str_out_chars
                0x080410f8       0x3c zephyr/libzephyr.a(printk.c.obj)
 .text.sys_reboot
                0x08041134       0x44 zephyr/libzephyr.a(reboot.c.obj)
                0x08041134                sys_reboot
 .text.sys_getopt_init
                0x08041178       0x70 zephyr/libzephyr.a(getopt.c.obj)
                0x08041178                sys_getopt_init
 .text.sys_getopt
                0x080411e8      0x1e0 zephyr/libzephyr.a(getopt.c.obj)
                0x080411e8                sys_getopt
 .text.z_getopt_global_state_update
                0x080413c8       0x54 zephyr/libzephyr.a(getopt_common.c.obj)
                0x080413c8                z_getopt_global_state_update
 .text.sys_getopt_state_get
                0x0804141c       0x14 zephyr/libzephyr.a(getopt_common.c.obj)
                0x0804141c                sys_getopt_state_get
 .text.LL_DBGMCU_EnableD1DebugInSleepMode
                0x08041430       0x1c zephyr/libzephyr.a(soc_config.c.obj)
 .text.LL_DBGMCU_EnableD1DebugInStopMode
                0x0804144c       0x1c zephyr/libzephyr.a(soc_config.c.obj)
 .text.stm32_gpioport_get
                0x08041468       0x3c zephyr/libzephyr.a(gpioport_mgr.c.obj)
                0x08041468                stm32_gpioport_get
 .text.stm32_gpioport_pm_action
                0x080414a4       0x5c zephyr/libzephyr.a(gpioport_mgr.c.obj)
 .text.stm32_gpioport_init
                0x08041500       0x20 zephyr/libzephyr.a(gpioport_mgr.c.obj)
 .text.LL_PWR_EnableBkUpAccess
                0x08041520       0x1c zephyr/libzephyr.a(stm32_backup_domain.c.obj)
 .text.LL_PWR_DisableBkUpAccess
                0x0804153c       0x1c zephyr/libzephyr.a(stm32_backup_domain.c.obj)
 .text.LL_PWR_IsEnabledBkUpAccess
                0x08041558       0x24 zephyr/libzephyr.a(stm32_backup_domain.c.obj)
 .text.stm32_backup_domain_enable_access
                0x0804157c       0x90 zephyr/libzephyr.a(stm32_backup_domain.c.obj)
                0x0804157c                stm32_backup_domain_enable_access
 .text.stm32_backup_domain_disable_access
                0x0804160c       0xa0 zephyr/libzephyr.a(stm32_backup_domain.c.obj)
                0x0804160c                stm32_backup_domain_disable_access
 .text.LL_PWR_ConfigSupply
                0x080416ac       0x28 zephyr/libzephyr.a(soc_m7.c.obj)
 .text.LL_DBGMCU_GetRevisionID
                0x080416d4       0x18 zephyr/libzephyr.a(soc_m7.c.obj)
 .text.soc_reset_hook
                0x080416ec       0x3c zephyr/libzephyr.a(soc_m7.c.obj)
                0x080416ec                soc_reset_hook
 .text.soc_early_init_hook
                0x08041728       0x60 zephyr/libzephyr.a(soc_m7.c.obj)
                0x08041728                soc_early_init_hook
 .text.mem_attr_get_regions
                0x08041788       0x20 zephyr/libzephyr.a(mem_attr.c.obj)
                0x08041788                mem_attr_get_regions
 .text.cmd_kernel_cycles
                0x080417a8       0x2c zephyr/libzephyr.a(cycles.c.obj)
 .text.z_sleep_ticks_to_int32_ms
                0x080417d4       0x28 zephyr/libzephyr.a(sleep.c.obj)
 .text.cmd_kernel_sleep
                0x080417fc       0x50 zephyr/libzephyr.a(sleep.c.obj)
 .text.cmd_kernel_version
                0x0804184c       0x2c zephyr/libzephyr.a(version.c.obj)
 .text.z_thread_is_valid
                0x08041878       0x2c zephyr/libzephyr.a(thread.c.obj)
                0x08041878                z_thread_is_valid
 .text.k_current_get
                0x080418a4       0x18 zephyr/libzephyr.a(list.c.obj)
 .text.shell_tdata_dump
                0x080418bc      0x120 zephyr/libzephyr.a(list.c.obj)
 .text.cmd_kernel_thread_list
                0x080419dc       0x54 zephyr/libzephyr.a(list.c.obj)
 .text.shell_stack_dump
                0x08041a30       0x98 zephyr/libzephyr.a(stacks.c.obj)
 .text.cmd_kernel_thread_stacks
                0x08041ac8       0xd8 zephyr/libzephyr.a(stacks.c.obj)
 .text.k_current_get
                0x08041ba0       0x18 zephyr/libzephyr.a(suspend.c.obj)
 .text.cmd_kernel_thread_suspend
                0x08041bb8       0x88 zephyr/libzephyr.a(suspend.c.obj)
 .text.k_current_get
                0x08041c40       0x18 zephyr/libzephyr.a(resume.c.obj)
 .text.cmd_kernel_thread_resume
                0x08041c58       0x88 zephyr/libzephyr.a(resume.c.obj)
 .text.k_current_get
                0x08041ce0       0x18 zephyr/libzephyr.a(kill.c.obj)
 .text.cmd_kernel_thread_kill
                0x08041cf8       0x88 zephyr/libzephyr.a(kill.c.obj)
 .text.get_device_name
                0x08041d80       0x40 zephyr/libzephyr.a(device_service.c.obj)
 .text.cmd_device_list
                0x08041dc0      0x148 zephyr/libzephyr.a(device_service.c.obj)
 .text.device_name_lookup
                0x08041f08       0x44 zephyr/libzephyr.a(device_service.c.obj)
 .text.cmd_device_init
                0x08041f4c       0xa8 zephyr/libzephyr.a(device_service.c.obj)
 .text.device_name_get_non_ready
                0x08041ff4       0x44 zephyr/libzephyr.a(device_service.c.obj)
 .text.memory_dump
                0x08042038      0x154 zephyr/libzephyr.a(devmem_service.c.obj)
 .text.cmd_dump
                0x0804218c      0x158 zephyr/libzephyr.a(devmem_service.c.obj)
 .text.set_bypass
                0x080422e4       0x80 zephyr/libzephyr.a(devmem_service.c.obj)
 .text.bypass_cb
                0x08042364      0x1a4 zephyr/libzephyr.a(devmem_service.c.obj)
 .text.cmd_load
                0x08042508      0x120 zephyr/libzephyr.a(devmem_service.c.obj)
 .text.memory_read
                0x08042628       0xac zephyr/libzephyr.a(devmem_service.c.obj)
 .text.memory_write
                0x080426d4       0x84 zephyr/libzephyr.a(devmem_service.c.obj)
 .text.cmd_devmem
                0x08042758       0xc8 zephyr/libzephyr.a(devmem_service.c.obj)
 .text.irq_init
                0x08042820       0x58 zephyr/libzephyr.a(shell_uart.c.obj)
 .text.enable_shell_uart
                0x08042878       0x68 zephyr/libzephyr.a(shell_uart.c.obj)
 .text.k_current_get
                0x080428e0       0x18 zephyr/libzephyr.a(shell.c.obj)
 .text.z_clear_eos
                0x080428f8       0x34 zephyr/libzephyr.a(shell.c.obj)
 .text.z_cursor_next_line_move
                0x0804292c       0x20 zephyr/libzephyr.a(shell.c.obj)
 .text.shell_internal_help_print
                0x0804294c       0x30 zephyr/libzephyr.a(shell.c.obj)
 .text.cmd_precheck
                0x0804297c       0x44 zephyr/libzephyr.a(shell.c.obj)
 .text.state_set
                0x080429c0       0x60 zephyr/libzephyr.a(shell.c.obj)
 .text.tab_item_print
                0x08042a20       0xc4 zephyr/libzephyr.a(shell.c.obj)
 .text.alias_expansion_needed
                0x08042ae4       0xac zephyr/libzephyr.a(shell.c.obj)
 .text.command_starts_with
                0x08042b90       0x8c zephyr/libzephyr.a(shell.c.obj)
 .text.tab_prepare
                0x08042c1c      0x228 zephyr/libzephyr.a(shell.c.obj)
 .text.root_autocomplete
                0x08042e44       0xa4 zephyr/libzephyr.a(shell.c.obj)
 .text.autocomplete
                0x08042ee8       0xbc zephyr/libzephyr.a(shell.c.obj)
 .text.exec_cmd
                0x08042fa4      0x120 zephyr/libzephyr.a(shell.c.obj)
 .text.wildcard_check_report
                0x080430c4       0x44 zephyr/libzephyr.a(shell.c.obj)
 .text.execute  0x08043108      0x4d4 zephyr/libzephyr.a(shell.c.obj)
 .text.ctrl_metakeys_handle
                0x080435dc      0x188 zephyr/libzephyr.a(shell.c.obj)
 .text.state_collect
                0x08043764      0x444 zephyr/libzephyr.a(shell.c.obj)
 .text.instance_init
                0x08043ba8      0x104 zephyr/libzephyr.a(shell.c.obj)
 .text.shell_thread
                0x08043cac       0x88 zephyr/libzephyr.a(shell.c.obj)
                0x08043cac                shell_thread
 .text.shell_init
                0x08043d34       0xc8 zephyr/libzephyr.a(shell.c.obj)
                0x08043d34                shell_init
 .text.cmd_help
                0x08043dfc       0x5c zephyr/libzephyr.a(shell.c.obj)
 .text.cbpprintf
                0x08043e58       0x28 zephyr/libzephyr.a(shell_fprintf.c.obj)
 .text.z_shell_fprintf_fmt
                0x08043e80       0x34 zephyr/libzephyr.a(shell_fprintf.c.obj)
                0x08043e80                z_shell_fprintf_fmt
 .text.z_shell_cbpprintf_fmt
                0x08043eb4       0x30 zephyr/libzephyr.a(shell_fprintf.c.obj)
                0x08043eb4                z_shell_cbpprintf_fmt
 .text.shell_root_cmd_get
                0x08043ee4       0x24 zephyr/libzephyr.a(shell_utils.c.obj)
 .text.is_dynamic_cmd
                0x08043f08       0x38 zephyr/libzephyr.a(shell_utils.c.obj)
 .text.is_section_cmd
                0x08043f40       0x38 zephyr/libzephyr.a(shell_utils.c.obj)
 .text.make_argv
                0x08043f78      0x254 zephyr/libzephyr.a(shell_utils.c.obj)
 .text.z_shell_make_argv
                0x080441cc       0x88 zephyr/libzephyr.a(shell_utils.c.obj)
                0x080441cc                z_shell_make_argv
 .text.shell_root_cmd_count
                0x08044254       0x24 zephyr/libzephyr.a(shell_utils.c.obj)
 .text.z_shell_spaces_trim
                0x08044278       0xc4 zephyr/libzephyr.a(shell_utils.c.obj)
                0x08044278                z_shell_spaces_trim
 .text.buffer_trim
                0x0804433c       0xc0 zephyr/libzephyr.a(shell_utils.c.obj)
 .text.shell_strtoul
                0x080443fc       0x90 zephyr/libzephyr.a(shell_utils.c.obj)
                0x080443fc                shell_strtoul
 .text.shell_hexdump_line
                0x0804448c      0x114 zephyr/libzephyr.a(shell_utils.c.obj)
                0x0804448c                shell_hexdump_line
 .text.z_clear_eos
                0x080445a0       0x34 zephyr/libzephyr.a(shell_ops.c.obj)
 .text.z_cursor_save
                0x080445d4       0x34 zephyr/libzephyr.a(shell_ops.c.obj)
 .text.z_cursor_restore
                0x08044608       0x34 zephyr/libzephyr.a(shell_ops.c.obj)
 .text.z_cursor_next_line_move
                0x0804463c       0x20 zephyr/libzephyr.a(shell_ops.c.obj)
 .text.z_shell_op_cursor_vert_move
                0x0804465c       0x58 zephyr/libzephyr.a(shell_ops.c.obj)
                0x0804465c                z_shell_op_cursor_vert_move
 .text.z_shell_op_cursor_horiz_move
                0x080446b4       0x58 zephyr/libzephyr.a(shell_ops.c.obj)
                0x080446b4                z_shell_op_cursor_horiz_move
 .text.shift_calc
                0x0804470c       0x90 zephyr/libzephyr.a(shell_ops.c.obj)
 .text.z_shell_op_word_remove
                0x0804479c      0x104 zephyr/libzephyr.a(shell_ops.c.obj)
                0x0804479c                z_shell_op_word_remove
 .text.reprint_from_cursor
                0x080448a0      0x178 zephyr/libzephyr.a(shell_ops.c.obj)
 .text.char_replace
                0x08044a18       0x7c zephyr/libzephyr.a(shell_ops.c.obj)
 .text.print_prompt
                0x08044a94       0x30 zephyr/libzephyr.a(shell_ops.c.obj)
 .text.z_shell_print_cmd
                0x08044ac4       0xd8 zephyr/libzephyr.a(shell_ops.c.obj)
                0x08044ac4                z_shell_print_cmd
 .text.vt100_bgcolor_set
                0x08044b9c       0x64 zephyr/libzephyr.a(shell_ops.c.obj)
 .text.z_shell_vt100_color_set
                0x08044c00       0x88 zephyr/libzephyr.a(shell_ops.c.obj)
                0x08044c00                z_shell_vt100_color_set
 .text.shell_help_is_structured
                0x08044c88       0x70 zephyr/libzephyr.a(shell_help.c.obj)
 .text.z_cursor_next_line_move
                0x08044cf8       0x20 zephyr/libzephyr.a(shell_help.c.obj)
 .text.formatted_text_print
                0x08044d18      0x1c8 zephyr/libzephyr.a(shell_help.c.obj)
 .text.formatted_structured_help_print
                0x08044ee0       0x64 zephyr/libzephyr.a(shell_help.c.obj)
 .text.help_item_print
                0x08044f44       0xb0 zephyr/libzephyr.a(shell_help.c.obj)
 .text.z_shell_help_cmd_print
                0x08044ff4       0x78 zephyr/libzephyr.a(shell_help.c.obj)
                0x08044ff4                z_shell_help_cmd_print
 .text.z_shell_help_request
                0x0804506c       0x3c zephyr/libzephyr.a(shell_help.c.obj)
                0x0804506c                z_shell_help_request
 .text.z_cursor_save
                0x080450a8       0x34 zephyr/libzephyr.a(shell_cmds.c.obj)
 .text.z_cursor_restore
                0x080450dc       0x34 zephyr/libzephyr.a(shell_cmds.c.obj)
 .text.cursor_position_get
                0x08045110      0x1e8 zephyr/libzephyr.a(shell_cmds.c.obj)
 .text.cmd_clear
                0x080452f8       0x5c zephyr/libzephyr.a(shell_cmds.c.obj)
 .text.cmd_backends
                0x08045354       0x74 zephyr/libzephyr.a(shell_cmds.c.obj)
 .text.cmd_prompt_off
                0x080453c8       0x24 zephyr/libzephyr.a(shell_cmds.c.obj)
 .text.cmd_echo
                0x080453ec       0x70 zephyr/libzephyr.a(shell_cmds.c.obj)
 .text.cmd_history
                0x0804545c       0x68 zephyr/libzephyr.a(shell_cmds.c.obj)
 .text.cmd_shell_stats_show
                0x080454c4       0x2c zephyr/libzephyr.a(shell_cmds.c.obj)
 .text.cmd_resize_default
                0x080454f0       0x48 zephyr/libzephyr.a(shell_cmds.c.obj)
 .text.cmd_resize
                0x08045538       0x78 zephyr/libzephyr.a(shell_cmds.c.obj)
 .text.cmd_get_retval
                0x080455b0       0x2c zephyr/libzephyr.a(shell_cmds.c.obj)
 .text.commands_expand
                0x080455dc       0xc4 zephyr/libzephyr.a(shell_wildcard.c.obj)
 .text.k_current_get
                0x080456a0       0x18 zephyr/libzephyr.a(thread_entry.c.obj)
 .text.z_thread_entry
                0x080456b8       0x38 zephyr/libzephyr.a(thread_entry.c.obj)
                0x080456b8                z_thread_entry
 .text.arch_bss_zero
                0x080456f0       0x38 zephyr/arch/common/libarch__common.a(init.c.obj)
                0x080456f0                arch_bss_zero
 .text.arch_data_copy
                0x08045728       0x5c zephyr/arch/common/libarch__common.a(xip.c.obj)
                0x08045728                arch_data_copy
 .text.esf_dump
                0x08045784       0x6c zephyr/arch/arch/arm/core/libarch__arm__core.a(fatal.c.obj)
 .text.z_arm_fatal_error
                0x080457f0       0x48 zephyr/arch/arch/arm/core/libarch__arm__core.a(fatal.c.obj)
                0x080457f0                z_arm_fatal_error
 .text.z_SysNmiOnReset
                0x08045838        0x8 zephyr/arch/arch/arm/core/libarch__arm__core.a(nmi_on_reset.S.obj)
                0x08045838                z_SysNmiOnReset
 .text.z_tls_data_size
                0x08045840       0x24 zephyr/arch/arch/arm/core/libarch__arm__core.a(tls.c.obj)
 .text.z_tls_copy
                0x08045864       0x3c zephyr/arch/arch/arm/core/libarch__arm__core.a(tls.c.obj)
 .text.mem_manage_fault
                0x080458a0      0x174 zephyr/arch/arch/arm/core/cortex_m/libarch__arm__core__cortex_m.a(fault.c.obj)
 .text.bus_fault
                0x08045a14      0x130 zephyr/arch/arch/arm/core/cortex_m/libarch__arm__core__cortex_m.a(fault.c.obj)
 .text.usage_fault
                0x08045b44       0xec zephyr/arch/arch/arm/core/cortex_m/libarch__arm__core__cortex_m.a(fault.c.obj)
 .text.debug_monitor
                0x08045c30       0x28 zephyr/arch/arch/arm/core/cortex_m/libarch__arm__core__cortex_m.a(fault.c.obj)
 .text.z_arm_is_synchronous_svc
                0x08045c58       0x80 zephyr/arch/arch/arm/core/cortex_m/libarch__arm__core__cortex_m.a(fault.c.obj)
 .text.hard_fault
                0x08045cd8       0xf0 zephyr/arch/arch/arm/core/cortex_m/libarch__arm__core__cortex_m.a(fault.c.obj)
 .text.reserved_exception
                0x08045dc8       0x3c zephyr/arch/arch/arm/core/cortex_m/libarch__arm__core__cortex_m.a(fault.c.obj)
 .text.fault_handle
                0x08045e04       0xbc zephyr/arch/arch/arm/core/cortex_m/libarch__arm__core__cortex_m.a(fault.c.obj)
 .text.get_esf  0x08045ec0       0x88 zephyr/arch/arch/arm/core/cortex_m/libarch__arm__core__cortex_m.a(fault.c.obj)
 .text.z_arm_fault
                0x08045f48       0xe0 zephyr/arch/arch/arm/core/cortex_m/libarch__arm__core__cortex_m.a(fault.c.obj)
                0x08045f48                z_arm_fault
 .text.z_arm_fault_init
                0x08046028       0x28 zephyr/arch/arch/arm/core/cortex_m/libarch__arm__core__cortex_m.a(fault.c.obj)
                0x08046028                z_arm_fault_init
 .text.__fault  0x08046050       0x14 zephyr/arch/arch/arm/core/cortex_m/libarch__arm__core__cortex_m.a(fault_s.S.obj)
                0x08046050                z_arm_usage_fault
                0x08046050                z_arm_mpu_fault
                0x08046050                z_arm_exc_spurious
                0x08046050                z_arm_debug_monitor
                0x08046050                z_arm_hard_fault
                0x08046050                z_arm_bus_fault
 .text._reset_section
                0x08046064       0x48 zephyr/arch/arch/arm/core/cortex_m/libarch__arm__core__cortex_m.a(reset.S.obj)
                0x08046064                __start
                0x08046064                z_arm_reset
 .text.__NVIC_SystemReset
                0x080460ac       0x2c zephyr/arch/arch/arm/core/cortex_m/libarch__arm__core__cortex_m.a(scb.c.obj)
 .text.z_arm_svc
                0x080460d8       0x24 zephyr/arch/arch/arm/core/cortex_m/libarch__arm__core__cortex_m.a(svc.S.obj)
                0x080460d8                z_arm_svc
 .text.__NVIC_EnableIRQ
                0x080460fc       0x38 zephyr/arch/arch/arm/core/cortex_m/libarch__arm__core__cortex_m.a(irq_manage.c.obj)
 .text.__NVIC_SetPriority
                0x08046134       0x54 zephyr/arch/arch/arm/core/cortex_m/libarch__arm__core__cortex_m.a(irq_manage.c.obj)
 .text.relocate_vector_table
                0x08046188       0x34 zephyr/arch/arch/arm/core/cortex_m/libarch__arm__core__cortex_m.a(prep_c.c.obj)
                0x08046188                relocate_vector_table
 .text.z_arm_floating_point_init
                0x080461bc       0x40 zephyr/arch/arch/arm/core/cortex_m/libarch__arm__core__cortex_m.a(prep_c.c.obj)
 .text.arch_new_thread
                0x080461fc       0x68 zephyr/arch/arch/arm/core/cortex_m/libarch__arm__core__cortex_m.a(thread.c.obj)
                0x080461fc                arch_new_thread
 .text.min_stack
                0x08046264       0x8c zephyr/arch/arch/arm/core/cortex_m/libarch__arm__core__cortex_m.a(thread.c.obj)
 .text.arch_switch_to_main_thread
                0x080462f0       0x54 zephyr/arch/arch/arm/core/cortex_m/libarch__arm__core__cortex_m.a(thread.c.obj)
                0x080462f0                arch_switch_to_main_thread
 .text.z_arm_cpu_idle_init
                0x08046344       0x18 zephyr/arch/arch/arm/core/cortex_m/libarch__arm__core__cortex_m.a(cpu_idle.c.obj)
                0x08046344                z_arm_cpu_idle_init
 .text._HandlerModeExit
                0x0804635c       0x2c zephyr/arch/arch/arm/core/cortex_m/libarch__arm__core__cortex_m.a(exc_exit.c.obj)
                0x0804635c                z_arm_int_exit
                0x0804635c                z_arm_exc_exit
 .text.z_impl_k_thread_abort
                0x08046388       0x58 zephyr/arch/arch/arm/core/cortex_m/libarch__arm__core__cortex_m.a(thread_abort.c.obj)
                0x08046388                z_impl_k_thread_abort
 .text.z_arm_pendsv
                0x080463e0       0x64 zephyr/arch/arch/arm/core/cortex_m/libarch__arm__core__cortex_m.a(swap_helper.S.obj)
                0x080463e0                z_arm_pendsv
 .text.__NVIC_SetPriority
                0x08046444       0x54 zephyr/arch/arch/arm/core/cortex_m/libarch__arm__core__cortex_m.a(irq_init.c.obj)
 .text._isr_wrapper
                0x08046498       0x3c zephyr/arch/arch/arm/core/cortex_m/libarch__arm__core__cortex_m.a(isr_wrapper.c.obj)
                0x08046498                _isr_wrapper
 .text.__aeabi_read_tp
                0x080464d4        0xc zephyr/arch/arch/arm/core/cortex_m/libarch__arm__core__cortex_m.a(__aeabi_read_tp.S.obj)
                0x080464d4                __aeabi_read_tp
 .text.arch_icache_enable
                0x080464e0       0x58 zephyr/arch/arch/arm/core/cortex_m/libarch__arm__core__cortex_m.a(cache.c.obj)
                0x080464e0                arch_icache_enable
 .text.arch_icache_disable
                0x08046538       0x40 zephyr/arch/arch/arm/core/cortex_m/libarch__arm__core__cortex_m.a(cache.c.obj)
                0x08046538                arch_icache_disable
 .text.z_arm_configure_static_mpu_regions
                0x08046578       0x20 zephyr/arch/arch/arm/core/mpu/libarch__arm__core__mpu.a(arm_core_mpu.c.obj)
                0x08046578                z_arm_configure_static_mpu_regions
 .text.z_arm_configure_dynamic_mpu_regions
                0x08046598       0x78 zephyr/arch/arch/arm/core/mpu/libarch__arm__core__mpu.a(arm_core_mpu.c.obj)
                0x08046598                z_arm_configure_dynamic_mpu_regions
 .text.ARM_MPU_ClrRegion
                0x08046610       0x24 zephyr/arch/arch/arm/core/mpu/libarch__arm__core__mpu.a(arm_mpu.c.obj)
 .text.get_num_regions
                0x08046634       0x28 zephyr/arch/arch/arm/core/mpu/libarch__arm__core__mpu.a(arm_mpu.c.obj)
 .text.set_region_number
                0x0804665c       0x1c zephyr/arch/arch/arm/core/mpu/libarch__arm__core__mpu.a(arm_mpu.c.obj)
 .text.region_init
                0x08046678       0x40 zephyr/arch/arch/arm/core/mpu/libarch__arm__core__mpu.a(arm_mpu.c.obj)
 .text.mpu_configure_static_mpu_regions
                0x080466b8       0x3c zephyr/arch/arch/arm/core/mpu/libarch__arm__core__mpu.a(arm_mpu.c.obj)
 .text.mpu_configure_dynamic_mpu_regions
                0x080466f4       0x5c zephyr/arch/arch/arm/core/mpu/libarch__arm__core__mpu.a(arm_mpu.c.obj)
 .text.mpu_configure_regions_from_dt
                0x08046750      0x240 zephyr/arch/arch/arm/core/mpu/libarch__arm__core__mpu.a(arm_mpu.c.obj)
 .text.arm_core_mpu_enable
                0x08046990       0x2c zephyr/arch/arch/arm/core/mpu/libarch__arm__core__mpu.a(arm_mpu.c.obj)
                0x08046990                arm_core_mpu_enable
 .text.arm_core_mpu_disable
                0x080469bc       0x20 zephyr/arch/arch/arm/core/mpu/libarch__arm__core__mpu.a(arm_mpu.c.obj)
                0x080469bc                arm_core_mpu_disable
 .text.z_arm_mpu_init
                0x080469dc       0xac zephyr/arch/arch/arm/core/mpu/libarch__arm__core__mpu.a(arm_mpu.c.obj)
                0x080469dc                z_arm_mpu_init
 .text.cbvprintf
                0x08046a88       0x4c zephyr/lib/libc/picolibc/liblib__libc__picolibc.a(cbprintf.c.obj)
                0x08046a88                cbvprintf
 .text.z_impl_zephyr_fputc
                0x08046ad4       0x20 zephyr/lib/libc/picolibc/liblib__libc__picolibc.a(stdio.c.obj)
                0x08046ad4                z_impl_zephyr_fputc
 .text.__stdout_hook_install
                0x08046af4       0x30 zephyr/lib/libc/picolibc/liblib__libc__picolibc.a(stdio.c.obj)
                0x08046af4                __stdout_hook_install
 .text.malloc_prepare
                0x08046b24       0x44 zephyr/lib/libc/common/liblib__libc__common.a(malloc.c.obj)
 .text.rangematch_cc
                0x08046b68      0x3fc zephyr/subsys/portability/posix/c_lib_ext/libsubsys__portability__posix__c_lib_ext.a(fnmatch.c.obj)
 .text.foldcase
                0x08046f64       0x40 zephyr/subsys/portability/posix/c_lib_ext/libsubsys__portability__posix__c_lib_ext.a(fnmatch.c.obj)
 .text.z_getopt_global_state_update_shim
                0x08046fa4       0x44 zephyr/subsys/portability/posix/c_lib_ext/libsubsys__portability__posix__c_lib_ext.a(getopt_shim.c.obj)
                0x08046fa4                z_getopt_global_state_update_shim
 .text.stm32_exti_enable_clocks
                0x08046fe8       0x38 zephyr/drivers/interrupt_controller/libdrivers__interrupt_controller.a(intc_exti_stm32.c.obj)
 .text.stm32_intc_gpio_isr
                0x08047020       0x84 zephyr/drivers/interrupt_controller/libdrivers__interrupt_controller.a(intc_gpio_stm32.c.obj)
 .text.stm32_fill_irq_table
                0x080470a4       0x48 zephyr/drivers/interrupt_controller/libdrivers__interrupt_controller.a(intc_gpio_stm32.c.obj)
 .text.stm32_exti_gpio_intc_init
                0x080470ec       0xf8 zephyr/drivers/interrupt_controller/libdrivers__interrupt_controller.a(intc_gpio_stm32.c.obj)
 .text.LL_AHB4_GRP1_EnableClock
                0x080471e4       0x34 zephyr/drivers/clock_control/libdrivers__clock_control.a(clock_stm32_ll_h7.c.obj)
 .text.LL_APB4_GRP1_EnableClock
                0x08047218       0x34 zephyr/drivers/clock_control/libdrivers__clock_control.a(clock_stm32_ll_h7.c.obj)
 .text.LL_PWR_SetRegulVoltageScaling
                0x0804724c       0x28 zephyr/drivers/clock_control/libdrivers__clock_control.a(clock_stm32_ll_h7.c.obj)
 .text.LL_PWR_IsActiveFlag_VOS
                0x08047274       0x24 zephyr/drivers/clock_control/libdrivers__clock_control.a(clock_stm32_ll_h7.c.obj)
 .text.LL_RCC_HSE_DisableBypass
                0x08047298       0x1c zephyr/drivers/clock_control/libdrivers__clock_control.a(clock_stm32_ll_h7.c.obj)
 .text.LL_RCC_HSE_Enable
                0x080472b4       0x1c zephyr/drivers/clock_control/libdrivers__clock_control.a(clock_stm32_ll_h7.c.obj)
 .text.LL_RCC_HSE_IsReady
                0x080472d0       0x24 zephyr/drivers/clock_control/libdrivers__clock_control.a(clock_stm32_ll_h7.c.obj)
 .text.LL_RCC_HSI_Enable
                0x080472f4       0x1c zephyr/drivers/clock_control/libdrivers__clock_control.a(clock_stm32_ll_h7.c.obj)
 .text.LL_RCC_HSI_IsReady
                0x08047310       0x24 zephyr/drivers/clock_control/libdrivers__clock_control.a(clock_stm32_ll_h7.c.obj)
 .text.LL_RCC_HSI48_Enable
                0x08047334       0x1c zephyr/drivers/clock_control/libdrivers__clock_control.a(clock_stm32_ll_h7.c.obj)
 .text.LL_RCC_HSI48_IsReady
                0x08047350       0x24 zephyr/drivers/clock_control/libdrivers__clock_control.a(clock_stm32_ll_h7.c.obj)
 .text.LL_RCC_LSE_Enable
                0x08047374       0x1c zephyr/drivers/clock_control/libdrivers__clock_control.a(clock_stm32_ll_h7.c.obj)
 .text.LL_RCC_LSE_SetDriveCapability
                0x08047390       0x28 zephyr/drivers/clock_control/libdrivers__clock_control.a(clock_stm32_ll_h7.c.obj)
 .text.LL_RCC_LSE_IsReady
                0x080473b8       0x24 zephyr/drivers/clock_control/libdrivers__clock_control.a(clock_stm32_ll_h7.c.obj)
 .text.LL_RCC_LSI_Enable
                0x080473dc       0x1c zephyr/drivers/clock_control/libdrivers__clock_control.a(clock_stm32_ll_h7.c.obj)
 .text.LL_RCC_LSI_IsReady
                0x080473f8       0x24 zephyr/drivers/clock_control/libdrivers__clock_control.a(clock_stm32_ll_h7.c.obj)
 .text.LL_RCC_SetSysClkSource
                0x0804741c       0x28 zephyr/drivers/clock_control/libdrivers__clock_control.a(clock_stm32_ll_h7.c.obj)
 .text.LL_RCC_GetSysClkSource
                0x08047444       0x18 zephyr/drivers/clock_control/libdrivers__clock_control.a(clock_stm32_ll_h7.c.obj)
 .text.LL_RCC_SetSysPrescaler
                0x0804745c       0x28 zephyr/drivers/clock_control/libdrivers__clock_control.a(clock_stm32_ll_h7.c.obj)
 .text.LL_RCC_SetAHBPrescaler
                0x08047484       0x28 zephyr/drivers/clock_control/libdrivers__clock_control.a(clock_stm32_ll_h7.c.obj)
 .text.LL_RCC_SetAPB1Prescaler
                0x080474ac       0x28 zephyr/drivers/clock_control/libdrivers__clock_control.a(clock_stm32_ll_h7.c.obj)
 .text.LL_RCC_SetAPB2Prescaler
                0x080474d4       0x28 zephyr/drivers/clock_control/libdrivers__clock_control.a(clock_stm32_ll_h7.c.obj)
 .text.LL_RCC_SetAPB3Prescaler
                0x080474fc       0x28 zephyr/drivers/clock_control/libdrivers__clock_control.a(clock_stm32_ll_h7.c.obj)
 .text.LL_RCC_SetAPB4Prescaler
                0x08047524       0x28 zephyr/drivers/clock_control/libdrivers__clock_control.a(clock_stm32_ll_h7.c.obj)
 .text.LL_RCC_SetTIMPrescaler
                0x0804754c       0x28 zephyr/drivers/clock_control/libdrivers__clock_control.a(clock_stm32_ll_h7.c.obj)
 .text.LL_RCC_PLL_SetSource
                0x08047574       0x28 zephyr/drivers/clock_control/libdrivers__clock_control.a(clock_stm32_ll_h7.c.obj)
 .text.LL_RCC_PLL1_Enable
                0x0804759c       0x1c zephyr/drivers/clock_control/libdrivers__clock_control.a(clock_stm32_ll_h7.c.obj)
 .text.LL_RCC_PLL1_Disable
                0x080475b8       0x1c zephyr/drivers/clock_control/libdrivers__clock_control.a(clock_stm32_ll_h7.c.obj)
 .text.LL_RCC_PLL1_IsReady
                0x080475d4       0x24 zephyr/drivers/clock_control/libdrivers__clock_control.a(clock_stm32_ll_h7.c.obj)
 .text.LL_RCC_PLL1P_Enable
                0x080475f8       0x1c zephyr/drivers/clock_control/libdrivers__clock_control.a(clock_stm32_ll_h7.c.obj)
 .text.LL_RCC_PLL1Q_Enable
                0x08047614       0x1c zephyr/drivers/clock_control/libdrivers__clock_control.a(clock_stm32_ll_h7.c.obj)
 .text.LL_RCC_PLL1R_Enable
                0x08047630       0x1c zephyr/drivers/clock_control/libdrivers__clock_control.a(clock_stm32_ll_h7.c.obj)
 .text.LL_RCC_PLL1FRACN_Disable
                0x0804764c       0x1c zephyr/drivers/clock_control/libdrivers__clock_control.a(clock_stm32_ll_h7.c.obj)
 .text.LL_RCC_PLL1_SetVCOOutputRange
                0x08047668       0x28 zephyr/drivers/clock_control/libdrivers__clock_control.a(clock_stm32_ll_h7.c.obj)
 .text.LL_RCC_PLL1_SetVCOInputRange
                0x08047690       0x28 zephyr/drivers/clock_control/libdrivers__clock_control.a(clock_stm32_ll_h7.c.obj)
 .text.LL_RCC_PLL1_SetN
                0x080476b8       0x2c zephyr/drivers/clock_control/libdrivers__clock_control.a(clock_stm32_ll_h7.c.obj)
 .text.LL_RCC_PLL1_SetM
                0x080476e4       0x28 zephyr/drivers/clock_control/libdrivers__clock_control.a(clock_stm32_ll_h7.c.obj)
 .text.LL_RCC_PLL1_SetP
                0x0804770c       0x2c zephyr/drivers/clock_control/libdrivers__clock_control.a(clock_stm32_ll_h7.c.obj)
 .text.LL_RCC_PLL1_SetQ
                0x08047738       0x2c zephyr/drivers/clock_control/libdrivers__clock_control.a(clock_stm32_ll_h7.c.obj)
 .text.LL_RCC_PLL1_SetR
                0x08047764       0x2c zephyr/drivers/clock_control/libdrivers__clock_control.a(clock_stm32_ll_h7.c.obj)
 .text.LL_RCC_PLL2_Enable
                0x08047790       0x1c zephyr/drivers/clock_control/libdrivers__clock_control.a(clock_stm32_ll_h7.c.obj)
 .text.LL_RCC_PLL2_Disable
                0x080477ac       0x1c zephyr/drivers/clock_control/libdrivers__clock_control.a(clock_stm32_ll_h7.c.obj)
 .text.LL_RCC_PLL2_IsReady
                0x080477c8       0x24 zephyr/drivers/clock_control/libdrivers__clock_control.a(clock_stm32_ll_h7.c.obj)
 .text.LL_RCC_PLL2P_Enable
                0x080477ec       0x1c zephyr/drivers/clock_control/libdrivers__clock_control.a(clock_stm32_ll_h7.c.obj)
 .text.LL_RCC_PLL2Q_Enable
                0x08047808       0x1c zephyr/drivers/clock_control/libdrivers__clock_control.a(clock_stm32_ll_h7.c.obj)
 .text.LL_RCC_PLL2R_Enable
                0x08047824       0x1c zephyr/drivers/clock_control/libdrivers__clock_control.a(clock_stm32_ll_h7.c.obj)
 .text.LL_RCC_PLL2FRACN_Disable
                0x08047840       0x1c zephyr/drivers/clock_control/libdrivers__clock_control.a(clock_stm32_ll_h7.c.obj)
 .text.LL_RCC_PLL2_SetVCOOutputRange
                0x0804785c       0x28 zephyr/drivers/clock_control/libdrivers__clock_control.a(clock_stm32_ll_h7.c.obj)
 .text.LL_RCC_PLL2_SetVCOInputRange
                0x08047884       0x28 zephyr/drivers/clock_control/libdrivers__clock_control.a(clock_stm32_ll_h7.c.obj)
 .text.LL_RCC_PLL2_SetN
                0x080478ac       0x2c zephyr/drivers/clock_control/libdrivers__clock_control.a(clock_stm32_ll_h7.c.obj)
 .text.LL_RCC_PLL2_SetM
                0x080478d8       0x28 zephyr/drivers/clock_control/libdrivers__clock_control.a(clock_stm32_ll_h7.c.obj)
 .text.LL_RCC_PLL2_SetP
                0x08047900       0x2c zephyr/drivers/clock_control/libdrivers__clock_control.a(clock_stm32_ll_h7.c.obj)
 .text.LL_RCC_PLL2_SetQ
                0x0804792c       0x2c zephyr/drivers/clock_control/libdrivers__clock_control.a(clock_stm32_ll_h7.c.obj)
 .text.LL_RCC_PLL2_SetR
                0x08047958       0x2c zephyr/drivers/clock_control/libdrivers__clock_control.a(clock_stm32_ll_h7.c.obj)
 .text.LL_RCC_PLL3_Enable
                0x08047984       0x1c zephyr/drivers/clock_control/libdrivers__clock_control.a(clock_stm32_ll_h7.c.obj)
 .text.LL_RCC_PLL3_Disable
                0x080479a0       0x1c zephyr/drivers/clock_control/libdrivers__clock_control.a(clock_stm32_ll_h7.c.obj)
 .text.LL_RCC_PLL3_IsReady
                0x080479bc       0x24 zephyr/drivers/clock_control/libdrivers__clock_control.a(clock_stm32_ll_h7.c.obj)
 .text.LL_RCC_PLL3P_Enable
                0x080479e0       0x1c zephyr/drivers/clock_control/libdrivers__clock_control.a(clock_stm32_ll_h7.c.obj)
 .text.LL_RCC_PLL3Q_Enable
                0x080479fc       0x1c zephyr/drivers/clock_control/libdrivers__clock_control.a(clock_stm32_ll_h7.c.obj)
 .text.LL_RCC_PLL3R_Enable
                0x08047a18       0x1c zephyr/drivers/clock_control/libdrivers__clock_control.a(clock_stm32_ll_h7.c.obj)
 .text.LL_RCC_PLL3FRACN_Disable
                0x08047a34       0x1c zephyr/drivers/clock_control/libdrivers__clock_control.a(clock_stm32_ll_h7.c.obj)
 .text.LL_RCC_PLL3_SetVCOOutputRange
                0x08047a50       0x28 zephyr/drivers/clock_control/libdrivers__clock_control.a(clock_stm32_ll_h7.c.obj)
 .text.LL_RCC_PLL3_SetVCOInputRange
                0x08047a78       0x28 zephyr/drivers/clock_control/libdrivers__clock_control.a(clock_stm32_ll_h7.c.obj)
 .text.LL_RCC_PLL3_SetN
                0x08047aa0       0x2c zephyr/drivers/clock_control/libdrivers__clock_control.a(clock_stm32_ll_h7.c.obj)
 .text.LL_RCC_PLL3_SetM
                0x08047acc       0x28 zephyr/drivers/clock_control/libdrivers__clock_control.a(clock_stm32_ll_h7.c.obj)
 .text.LL_RCC_PLL3_SetP
                0x08047af4       0x2c zephyr/drivers/clock_control/libdrivers__clock_control.a(clock_stm32_ll_h7.c.obj)
 .text.LL_RCC_PLL3_SetQ
                0x08047b20       0x2c zephyr/drivers/clock_control/libdrivers__clock_control.a(clock_stm32_ll_h7.c.obj)
 .text.LL_RCC_PLL3_SetR
                0x08047b4c       0x2c zephyr/drivers/clock_control/libdrivers__clock_control.a(clock_stm32_ll_h7.c.obj)
 .text.get_pllsrc_frequency
                0x08047b78       0x14 zephyr/drivers/clock_control/libdrivers__clock_control.a(clock_stm32_ll_h7.c.obj)
 .text.get_startup_hclk_frequency
                0x08047b8c       0xb4 zephyr/drivers/clock_control/libdrivers__clock_control.a(clock_stm32_ll_h7.c.obj)
 .text.prepare_regulator_voltage_scale
                0x08047c40       0x5c zephyr/drivers/clock_control/libdrivers__clock_control.a(clock_stm32_ll_h7.c.obj)
 .text.get_vco_input_range
                0x08047c9c       0xa0 zephyr/drivers/clock_control/libdrivers__clock_control.a(clock_stm32_ll_h7.c.obj)
 .text.stm32_clock_control_on
                0x08047d3c       0x94 zephyr/drivers/clock_control/libdrivers__clock_control.a(clock_stm32_ll_h7.c.obj)
 .text.stm32_clock_control_off
                0x08047dd0       0x7c zephyr/drivers/clock_control/libdrivers__clock_control.a(clock_stm32_ll_h7.c.obj)
 .text.stm32_clock_control_configure
                0x08047e4c       0xcc zephyr/drivers/clock_control/libdrivers__clock_control.a(clock_stm32_ll_h7.c.obj)
 .text.stm32_clock_control_get_subsys_rate
                0x08047f18      0x2d0 zephyr/drivers/clock_control/libdrivers__clock_control.a(clock_stm32_ll_h7.c.obj)
 .text.stm32_clock_control_get_status
                0x080481e8       0x88 zephyr/drivers/clock_control/libdrivers__clock_control.a(clock_stm32_ll_h7.c.obj)
 .text.stm32_clock_control_init
                0x08048270       0xc4 zephyr/drivers/clock_control/libdrivers__clock_control.a(clock_stm32_ll_h7.c.obj)
                0x08048270                stm32_clock_control_init
 .text.console_out
                0x08048334       0x58 zephyr/drivers/console/libdrivers__console.a(uart_console.c.obj)
 .text.uart_console_hook_install
                0x0804838c       0x18 zephyr/drivers/console/libdrivers__console.a(uart_console.c.obj)
 .text.uart_console_init
                0x080483a4       0x2c zephyr/drivers/console/libdrivers__console.a(uart_console.c.obj)
 .text.dmamux_stm32_init
                0x080483d0       0x80 zephyr/drivers/dma/libdrivers__dma.a(dmamux_stm32.c.obj)
 .text.LL_DMA_SetDataLength
                0x08048450       0x4c zephyr/drivers/dma/libdrivers__dma.a(dma_stm32.c.obj)
 .text.LL_DMA_GetDataLength
                0x0804849c       0x30 zephyr/drivers/dma/libdrivers__dma.a(dma_stm32.c.obj)
 .text.LL_DMA_DisableFifoMode
                0x080484cc       0x40 zephyr/drivers/dma/libdrivers__dma.a(dma_stm32.c.obj)
 .text.LL_DMA_EnableFifoMode
                0x0804850c       0x40 zephyr/drivers/dma/libdrivers__dma.a(dma_stm32.c.obj)
 .text.LL_DMA_SetMemoryAddress
                0x0804854c       0x34 zephyr/drivers/dma/libdrivers__dma.a(dma_stm32.c.obj)
 .text.LL_DMA_SetPeriphAddress
                0x08048580       0x34 zephyr/drivers/dma/libdrivers__dma.a(dma_stm32.c.obj)
 .text.LL_DMA_EnableIT_HT
                0x080485b4       0x40 zephyr/drivers/dma/libdrivers__dma.a(dma_stm32.c.obj)
 .text.LL_DMA_EnableIT_TE
                0x080485f4       0x40 zephyr/drivers/dma/libdrivers__dma.a(dma_stm32.c.obj)
 .text.LL_DMA_EnableIT_TC
                0x08048634       0x40 zephyr/drivers/dma/libdrivers__dma.a(dma_stm32.c.obj)
 .text.LL_DMA_DisableIT_TC
                0x08048674       0x40 zephyr/drivers/dma/libdrivers__dma.a(dma_stm32.c.obj)
 .text.LL_DMA_DisableIT_FE
                0x080486b4       0x40 zephyr/drivers/dma/libdrivers__dma.a(dma_stm32.c.obj)
 .text.z_sleep_ticks_to_int32_ms
                0x080486f4       0x28 zephyr/drivers/dma/libdrivers__dma.a(dma_stm32.c.obj)
 .text.dma_stm32_get_priority
                0x0804871c       0x64 zephyr/drivers/dma/libdrivers__dma.a(dma_stm32.c.obj)
 .text.dma_stm32_configure
                0x08048780      0x4c4 zephyr/drivers/dma/libdrivers__dma.a(dma_stm32.c.obj)
 .text.dma_stm32_init
                0x08048c44       0x94 zephyr/drivers/dma/libdrivers__dma.a(dma_stm32.c.obj)
 .text.LL_DMA_EnableStream
                0x08048cd8       0x40 zephyr/drivers/dma/libdrivers__dma.a(dma_stm32_v1.c.obj)
 .text.LL_DMA_DisableStream
                0x08048d18       0x40 zephyr/drivers/dma/libdrivers__dma.a(dma_stm32_v1.c.obj)
 .text.LL_DMA_IsEnabledStream
                0x08048d58       0x3c zephyr/drivers/dma/libdrivers__dma.a(dma_stm32_v1.c.obj)
 .text.LL_DMA_DisableIT_FE
                0x08048d94       0x40 zephyr/drivers/dma/libdrivers__dma.a(dma_stm32_v1.c.obj)
 .text.LL_DMA_IsEnabledIT_HT
                0x08048dd4       0x3c zephyr/drivers/dma/libdrivers__dma.a(dma_stm32_v1.c.obj)
 .text.LL_DMA_IsEnabledIT_TC
                0x08048e10       0x3c zephyr/drivers/dma/libdrivers__dma.a(dma_stm32_v1.c.obj)
 .text.LL_DMA_IsEnabledIT_FE
                0x08048e4c       0x3c zephyr/drivers/dma/libdrivers__dma.a(dma_stm32_v1.c.obj)
 .text.dma_stm32_id_to_stream
                0x08048e88       0x20 zephyr/drivers/dma/libdrivers__dma.a(dma_stm32_v1.c.obj)
                0x08048e88                dma_stm32_id_to_stream
 .text.dma_stm32_clear_ht
                0x08048ea8       0x24 zephyr/drivers/dma/libdrivers__dma.a(dma_stm32_v1.c.obj)
                0x08048ea8                dma_stm32_clear_ht
 .text.dma_stm32_clear_tc
                0x08048ecc       0x24 zephyr/drivers/dma/libdrivers__dma.a(dma_stm32_v1.c.obj)
                0x08048ecc                dma_stm32_clear_tc
 .text.dma_stm32_is_ht_active
                0x08048ef0       0x30 zephyr/drivers/dma/libdrivers__dma.a(dma_stm32_v1.c.obj)
                0x08048ef0                dma_stm32_is_ht_active
 .text.dma_stm32_is_tc_active
                0x08048f20       0x30 zephyr/drivers/dma/libdrivers__dma.a(dma_stm32_v1.c.obj)
                0x08048f20                dma_stm32_is_tc_active
 .text.dma_stm32_clear_te
                0x08048f50       0x24 zephyr/drivers/dma/libdrivers__dma.a(dma_stm32_v1.c.obj)
                0x08048f50                dma_stm32_clear_te
 .text.dma_stm32_clear_dme
                0x08048f74       0x24 zephyr/drivers/dma/libdrivers__dma.a(dma_stm32_v1.c.obj)
                0x08048f74                dma_stm32_clear_dme
 .text.dma_stm32_clear_fe
                0x08048f98       0x24 zephyr/drivers/dma/libdrivers__dma.a(dma_stm32_v1.c.obj)
                0x08048f98                dma_stm32_clear_fe
 .text.dma_stm32_is_fe_active
                0x08048fbc       0x30 zephyr/drivers/dma/libdrivers__dma.a(dma_stm32_v1.c.obj)
                0x08048fbc                dma_stm32_is_fe_active
 .text.stm32_dma_get_mburst
                0x08048fec       0xa8 zephyr/drivers/dma/libdrivers__dma.a(dma_stm32_v1.c.obj)
                0x08048fec                stm32_dma_get_mburst
 .text.stm32_dma_get_pburst
                0x08049094       0xa8 zephyr/drivers/dma/libdrivers__dma.a(dma_stm32_v1.c.obj)
                0x08049094                stm32_dma_get_pburst
 .text.stm32_dma_get_fifo_threshold
                0x0804913c       0x48 zephyr/drivers/dma/libdrivers__dma.a(dma_stm32_v1.c.obj)
                0x0804913c                stm32_dma_get_fifo_threshold
 .text.bin2bcd  0x08049184       0x48 zephyr/drivers/rtc/libdrivers__rtc.a(rtc_stm32.c.obj)
 .text.LL_RCC_EnableRTC
                0x080491cc       0x1c zephyr/drivers/rtc/libdrivers__rtc.a(rtc_stm32.c.obj)
 .text.LL_RTC_SetSynchPrescaler
                0x080491e8       0x28 zephyr/drivers/rtc/libdrivers__rtc.a(rtc_stm32.c.obj)
 .text.LL_RTC_TIME_Config
                0x08049210       0x48 zephyr/drivers/rtc/libdrivers__rtc.a(rtc_stm32.c.obj)
 .text.LL_RTC_TIME_Get
                0x08049258       0x58 zephyr/drivers/rtc/libdrivers__rtc.a(rtc_stm32.c.obj)
 .text.LL_RTC_DATE_Config
                0x080492b0       0x4c zephyr/drivers/rtc/libdrivers__rtc.a(rtc_stm32.c.obj)
 .text.LL_RTC_DATE_Get
                0x080492fc       0x60 zephyr/drivers/rtc/libdrivers__rtc.a(rtc_stm32.c.obj)
 .text.rtc_stm32_enter_init_mode
                0x0804935c       0x78 zephyr/drivers/rtc/libdrivers__rtc.a(rtc_stm32.c.obj)
 .text.rtc_stm32_configure
                0x080493d4       0xa0 zephyr/drivers/rtc/libdrivers__rtc.a(rtc_stm32.c.obj)
 .text.rtc_stm32_init
                0x08049474       0x9c zephyr/drivers/rtc/libdrivers__rtc.a(rtc_stm32.c.obj)
 .text.rtc_stm32_set_time
                0x08049510      0x160 zephyr/drivers/rtc/libdrivers__rtc.a(rtc_stm32.c.obj)
 .text.rtc_stm32_get_time
                0x08049670      0x1f8 zephyr/drivers/rtc/libdrivers__rtc.a(rtc_stm32.c.obj)
 .text.LL_USART_ConfigCharacter
                0x08049868       0x40 zephyr/drivers/serial/libdrivers__serial.a(uart_stm32.c.obj)
 .text.LL_USART_SetBaudRate
                0x080498a8       0x9c zephyr/drivers/serial/libdrivers__serial.a(uart_stm32.c.obj)
 .text.uart_stm32_configure
                0x08049944      0x1b4 zephyr/drivers/serial/libdrivers__serial.a(uart_stm32.c.obj)
 .text.uart_stm32_poll_in
                0x08049af8       0x24 zephyr/drivers/serial/libdrivers__serial.a(uart_stm32.c.obj)
 .text.uart_stm32_poll_out
                0x08049b1c       0x28 zephyr/drivers/serial/libdrivers__serial.a(uart_stm32.c.obj)
 .text.uart_stm32_fifo_fill
                0x08049b44       0x4c zephyr/drivers/serial/libdrivers__serial.a(uart_stm32.c.obj)
 .text.uart_stm32_fifo_read
                0x08049b90       0x4c zephyr/drivers/serial/libdrivers__serial.a(uart_stm32.c.obj)
 .text.uart_stm32_irq_err_enable
                0x08049bdc       0x90 zephyr/drivers/serial/libdrivers__serial.a(uart_stm32.c.obj)
 .text.uart_stm32_irq_err_disable
                0x08049c6c       0x90 zephyr/drivers/serial/libdrivers__serial.a(uart_stm32.c.obj)
 .text.set_timeout_itr
                0x08049cfc       0xd0 zephyr/drivers/serial/libdrivers__serial.a(uart_stm32.c.obj)
 .text.uart_stm32_async_init
                0x08049dcc      0x264 zephyr/drivers/serial/libdrivers__serial.a(uart_stm32.c.obj)
 .text.uart_stm32_registers_configure
                0x0804a030      0x198 zephyr/drivers/serial/libdrivers__serial.a(uart_stm32.c.obj)
 .text.__NVIC_SetPriority
                0x0804a1c8       0x54 zephyr/drivers/timer/libdrivers__timer.a(cortex_m_systick.c.obj)
 .text.elapsed  0x0804a21c       0x88 zephyr/drivers/timer/libdrivers__timer.a(cortex_m_systick.c.obj)
 .text.timer_driver_cycle_get
                0x0804a2a4       0x1c zephyr/drivers/timer/libdrivers__timer.a(cortex_m_systick.c.obj)
 .text.timer_driver_set_reload
                0x0804a2c0       0x98 zephyr/drivers/timer/libdrivers__timer.a(cortex_m_systick.c.obj)
 .text.timer_core_delta_ticks
                0x0804a358       0x30 zephyr/drivers/timer/libdrivers__timer.a(cortex_m_systick.c.obj)
 .text.timer_core_arm
                0x0804a388       0xf4 zephyr/drivers/timer/libdrivers__timer.a(cortex_m_systick.c.obj)
 .text.sys_clock_elapsed
                0x0804a47c       0x24 zephyr/drivers/timer/libdrivers__timer.a(cortex_m_systick.c.obj)
                0x0804a47c                sys_clock_elapsed
 .text.timer_core_announce_from
                0x0804a4a0       0xa0 zephyr/drivers/timer/libdrivers__timer.a(cortex_m_systick.c.obj)
 .text.timer_core_cycle_get
                0x0804a540       0x54 zephyr/drivers/timer/libdrivers__timer.a(cortex_m_systick.c.obj)
 .text.timer_core_init
                0x0804a594       0x60 zephyr/drivers/timer/libdrivers__timer.a(cortex_m_systick.c.obj)
 .text.sys_clock_isr
                0x0804a5f4       0x50 zephyr/drivers/timer/libdrivers__timer.a(cortex_m_systick.c.obj)
                0x0804a5f4                sys_clock_isr
 .text.sys_clock_disable
                0x0804a644       0x1c zephyr/drivers/timer/libdrivers__timer.a(cortex_m_systick.c.obj)
                0x0804a644                sys_clock_disable
 .text.sys_clock_driver_init
                0x0804a660       0x60 zephyr/drivers/timer/libdrivers__timer.a(cortex_m_systick.c.obj)
 .text.LL_DMA_ConfigTransfer
                0x0804a6c0       0x4c modules/hal_stm32/stm32cube/lib..__modules__hal__stm32__stm32cube.a(stm32h7xx_ll_dma.c.obj)
 .text.LL_DMA_SetDataLength
                0x0804a70c       0x4c modules/hal_stm32/stm32cube/lib..__modules__hal__stm32__stm32cube.a(stm32h7xx_ll_dma.c.obj)
 .text.LL_DMA_SetPeriphRequest
                0x0804a758       0x5c modules/hal_stm32/stm32cube/lib..__modules__hal__stm32__stm32cube.a(stm32h7xx_ll_dma.c.obj)
 .text.LL_DMA_SetMemoryBurstxfer
                0x0804a7b4       0x48 modules/hal_stm32/stm32cube/lib..__modules__hal__stm32__stm32cube.a(stm32h7xx_ll_dma.c.obj)
 .text.LL_DMA_SetPeriphBurstxfer
                0x0804a7fc       0x48 modules/hal_stm32/stm32cube/lib..__modules__hal__stm32__stm32cube.a(stm32h7xx_ll_dma.c.obj)
 .text.LL_DMA_ConfigFifo
                0x0804a844       0x4c modules/hal_stm32/stm32cube/lib..__modules__hal__stm32__stm32cube.a(stm32h7xx_ll_dma.c.obj)
 .text.LL_DMA_SetMemoryAddress
                0x0804a890       0x34 modules/hal_stm32/stm32cube/lib..__modules__hal__stm32__stm32cube.a(stm32h7xx_ll_dma.c.obj)
 .text.LL_DMA_SetPeriphAddress
                0x0804a8c4       0x34 modules/hal_stm32/stm32cube/lib..__modules__hal__stm32__stm32cube.a(stm32h7xx_ll_dma.c.obj)
 .text.LL_FLASH_SetLatency
                0x0804a8f8       0x28 modules/hal_stm32/stm32cube/lib..__modules__hal__stm32__stm32cube.a(stm32h7xx_ll_utils.c.obj)
 .text.LL_FLASH_GetLatency
                0x0804a920       0x18 modules/hal_stm32/stm32cube/lib..__modules__hal__stm32__stm32cube.a(stm32h7xx_ll_utils.c.obj)
 .text.LL_PWR_GetRegulVoltageScaling
                0x0804a938       0x18 modules/hal_stm32/stm32cube/lib..__modules__hal__stm32__stm32cube.a(stm32h7xx_ll_utils.c.obj)
 .text.LL_SetFlashLatency
                0x0804a950      0x194 modules/hal_stm32/stm32cube/lib..__modules__hal__stm32__stm32cube.a(stm32h7xx_ll_utils.c.obj)
                0x0804a950                LL_SetFlashLatency
 .text.z_device_get_all_static
                0x0804aae4       0x2c zephyr/kernel/libkernel.a(device.c.obj)
                0x0804aae4                z_device_get_all_static
 .text.k_sys_fatal_error_handler
                0x0804ab10       0x20 zephyr/kernel/libkernel.a(fatal.c.obj)
                0x0804ab10                k_sys_fatal_error_handler
 .text.thread_name_get
                0x0804ab30       0x3c zephyr/kernel/libkernel.a(fatal.c.obj)
 .text.reason_to_str
                0x0804ab6c       0x60 zephyr/kernel/libkernel.a(fatal.c.obj)
 .text.z_fatal_error
                0x0804abcc       0xe8 zephyr/kernel/libkernel.a(fatal.c.obj)
                0x0804abcc                z_fatal_error
 .text.__NVIC_SetPriority
                0x0804acb4       0x50 zephyr/kernel/libkernel.a(init.c.obj)
 .text.z_add_thread_timeout
                0x0804ad04       0x2c zephyr/kernel/libkernel.a(init.c.obj)
 .text.z_init_static_threads
                0x0804ad30       0xbc zephyr/kernel/libkernel.a(init.c.obj)
 .text.z_device_state_init
                0x0804adec       0x3c zephyr/kernel/libkernel.a(init.c.obj)
 .text.z_sys_init_run_level
                0x0804ae28       0x6c zephyr/kernel/libkernel.a(init.c.obj)
 .text.bg_thread_main
                0x0804ae94       0x68 zephyr/kernel/libkernel.a(init.c.obj)
 .text.init_idle_thread
                0x0804aefc       0x80 zephyr/kernel/libkernel.a(init.c.obj)
 .text.z_init_cpu
                0x0804af7c       0x84 zephyr/kernel/libkernel.a(init.c.obj)
                0x0804af7c                z_init_cpu
 .text.prepare_multithreading
                0x0804b000       0x68 zephyr/kernel/libkernel.a(init.c.obj)
 .text.switch_to_main_thread
                0x0804b068       0x18 zephyr/kernel/libkernel.a(init.c.obj)
 .text.z_cstart
                0x0804b080       0xf8 zephyr/kernel/libkernel.a(init.c.obj)
                0x0804b080                z_cstart
 .text.statics_init
                0x0804b178       0x48 zephyr/kernel/libkernel.a(kheap.c.obj)
 .text.k_heap_alloc
                0x0804b1c0       0x34 zephyr/kernel/libkernel.a(kheap.c.obj)
                0x0804b1c0                k_heap_alloc
 .text.z_impl_k_sem_give
                0x0804b1f4      0x140 zephyr/kernel/libkernel.a(sem.c.obj)
                0x0804b1f4                z_impl_k_sem_give
 .text.z_impl_k_sem_take
                0x0804b334       0xe8 zephyr/kernel/libkernel.a(sem.c.obj)
                0x0804b334                z_impl_k_sem_take
 .text.finalize_cancel_locked
                0x0804b41c       0xc4 zephyr/kernel/libkernel.a(work.c.obj)
 .text.queue_submit_locked
                0x0804b4e0       0xe0 zephyr/kernel/libkernel.a(work.c.obj)
 .text.work_queue_main
                0x0804b5c0      0x27c zephyr/kernel/libkernel.a(work.c.obj)
 .text.k_work_queue_start
                0x0804b83c       0xd4 zephyr/kernel/libkernel.a(work.c.obj)
                0x0804b83c                k_work_queue_start
 .text.work_timeout
                0x0804b910       0x9c zephyr/kernel/libkernel.a(work.c.obj)
 .text.schedule_for_queue_locked
                0x0804b9ac       0x68 zephyr/kernel/libkernel.a(work.c.obj)
 .text.unschedule_locked
                0x0804ba14       0xac zephyr/kernel/libkernel.a(work.c.obj)
 .text.k_work_reschedule_for_queue
                0x0804bac0       0x90 zephyr/kernel/libkernel.a(work.c.obj)
                0x0804bac0                k_work_reschedule_for_queue
 .text.k_work_reschedule
                0x0804bb50       0x28 zephyr/kernel/libkernel.a(work.c.obj)
                0x0804bb50                k_work_reschedule
 .text.k_work_cancel_delayable
                0x0804bb78       0x7c zephyr/kernel/libkernel.a(work.c.obj)
                0x0804bb78                k_work_cancel_delayable
 .text.k_is_pre_kernel
                0x0804bbf4       0x34 zephyr/kernel/libkernel.a(thread.c.obj)
 .text.z_add_thread_timeout
                0x0804bc28       0x2c zephyr/kernel/libkernel.a(thread.c.obj)
 .text.z_is_idle_thread_object
                0x0804bc54       0x1c zephyr/kernel/libkernel.a(thread.c.obj)
 .text.z_impl_k_thread_name_set
                0x0804bc70       0x2c zephyr/kernel/libkernel.a(thread.c.obj)
                0x0804bc70                z_impl_k_thread_name_set
 .text.k_thread_state_str
                0x0804bc9c       0xe4 zephyr/kernel/libkernel.a(thread.c.obj)
                0x0804bc9c                k_thread_state_str
 .text.add_thread_to_monitor
                0x0804bd80       0x94 zephyr/kernel/libkernel.a(thread.c.obj)
 .text.z_setup_new_thread
                0x0804be14      0x104 zephyr/kernel/libkernel.a(thread.c.obj)
                0x0804be14                z_setup_new_thread
 .text.z_dummy_thread_init
                0x0804bf18       0x5c zephyr/kernel/libkernel.a(thread.c.obj)
                0x0804bf18                z_dummy_thread_init
 .text.z_impl_k_thread_suspend
                0x0804bf74       0xb8 zephyr/kernel/libkernel.a(thread.c.obj)
                0x0804bf74                z_impl_k_thread_suspend
 .text.z_impl_k_thread_resume
                0x0804c02c       0x94 zephyr/kernel/libkernel.a(thread.c.obj)
                0x0804c02c                z_impl_k_thread_resume
 .text.z_impl_k_wakeup
                0x0804c0c0       0x98 zephyr/kernel/libkernel.a(thread.c.obj)
                0x0804c0c0                z_impl_k_wakeup
 .text.z_thread_abort
                0x0804c158       0xb8 zephyr/kernel/libkernel.a(thread.c.obj)
                0x0804c158                z_thread_abort
 .text.k_can_yield
                0x0804c210       0x68 zephyr/kernel/libkernel.a(thread.c.obj)
                0x0804c210                k_can_yield
 .text.z_add_thread_timeout
                0x0804c278       0x2c zephyr/kernel/libkernel.a(sched.c.obj)
 .text.z_swap_irqlock
                0x0804c2a4       0x5c zephyr/kernel/libkernel.a(sched.c.obj)
 .text.z_swap_locked
                0x0804c300       0x2c zephyr/kernel/libkernel.a(sched.c.obj)
 .text.move_current_to_end_of_prio_q
                0x0804c32c      0x154 zephyr/kernel/libkernel.a(sched.c.obj)
                0x0804c32c                move_current_to_end_of_prio_q
 .text.ready_thread
                0x0804c480      0x1b8 zephyr/kernel/libkernel.a(sched.c.obj)
                0x0804c480                z_sched_ready_locked
 .text.z_ready_thread
                0x0804c638       0x8c zephyr/kernel/libkernel.a(sched.c.obj)
                0x0804c638                z_ready_thread
 .text.unready_thread
                0x0804c6c4      0x124 zephyr/kernel/libkernel.a(sched.c.obj)
                0x0804c6c4                z_sched_unready_locked
 .text.thread_halt_spin
                0x0804c7e8      0x2e0 zephyr/kernel/libkernel.a(sched.c.obj)
 .text.z_thread_halt
                0x0804cac8      0x3bc zephyr/kernel/libkernel.a(sched.c.obj)
                0x0804cac8                z_thread_halt
 .text.need_swap
                0x0804ce84       0x24 zephyr/kernel/libkernel.a(sched.c.obj)
 .text.reschedule_locked
                0x0804cea8       0x18 zephyr/kernel/libkernel.a(sched.c.obj)
                0x0804cea8                z_reschedule_locked
 .text.z_sched_lock_reschedule
                0x0804cec0       0xdc zephyr/kernel/libkernel.a(sched.c.obj)
                0x0804cec0                z_sched_lock_reschedule
 .text.z_sched_yield
                0x0804cf9c      0x194 zephyr/kernel/libkernel.a(sched.c.obj)
                0x0804cf9c                z_sched_yield
 .text.z_thread_timeout
                0x0804d130       0x98 zephyr/kernel/libkernel.a(sched.c.obj)
                0x0804d130                z_thread_timeout
 .text.z_pend_curr
                0x0804d1c8       0xa8 zephyr/kernel/libkernel.a(sched.c.obj)
                0x0804d1c8                z_pend_curr
 .text.z_unpend1_no_timeout
                0x0804d270       0xa8 zephyr/kernel/libkernel.a(sched.c.obj)
                0x0804d270                z_unpend1_no_timeout
 .text.z_unpend_all
                0x0804d318       0xac zephyr/kernel/libkernel.a(sched.c.obj)
                0x0804d318                z_unpend_all
 .text.z_thread_suspend_current
                0x0804d3c4      0x158 zephyr/kernel/libkernel.a(sched.c.obj)
                0x0804d3c4                z_thread_suspend_current
 .text.z_add_thread_timeout
                0x0804d51c       0x2c zephyr/kernel/libkernel.a(sleep.c.obj)
 .text.z_swap_irqlock
                0x0804d548       0x5c zephyr/kernel/libkernel.a(sleep.c.obj)
 .text.z_swap_locked
                0x0804d5a4       0x2c zephyr/kernel/libkernel.a(sleep.c.obj)
 .text.z_impl_k_sleep_ticks
                0x0804d5d0       0xf0 zephyr/kernel/libkernel.a(sleep.c.obj)
                0x0804d5d0                z_impl_k_sleep_ticks
 .text.z_sched_init
                0x0804d6c0       0x20 zephyr/kernel/libkernel.a(scheduler.c.obj)
                0x0804d6c0                z_sched_init
 .text.k_sched_lock
                0x0804d6e0       0x8c zephyr/kernel/libkernel.a(scheduler.c.obj)
                0x0804d6e0                k_sched_lock
 .text.k_sched_unlock
                0x0804d76c       0x60 zephyr/kernel/libkernel.a(scheduler.c.obj)
                0x0804d76c                k_sched_unlock
 .text.z_impl_k_sched_current_thread_query
                0x0804d7cc       0x14 zephyr/kernel/libkernel.a(scheduler.c.obj)
                0x0804d7cc                z_impl_k_sched_current_thread_query
 .text.z_sched_waitq_walk
                0x0804d7e0      0x134 zephyr/kernel/libkernel.a(scheduler.c.obj)
                0x0804d7e0                z_sched_waitq_walk
 .text.z_sched_wait
                0x0804d914       0x40 zephyr/kernel/libkernel.a(scheduler.c.obj)
                0x0804d914                z_sched_wait
 .text.z_is_idle_thread_object
                0x0804d954       0x24 zephyr/kernel/libkernel.a(timeslicing.c.obj)
 .text.slice_time
                0x0804d978       0x20 zephyr/kernel/libkernel.a(timeslicing.c.obj)
 .text.z_time_slice_size
                0x0804d998       0x74 zephyr/kernel/libkernel.a(timeslicing.c.obj)
 .text.slice_timeout
                0x0804da0c       0x38 zephyr/kernel/libkernel.a(timeslicing.c.obj)
 .text.slice_reset
                0x0804da44       0x7c zephyr/kernel/libkernel.a(timeslicing.c.obj)
 .text.z_time_slice
                0x0804dac0      0x104 zephyr/kernel/libkernel.a(timeslicing.c.obj)
                0x0804dac0                z_time_slice
 .text.z_thread_monitor_exit
                0x0804dbc4       0xb4 zephyr/kernel/libkernel.a(thread_monitor.c.obj)
                0x0804dbc4                z_thread_monitor_exit
 .text.thread_foreach_helper
                0x0804dc78      0x11c zephyr/kernel/libkernel.a(thread_monitor.c.obj)
 .text.this_cpu_announcing
                0x0804dd94       0x20 zephyr/kernel/libkernel.a(timeout.c.obj)
 .text.any_cpu_announcing
                0x0804ddb4       0x20 zephyr/kernel/libkernel.a(timeout.c.obj)
 .text.inflight_ptr
                0x0804ddd4       0x18 zephyr/kernel/libkernel.a(timeout.c.obj)
 .text.inflight_mark_superseded
                0x0804ddec       0x20 zephyr/kernel/libkernel.a(timeout.c.obj)
 .text.z_timeout_q_first
                0x0804de0c       0x1c zephyr/kernel/libkernel.a(timeout.c.obj)
 .text.z_timeout_q_next
                0x0804de28       0x24 zephyr/kernel/libkernel.a(timeout.c.obj)
 .text.z_timeout_q_insert
                0x0804de4c       0xc0 zephyr/kernel/libkernel.a(timeout.c.obj)
 .text.z_add_timeout
                0x0804df0c      0x200 zephyr/kernel/libkernel.a(timeout.c.obj)
                0x0804df0c                z_add_timeout
 .text.z_try_abort_timeout
                0x0804e10c       0xc8 zephyr/kernel/libkernel.a(timeout.c.obj)
                0x0804e10c                z_try_abort_timeout
 .text.z_timeout_inflight_superseded
                0x0804e1d4       0xa4 zephyr/kernel/libkernel.a(timeout.c.obj)
                0x0804e1d4                z_timeout_inflight_superseded
 .text.sys_clock_announce_locked
                0x0804e278      0x134 zephyr/kernel/libkernel.a(timeout.c.obj)
                0x0804e278                sys_clock_announce_locked
 .text.sys_clock_tick_get
                0x0804e3ac       0xb0 zephyr/kernel/libkernel.a(timeout.c.obj)
                0x0804e3ac                sys_clock_tick_get
 .text.z_timer_expiration_handler
                0x0804e45c      0x240 zephyr/kernel/libkernel.a(timer.c.obj)
                0x0804e45c                z_timer_expiration_handler
 .text.z_impl_k_timer_start
                0x0804e69c       0xac zephyr/kernel/libkernel.a(timer.c.obj)
                0x0804e69c                z_impl_k_timer_start
 .text.z_impl_k_timer_stop
                0x0804e748      0x120 zephyr/kernel/libkernel.a(timer.c.obj)
                0x0804e748                z_impl_k_timer_stop
 .text.k_event_post_internal
                0x0804e868       0x9c zephyr/kernel/libkernel.a(events.c.obj)
 .text.sys_work_q_init
                0x0804e904       0x2c zephyr/kernel/libkernel.a(system_work_q.c.obj)
 .text.memmove  0x0804e930      0x1c8 C:/Users/Administrator/zephyr-sdk-1.0.1/gnu/arm-zephyr-eabi/bin/../lib/gcc/arm-zephyr-eabi/14.3.0/../../../../arm-zephyr-eabi/lib/thumb/v7e-m/nofp\libc.a(memmove.c.o)
                0x0804e930                __aeabi_memmove8
                0x0804e930                __aeabi_memmove
                0x0804e930                __aeabi_memmove4
                0x0804e930                memmove
 .text.memset   0x0804eaf8       0xb0 C:/Users/Administrator/zephyr-sdk-1.0.1/gnu/arm-zephyr-eabi/bin/../lib/gcc/arm-zephyr-eabi/14.3.0/../../../../arm-zephyr-eabi/lib/thumb/v7e-m/nofp\libc.a(memset.c.o)
                0x0804eaf8                memset
 .text.tolower  0x0804eba8       0x14 C:/Users/Administrator/zephyr-sdk-1.0.1/gnu/arm-zephyr-eabi/bin/../lib/gcc/arm-zephyr-eabi/14.3.0/../../../../arm-zephyr-eabi/lib/thumb/v7e-m/nofp\libc.a(libc_ctype_tolower.c.o)
                0x0804eba8                tolower
 .text.memcmp   0x0804ebbc       0x5c C:/Users/Administrator/zephyr-sdk-1.0.1/gnu/arm-zephyr-eabi/bin/../lib/gcc/arm-zephyr-eabi/14.3.0/../../../../arm-zephyr-eabi/lib/thumb/v7e-m/nofp\libc.a(libc_string_memcmp.c.o)
                0x0804ebbc                memcmp
 .text.strchr   0x0804ec18       0xd0 C:/Users/Administrator/zephyr-sdk-1.0.1/gnu/arm-zephyr-eabi/bin/../lib/gcc/arm-zephyr-eabi/14.3.0/../../../../arm-zephyr-eabi/lib/thumb/v7e-m/nofp\libc.a(libc_string_strchr.c.o)
                0x0804ec18                strchr
 .text._strerror_r
                0x0804ece8      0x45c C:/Users/Administrator/zephyr-sdk-1.0.1/gnu/arm-zephyr-eabi/bin/../lib/gcc/arm-zephyr-eabi/14.3.0/../../../../arm-zephyr-eabi/lib/thumb/v7e-m/nofp\libc.a(libc_string_strerror.c.o)
                0x0804ece8                _strerror_r
 .text.strerror
                0x0804f144        0x8 C:/Users/Administrator/zephyr-sdk-1.0.1/gnu/arm-zephyr-eabi/bin/../lib/gcc/arm-zephyr-eabi/14.3.0/../../../../arm-zephyr-eabi/lib/thumb/v7e-m/nofp\libc.a(libc_string_strerror.c.o)
                0x0804f144                strerror
 .text.strncmp  0x0804f14c       0x78 C:/Users/Administrator/zephyr-sdk-1.0.1/gnu/arm-zephyr-eabi/bin/../lib/gcc/arm-zephyr-eabi/14.3.0/../../../../arm-zephyr-eabi/lib/thumb/v7e-m/nofp\libc.a(libc_string_strncmp.c.o)
                0x0804f14c                strncmp
 .text.strncpy  0x0804f1c4       0x58 C:/Users/Administrator/zephyr-sdk-1.0.1/gnu/arm-zephyr-eabi/bin/../lib/gcc/arm-zephyr-eabi/14.3.0/../../../../arm-zephyr-eabi/lib/thumb/v7e-m/nofp\libc.a(libc_string_strncpy.c.o)
                0x0804f1c4                strncpy
 .text.strnlen  0x0804f21c       0x24 C:/Users/Administrator/zephyr-sdk-1.0.1/gnu/arm-zephyr-eabi/bin/../lib/gcc/arm-zephyr-eabi/14.3.0/../../../../arm-zephyr-eabi/lib/thumb/v7e-m/nofp\libc.a(libc_string_strnlen.c.o)
                0x0804f21c                strnlen
 .text.two_way_long_needle
                0x0804f240      0x2c0 C:/Users/Administrator/zephyr-sdk-1.0.1/gnu/arm-zephyr-eabi/bin/../lib/gcc/arm-zephyr-eabi/14.3.0/../../../../arm-zephyr-eabi/lib/thumb/v7e-m/nofp\libc.a(libc_string_strstr.c.o)
 .text.strstr   0x0804f500      0x15c C:/Users/Administrator/zephyr-sdk-1.0.1/gnu/arm-zephyr-eabi/bin/../lib/gcc/arm-zephyr-eabi/14.3.0/../../../../arm-zephyr-eabi/lib/thumb/v7e-m/nofp\libc.a(libc_string_strstr.c.o)
                0x0804f500                strstr
 .text.printf   0x0804f65c       0x24 C:/Users/Administrator/zephyr-sdk-1.0.1/gnu/arm-zephyr-eabi/bin/../lib/gcc/arm-zephyr-eabi/14.3.0/../../../../arm-zephyr-eabi/lib/thumb/v7e-m/nofp\libc.a(libc_tinystdio_printf.c.o)
                0x0804f65c                printf
 .text.snprintf
                0x0804f680       0x68 C:/Users/Administrator/zephyr-sdk-1.0.1/gnu/arm-zephyr-eabi/bin/../lib/gcc/arm-zephyr-eabi/14.3.0/../../../../arm-zephyr-eabi/lib/thumb/v7e-m/nofp\libc.a(libc_tinystdio_snprintf.c.o)
                0x0804f680                snprintf
 .text.sscanf   0x0804f6e8       0x40 C:/Users/Administrator/zephyr-sdk-1.0.1/gnu/arm-zephyr-eabi/bin/../lib/gcc/arm-zephyr-eabi/14.3.0/../../../../arm-zephyr-eabi/lib/thumb/v7e-m/nofp\libc.a(libc_tinystdio_sscanf.c.o)
                0x0804f6e8                sscanf
 .text.strtoul  0x0804f728       0xdc C:/Users/Administrator/zephyr-sdk-1.0.1/gnu/arm-zephyr-eabi/bin/../lib/gcc/arm-zephyr-eabi/14.3.0/../../../../arm-zephyr-eabi/lib/thumb/v7e-m/nofp\libc.a(libc_tinystdio_strtoul.c.o)
                0x0804f728                strtoul
 .text.strtoull
                0x0804f804      0x10c C:/Users/Administrator/zephyr-sdk-1.0.1/gnu/arm-zephyr-eabi/bin/../lib/gcc/arm-zephyr-eabi/14.3.0/../../../../arm-zephyr-eabi/lib/thumb/v7e-m/nofp\libc.a(libc_tinystdio_strtoull.c.o)
                0x0804f804                strtoull
 .text.__ultoa_invert
                0x0804f910       0xfc C:/Users/Administrator/zephyr-sdk-1.0.1/gnu/arm-zephyr-eabi/bin/../lib/gcc/arm-zephyr-eabi/14.3.0/../../../../arm-zephyr-eabi/lib/thumb/v7e-m/nofp\libc.a(libc_tinystdio_vflprintf.c.o)
 .text.__l_vfprintf
                0x0804fa0c      0x9b4 C:/Users/Administrator/zephyr-sdk-1.0.1/gnu/arm-zephyr-eabi/bin/../lib/gcc/arm-zephyr-eabi/14.3.0/../../../../arm-zephyr-eabi/lib/thumb/v7e-m/nofp\libc.a(libc_tinystdio_vflprintf.c.o)
                0x0804fa0c                __l_vfprintf
 .text.__l_vfscanf
                0x080503c0      0x6d4 C:/Users/Administrator/zephyr-sdk-1.0.1/gnu/arm-zephyr-eabi/bin/../lib/gcc/arm-zephyr-eabi/14.3.0/../../../../arm-zephyr-eabi/lib/thumb/v7e-m/nofp\libc.a(libc_tinystdio_vflscanf.c.o)
                0x080503c0                __l_vfscanf
 .text.getc     0x08050a94       0x50 C:/Users/Administrator/zephyr-sdk-1.0.1/gnu/arm-zephyr-eabi/bin/../lib/gcc/arm-zephyr-eabi/14.3.0/../../../../arm-zephyr-eabi/lib/thumb/v7e-m/nofp\libc.a(libc_tinystdio_fgetc.c.o)
                0x08050a94                getc
                0x08050a94                fgetc
                0x08050a94                getc_unlocked
 .text.__file_str_get
                0x08050ae4       0x14 C:/Users/Administrator/zephyr-sdk-1.0.1/gnu/arm-zephyr-eabi/bin/../lib/gcc/arm-zephyr-eabi/14.3.0/../../../../arm-zephyr-eabi/lib/thumb/v7e-m/nofp\libc.a(libc_tinystdio_filestrget.c.o)
                0x08050ae4                __file_str_get
 .text.__file_str_put
                0x08050af8       0x10 C:/Users/Administrator/zephyr-sdk-1.0.1/gnu/arm-zephyr-eabi/bin/../lib/gcc/arm-zephyr-eabi/14.3.0/../../../../arm-zephyr-eabi/lib/thumb/v7e-m/nofp\libc.a(libc_tinystdio_filestrput.c.o)
                0x08050af8                __file_str_put
 .text.ungetc   0x08050b08       0x3c C:/Users/Administrator/zephyr-sdk-1.0.1/gnu/arm-zephyr-eabi/bin/../lib/gcc/arm-zephyr-eabi/14.3.0/../../../../arm-zephyr-eabi/lib/thumb/v7e-m/nofp\libc.a(libc_tinystdio_ungetc.c.o)
                0x08050b08                ungetc
 .text._OffsetAbsSyms
                0x08050b44        0xc zephyr/CMakeFiles/offsets.dir/./arch/arm/core/offsets/offsets.c.obj
                0x08050b44                _OffsetAbsSyms
 .text.z_impl_rtc_set_time
                0x08050b50       0x20 app/libapp.a(app_shell.c.obj)
 .text.z_impl_rtc_get_time
                0x08050b70       0x20 app/libapp.a(app_shell.c.obj)
 .text.rtc_set_time
                0x08050b90       0x1c app/libapp.a(app_shell.c.obj)
 .text.rtc_get_time
                0x08050bac       0x1c app/libapp.a(app_shell.c.obj)
 .text.shell_cleanup_before_reboot
                0x08050bc8        0xc app/libapp.a(app_shell.c.obj)
                0x08050bc8                shell_cleanup_before_reboot
 .text.big_heap_chunks
                0x08050bd4       0x22 zephyr/libzephyr.a(heap.c.obj)
 .text.big_heap_bytes
                0x08050bf6       0x1c zephyr/libzephyr.a(heap.c.obj)
 .text.big_heap
                0x08050c12       0x1c zephyr/libzephyr.a(heap.c.obj)
 .text.chunk_buf
                0x08050c2e       0x14 zephyr/libzephyr.a(heap.c.obj)
 .text.chunk_field
                0x08050c42       0x4a zephyr/libzephyr.a(heap.c.obj)
 .text.chunk_set
                0x08050c8c       0x52 zephyr/libzephyr.a(heap.c.obj)
 .text.chunk_used
                0x08050cde       0x2c zephyr/libzephyr.a(heap.c.obj)
 .text.chunk_size
                0x08050d0a       0x20 zephyr/libzephyr.a(heap.c.obj)
 .text.set_chunk_used
                0x08050d2a       0x8a zephyr/libzephyr.a(heap.c.obj)
 .text.set_chunk_size
                0x08050db4       0x22 zephyr/libzephyr.a(heap.c.obj)
 .text.prev_free_chunk
                0x08050dd6       0x1e zephyr/libzephyr.a(heap.c.obj)
 .text.next_free_chunk
                0x08050df4       0x1e zephyr/libzephyr.a(heap.c.obj)
 .text.set_prev_free_chunk
                0x08050e12       0x20 zephyr/libzephyr.a(heap.c.obj)
 .text.set_next_free_chunk
                0x08050e32       0x20 zephyr/libzephyr.a(heap.c.obj)
 .text.left_chunk
                0x08050e52       0x22 zephyr/libzephyr.a(heap.c.obj)
 .text.right_chunk
                0x08050e74       0x20 zephyr/libzephyr.a(heap.c.obj)
 .text.set_left_chunk_size
                0x08050e94       0x20 zephyr/libzephyr.a(heap.c.obj)
 .text.chunk_header_bytes
                0x08050eb4       0x22 zephyr/libzephyr.a(heap.c.obj)
 .text.heap_footer_bytes
                0x08050ed6       0x22 zephyr/libzephyr.a(heap.c.obj)
 .text.chunksz  0x08050ef8       0x18 zephyr/libzephyr.a(heap.c.obj)
 .text.min_chunk_size
                0x08050f10       0x22 zephyr/libzephyr.a(heap.c.obj)
 .text.undersized_chunk
                0x08050f32       0x40 zephyr/libzephyr.a(heap.c.obj)
 .text.bucket_idx
                0x08050f72       0x2c zephyr/libzephyr.a(heap.c.obj)
 .text.chunk_mem
                0x08050f9e       0x30 zephyr/libzephyr.a(heap.c.obj)
 .text.free_list_remove_bidx
                0x08050fce       0x7a zephyr/libzephyr.a(heap.c.obj)
 .text.free_list_remove
                0x08051048       0x44 zephyr/libzephyr.a(heap.c.obj)
 .text.free_list_add_bidx
                0x0805108c       0x8e zephyr/libzephyr.a(heap.c.obj)
 .text.free_list_add
                0x0805111a       0x44 zephyr/libzephyr.a(heap.c.obj)
 .text.free_chunk_check
                0x0805115e       0x18 zephyr/libzephyr.a(heap.c.obj)
 .text.split_chunks
                0x08051176       0x60 zephyr/libzephyr.a(heap.c.obj)
 .text.merge_chunks
                0x080511d6       0x4a zephyr/libzephyr.a(heap.c.obj)
 .text.free_chunk
                0x08051220       0x92 zephyr/libzephyr.a(heap.c.obj)
 .text.mem_to_chunkid
                0x080512b2       0x32 zephyr/libzephyr.a(heap.c.obj)
 .text.sys_heap_free
                0x080512e4       0xaa zephyr/libzephyr.a(heap.c.obj)
                0x080512e4                sys_heap_free
 .text.alloc_chunk
                0x0805138e       0xd8 zephyr/libzephyr.a(heap.c.obj)
 .text.sys_heap_alloc
                0x08051466       0xcc zephyr/libzephyr.a(heap.c.obj)
                0x08051466                sys_heap_alloc
 .text.sys_heap_noalign_alloc
                0x08051532       0x1e zephyr/libzephyr.a(heap.c.obj)
                0x08051532                sys_heap_noalign_alloc
 .text.sys_heap_init
                0x08051550       0xf8 zephyr/libzephyr.a(heap.c.obj)
                0x08051550                sys_heap_init
 .text.boot_banner
                0x08051648        0xe zephyr/libzephyr.a(boot_banner.c.obj)
 .text.cbprintf_via_va_list
                0x08051656       0x28 zephyr/libzephyr.a(cbprintf_packaged.c.obj)
 .text.cbpprintf_external
                0x0805167e       0xb2 zephyr/libzephyr.a(cbprintf_packaged.c.obj)
                0x0805167e                cbpprintf_external
 .text.k_is_user_context
                0x08051730        0xe zephyr/libzephyr.a(printk.c.obj)
 .text.k_str_out
                0x0805173e       0x1a zephyr/libzephyr.a(printk.c.obj)
 .text.arch_printk_char_out
                0x08051758       0x14 zephyr/libzephyr.a(printk.c.obj)
                0x08051758                arch_printk_char_out
 .text.printk_panic
                0x0805176c        0xc zephyr/libzephyr.a(printk.c.obj)
                0x0805176c                printk_panic
 .text.buf_flush
                0x08051778       0x28 zephyr/libzephyr.a(printk.c.obj)
 .text.buf_char_out
                0x080517a0       0x40 zephyr/libzephyr.a(printk.c.obj)
 .text.vprintk  0x080517e0       0x2c zephyr/libzephyr.a(printk.c.obj)
                0x080517e0                vprintk
 .text.z_impl_k_str_out
                0x0805180c       0x1a zephyr/libzephyr.a(printk.c.obj)
                0x0805180c                z_impl_k_str_out
 .text.printk   0x08051826       0x24 zephyr/libzephyr.a(printk.c.obj)
                0x08051826                printk
 .text.k_cpu_idle
                0x0805184a        0xc zephyr/libzephyr.a(reboot.c.obj)
 .text.ring_buf_space_get
                0x08051856       0x26 zephyr/libzephyr.a(ring_buffer.c.obj)
 .text.ring_buf_size_get
                0x0805187c       0x20 zephyr/libzephyr.a(ring_buffer.c.obj)
 .text.ring_buf_put_claim
                0x0805189c       0x34 zephyr/libzephyr.a(ring_buffer.c.obj)
 .text.ring_buf_put_finish
                0x080518d0       0x22 zephyr/libzephyr.a(ring_buffer.c.obj)
 .text.ring_buf_get_claim
                0x080518f2       0x36 zephyr/libzephyr.a(ring_buffer.c.obj)
 .text.ring_buf_get_finish
                0x08051928       0x22 zephyr/libzephyr.a(ring_buffer.c.obj)
 .text.ring_buf_area_claim
                0x0805194a       0x82 zephyr/libzephyr.a(ring_buffer.c.obj)
                0x0805194a                ring_buf_area_claim
 .text.ring_buf_area_finish
                0x080519cc       0x86 zephyr/libzephyr.a(ring_buffer.c.obj)
                0x080519cc                ring_buf_area_finish
 .text.ring_buf_put
                0x08051a52       0x68 zephyr/libzephyr.a(ring_buffer.c.obj)
                0x08051a52                ring_buf_put
 .text.ring_buf_get
                0x08051aba       0x6e zephyr/libzephyr.a(ring_buffer.c.obj)
                0x08051aba                ring_buf_get
 .text._ConfigAbsSyms
                0x08051b28        0xc zephyr/libzephyr.a(configs.c.obj)
                0x08051b28                _ConfigAbsSyms
 .text.st_stm32_common_config
                0x08051b34       0x12 zephyr/libzephyr.a(soc_config.c.obj)
 .text.LL_GPIO_SetPinMode
                0x08051b46       0x3e zephyr/libzephyr.a(gpioport_mgr.c.obj)
 .text.LL_GPIO_SetPinOutputType
                0x08051b84       0x2e zephyr/libzephyr.a(gpioport_mgr.c.obj)
 .text.LL_GPIO_SetPinSpeed
                0x08051bb2       0x3e zephyr/libzephyr.a(gpioport_mgr.c.obj)
 .text.LL_GPIO_SetPinPull
                0x08051bf0       0x3e zephyr/libzephyr.a(gpioport_mgr.c.obj)
 .text.LL_GPIO_SetAFPin_0_7
                0x08051c2e       0x56 zephyr/libzephyr.a(gpioport_mgr.c.obj)
 .text.LL_GPIO_SetAFPin_8_15
                0x08051c84       0x6a zephyr/libzephyr.a(gpioport_mgr.c.obj)
 .text.LL_GPIO_SetOutputPin
                0x08051cee       0x1a zephyr/libzephyr.a(gpioport_mgr.c.obj)
 .text.LL_GPIO_ResetOutputPin
                0x08051d08       0x1c zephyr/libzephyr.a(gpioport_mgr.c.obj)
 .text.device_is_ready
                0x08051d24       0x18 zephyr/libzephyr.a(gpioport_mgr.c.obj)
 .text.z_stm32_hsem_lock
                0x08051d3c       0x14 zephyr/libzephyr.a(gpioport_mgr.c.obj)
 .text.z_stm32_hsem_unlock
                0x08051d50       0x12 zephyr/libzephyr.a(gpioport_mgr.c.obj)
 .text.clock_control_on
                0x08051d62       0x32 zephyr/libzephyr.a(gpioport_mgr.c.obj)
 .text.clock_control_off
                0x08051d94       0x32 zephyr/libzephyr.a(gpioport_mgr.c.obj)
 .text.stm32_gpiomgr_pinnum_to_ll_val
                0x08051dc6       0x20 zephyr/libzephyr.a(gpioport_mgr.c.obj)
 .text.pm_device_driver_init
                0x08051de6       0x44 zephyr/libzephyr.a(gpioport_mgr.c.obj)
 .text.ll_gpio_set_pin_pull
                0x08051e2a       0x1e zephyr/libzephyr.a(gpioport_mgr.c.obj)
 .text.stm32_gpioport_configure_pin
                0x08051e48      0x106 zephyr/libzephyr.a(gpioport_mgr.c.obj)
                0x08051e48                stm32_gpioport_configure_pin
 .text.atomic_cas
                0x08051f4e       0x4c zephyr/libzephyr.a(stm32_backup_domain.c.obj)
 .text.arch_k_cycle_get_32
                0x08051f9a        0xe zephyr/libzephyr.a(cycles.c.obj)
 .text.k_cycle_get_32
                0x08051fa8        0xe zephyr/libzephyr.a(cycles.c.obj)
 .text.k_sleep  0x08051fb6       0x42 zephyr/libzephyr.a(sleep.c.obj)
 .text.k_msleep
                0x08051ff8       0x58 zephyr/libzephyr.a(sleep.c.obj)
 .text.k_sleep_ticks
                0x08052050       0x20 zephyr/libzephyr.a(sleep.c.obj)
 .text.k_uptime_get
                0x08052070       0x26 zephyr/libzephyr.a(uptime.c.obj)
 .text.k_uptime_ticks
                0x08052096       0x12 zephyr/libzephyr.a(uptime.c.obj)
 .text.cmd_kernel_reboot_warm
                0x080520a8       0x12 zephyr/libzephyr.a(reboot.c.obj)
 .text.cmd_kernel_reboot_cold
                0x080520ba       0x12 zephyr/libzephyr.a(reboot.c.obj)
 .text.thread_valid_cb
                0x080520cc       0x28 zephyr/libzephyr.a(thread.c.obj)
 .text.k_thread_stack_space_get
                0x080520f4       0x1c zephyr/libzephyr.a(list.c.obj)
 .text.sys_clock_lock
                0x08052110       0x32 zephyr/libzephyr.a(list.c.obj)
 .text.sys_clock_unlock
                0x08052142       0x2a zephyr/libzephyr.a(list.c.obj)
 .text.K_KERNEL_STACK_BUFFER
                0x0805216c       0x16 zephyr/libzephyr.a(stacks.c.obj)
 .text.k_thread_stack_space_get
                0x08052182       0x1c zephyr/libzephyr.a(stacks.c.obj)
 .text.k_thread_suspend
                0x0805219e       0x16 zephyr/libzephyr.a(suspend.c.obj)
 .text.k_thread_resume
                0x080521b4       0x16 zephyr/libzephyr.a(resume.c.obj)
 .text.k_thread_abort
                0x080521ca       0x16 zephyr/libzephyr.a(kill.c.obj)
 .text.device_get_dt_nodelabels
                0x080521e0       0x24 zephyr/libzephyr.a(device_service.c.obj)
 .text.device_is_ready
                0x08052204       0x18 zephyr/libzephyr.a(device_service.c.obj)
 .text.device_init
                0x0805221c       0x18 zephyr/libzephyr.a(device_service.c.obj)
 .text.pm_device_runtime_usage
                0x08052234       0x16 zephyr/libzephyr.a(device_service.c.obj)
 .text.sys_put_le16
                0x0805224a       0x2c zephyr/libzephyr.a(devmem_service.c.obj)
 .text.sys_put_le32
                0x08052276       0x30 zephyr/libzephyr.a(devmem_service.c.obj)
 .text.is_ascii
                0x080522a6       0x44 zephyr/libzephyr.a(devmem_service.c.obj)
 .text.ring_buf_internal_reset
                0x080522ea       0x3a zephyr/libzephyr.a(shell_uart.c.obj)
 .text.ring_buf_init
                0x08052324       0x28 zephyr/libzephyr.a(shell_uart.c.obj)
 .text.ring_buf_space_get
                0x0805234c       0x26 zephyr/libzephyr.a(shell_uart.c.obj)
 .text.ring_buf_size_get
                0x08052372       0x20 zephyr/libzephyr.a(shell_uart.c.obj)
 .text.ring_buf_put_claim
                0x08052392       0x34 zephyr/libzephyr.a(shell_uart.c.obj)
 .text.ring_buf_put_finish
                0x080523c6       0x22 zephyr/libzephyr.a(shell_uart.c.obj)
 .text.ring_buf_get_claim
                0x080523e8       0x36 zephyr/libzephyr.a(shell_uart.c.obj)
 .text.ring_buf_get_finish
                0x0805241e       0x22 zephyr/libzephyr.a(shell_uart.c.obj)
 .text.atomic_set
                0x08052440       0x2e zephyr/libzephyr.a(shell_uart.c.obj)
 .text.device_is_ready
                0x0805246e       0x18 zephyr/libzephyr.a(shell_uart.c.obj)
 .text.k_timer_start
                0x08052486       0x26 zephyr/libzephyr.a(shell_uart.c.obj)
 .text.k_timer_stop
                0x080524ac       0x16 zephyr/libzephyr.a(shell_uart.c.obj)
 .text.z_impl_uart_poll_out
                0x080524c2       0x22 zephyr/libzephyr.a(shell_uart.c.obj)
 .text.uart_fifo_fill
                0x080524e4       0x36 zephyr/libzephyr.a(shell_uart.c.obj)
 .text.uart_fifo_read
                0x0805251a       0x36 zephyr/libzephyr.a(shell_uart.c.obj)
 .text.z_impl_uart_irq_tx_enable
                0x08052550       0x26 zephyr/libzephyr.a(shell_uart.c.obj)
 .text.z_impl_uart_irq_tx_disable
                0x08052576       0x26 zephyr/libzephyr.a(shell_uart.c.obj)
 .text.uart_irq_tx_ready
                0x0805259c       0x2e zephyr/libzephyr.a(shell_uart.c.obj)
 .text.z_impl_uart_irq_rx_enable
                0x080525ca       0x26 zephyr/libzephyr.a(shell_uart.c.obj)
 .text.z_impl_uart_irq_rx_disable
                0x080525f0       0x26 zephyr/libzephyr.a(shell_uart.c.obj)
 .text.uart_irq_rx_ready
                0x08052616       0x2e zephyr/libzephyr.a(shell_uart.c.obj)
 .text.uart_irq_update
                0x08052644       0x26 zephyr/libzephyr.a(shell_uart.c.obj)
 .text.uart_irq_callback_user_data_set
                0x0805266a       0x3c zephyr/libzephyr.a(shell_uart.c.obj)
 .text.uart_poll_out
                0x080526a6       0x1e zephyr/libzephyr.a(shell_uart.c.obj)
 .text.uart_irq_tx_enable
                0x080526c4       0x16 zephyr/libzephyr.a(shell_uart.c.obj)
 .text.uart_irq_tx_disable
                0x080526da       0x16 zephyr/libzephyr.a(shell_uart.c.obj)
 .text.uart_irq_rx_enable
                0x080526f0       0x16 zephyr/libzephyr.a(shell_uart.c.obj)
 .text.uart_irq_rx_disable
                0x08052706       0x16 zephyr/libzephyr.a(shell_uart.c.obj)
 .text.pm_device_runtime_get
                0x0805271c       0x14 zephyr/libzephyr.a(shell_uart.c.obj)
 .text.pm_device_runtime_put
                0x08052730       0x14 zephyr/libzephyr.a(shell_uart.c.obj)
 .text.uart_rx_handle
                0x08052744       0x92 zephyr/libzephyr.a(shell_uart.c.obj)
 .text.uart_dtr_check
                0x080527d6       0x14 zephyr/libzephyr.a(shell_uart.c.obj)
 .text.uart_tx_handle
                0x080527ea       0xaa zephyr/libzephyr.a(shell_uart.c.obj)
 .text.uart_callback
                0x08052894       0x44 zephyr/libzephyr.a(shell_uart.c.obj)
 .text.init     0x080528d8       0x50 zephyr/libzephyr.a(shell_uart.c.obj)
 .text.irq_uninit
                0x08052928       0x2c zephyr/libzephyr.a(shell_uart.c.obj)
 .text.uninit   0x08052954       0x2c zephyr/libzephyr.a(shell_uart.c.obj)
 .text.enable   0x08052980       0x32 zephyr/libzephyr.a(shell_uart.c.obj)
 .text.polling_write
                0x080529b2       0x56 zephyr/libzephyr.a(shell_uart.c.obj)
 .text.irq_write
                0x08052a08       0x48 zephyr/libzephyr.a(shell_uart.c.obj)
 .text.write_uart
                0x08052a50       0x44 zephyr/libzephyr.a(shell_uart.c.obj)
 .text.irq_read
                0x08052a94       0x2c zephyr/libzephyr.a(shell_uart.c.obj)
 .text.read_uart
                0x08052ac0       0x26 zephyr/libzephyr.a(shell_uart.c.obj)
 .text.atomic_or
                0x08052ae6       0x32 zephyr/libzephyr.a(shell.c.obj)
 .text.atomic_and
                0x08052b18       0x32 zephyr/libzephyr.a(shell.c.obj)
 .text.k_event_test
                0x08052b4a       0x2c zephyr/libzephyr.a(shell.c.obj)
 .text.k_thread_create
                0x08052b76       0x40 zephyr/libzephyr.a(shell.c.obj)
 .text.k_thread_abort
                0x08052bb6       0x16 zephyr/libzephyr.a(shell.c.obj)
 .text.k_thread_name_set
                0x08052bcc       0x1c zephyr/libzephyr.a(shell.c.obj)
 .text.k_event_init
                0x08052be8       0x16 zephyr/libzephyr.a(shell.c.obj)
 .text.k_event_post
                0x08052bfe       0x1c zephyr/libzephyr.a(shell.c.obj)
 .text.k_event_clear
                0x08052c1a       0x1c zephyr/libzephyr.a(shell.c.obj)
 .text.k_event_wait
                0x08052c36       0x2c zephyr/libzephyr.a(shell.c.obj)
 .text.k_sem_init
                0x08052c62       0x20 zephyr/libzephyr.a(shell.c.obj)
 .text.k_sem_take
                0x08052c82       0x20 zephyr/libzephyr.a(shell.c.obj)
 .text.k_sem_give
                0x08052ca2       0x16 zephyr/libzephyr.a(shell.c.obj)
 .text.z_shell_history_active
                0x08052cb8       0x20 zephyr/libzephyr.a(shell.c.obj)
 .text.z_shell_strlen
                0x08052cd8       0x24 zephyr/libzephyr.a(shell.c.obj)
 .text.z_transport_buffer_flush
                0x08052cfc       0x1a zephyr/libzephyr.a(shell.c.obj)
 .text.z_shell_in_select_mode
                0x08052d16       0x22 zephyr/libzephyr.a(shell.c.obj)
 .text.z_shell_raw_fprintf
                0x08052d38       0x28 zephyr/libzephyr.a(shell.c.obj)
 .text.z_flag_insert_mode_get
                0x08052d60       0x20 zephyr/libzephyr.a(shell.c.obj)
 .text.z_flag_insert_mode_set
                0x08052d80       0x5a zephyr/libzephyr.a(shell.c.obj)
 .text.z_flag_use_vt100_get
                0x08052dda       0x20 zephyr/libzephyr.a(shell.c.obj)
 .text.z_flag_echo_get
                0x08052dfa       0x20 zephyr/libzephyr.a(shell.c.obj)
 .text.z_flag_processing_get
                0x08052e1a       0x20 zephyr/libzephyr.a(shell.c.obj)
 .text.z_flag_processing_set
                0x08052e3a       0x5a zephyr/libzephyr.a(shell.c.obj)
 .text.z_flag_tx_rdy_set
                0x08052e94       0x64 zephyr/libzephyr.a(shell.c.obj)
 .text.z_flag_mode_delete_get
                0x08052ef8       0x20 zephyr/libzephyr.a(shell.c.obj)
 .text.z_flag_history_exit_get
                0x08052f18       0x20 zephyr/libzephyr.a(shell.c.obj)
 .text.z_flag_history_exit_set
                0x08052f38       0x64 zephyr/libzephyr.a(shell.c.obj)
 .text.z_flag_cmd_ctx_get